Archive member included to satisfy reference by file (symbol)

d:/stm32environment/arm/bin/../lib/gcc/arm-none-eabi/10.3.1/thumb/v7-m/nofp\libgcc.a(_arm_mulsf3.o)
                              CMakeFiles/car_project1.elf.dir/modules/Src/dwt.c.obj (__aeabi_fmul)
d:/stm32environment/arm/bin/../lib/gcc/arm-none-eabi/10.3.1/thumb/v7-m/nofp\libgcc.a(_arm_addsubdf3.o)
                              CMakeFiles/car_project1.elf.dir/modules/Src/dwt.c.obj (__aeabi_ui2d)
d:/stm32environment/arm/bin/../lib/gcc/arm-none-eabi/10.3.1/thumb/v7-m/nofp\libgcc.a(_arm_muldivdf3.o)
                              CMakeFiles/car_project1.elf.dir/modules/Src/dwt.c.obj (__aeabi_ddiv)
d:/stm32environment/arm/bin/../lib/gcc/arm-none-eabi/10.3.1/thumb/v7-m/nofp\libgcc.a(_arm_addsubsf3.o)
                              CMakeFiles/car_project1.elf.dir/modules/Src/pid.c.obj (__aeabi_fsub)
d:/stm32environment/arm/bin/../lib/gcc/arm-none-eabi/10.3.1/thumb/v7-m/nofp\libgcc.a(_arm_muldivsf3.o)
                              CMakeFiles/car_project1.elf.dir/modules/Src/dwt.c.obj (__aeabi_fdiv)
d:/stm32environment/arm/bin/../lib/gcc/arm-none-eabi/10.3.1/thumb/v7-m/nofp\libgcc.a(_arm_cmpsf2.o)
                              CMakeFiles/car_project1.elf.dir/modules/Src/pid.c.obj (__aeabi_fcmplt)
d:/stm32environment/arm/bin/../lib/gcc/arm-none-eabi/10.3.1/thumb/v7-m/nofp\libgcc.a(_aeabi_uldivmod.o)
                              CMakeFiles/car_project1.elf.dir/modules/Src/dwt.c.obj (__aeabi_uldivmod)
d:/stm32environment/arm/bin/../lib/gcc/arm-none-eabi/10.3.1/thumb/v7-m/nofp\libgcc.a(_fixunssfdi.o)
                              CMakeFiles/car_project1.elf.dir/modules/Src/dwt.c.obj (__aeabi_f2ulz)
d:/stm32environment/arm/bin/../lib/gcc/arm-none-eabi/10.3.1/thumb/v7-m/nofp\libgcc.a(_udivmoddi4.o)
                              d:/stm32environment/arm/bin/../lib/gcc/arm-none-eabi/10.3.1/thumb/v7-m/nofp\libgcc.a(_aeabi_uldivmod.o) (__udivmoddi4)
d:/stm32environment/arm/bin/../lib/gcc/arm-none-eabi/10.3.1/thumb/v7-m/nofp\libgcc.a(_dvmd_tls.o)
                              d:/stm32environment/arm/bin/../lib/gcc/arm-none-eabi/10.3.1/thumb/v7-m/nofp\libgcc.a(_aeabi_uldivmod.o) (__aeabi_ldiv0)
d:/stm32environment/arm/bin/../lib/gcc/arm-none-eabi/10.3.1/thumb/v7-m/nofp\libgcc.a(_arm_fixunsdfsi.o)
                              d:/stm32environment/arm/bin/../lib/gcc/arm-none-eabi/10.3.1/thumb/v7-m/nofp\libgcc.a(_fixunssfdi.o) (__aeabi_d2uiz)
d:/stm32environment/arm/bin/../lib/gcc/arm-none-eabi/10.3.1/../../../../arm-none-eabi/lib/thumb/v7-m/nofp\libg.a(lib_a-errno.o)
                              CMakeFiles/car_project1.elf.dir/Core/Src/syscalls.c.obj (__errno)
d:/stm32environment/arm/bin/../lib/gcc/arm-none-eabi/10.3.1/../../../../arm-none-eabi/lib/thumb/v7-m/nofp\libg.a(lib_a-exit.o)
                              d:/stm32environment/arm/bin/../lib/gcc/arm-none-eabi/10.3.1/../../../../arm-none-eabi/lib/thumb/v7-m/nofp/crt0.o (exit)
d:/stm32environment/arm/bin/../lib/gcc/arm-none-eabi/10.3.1/../../../../arm-none-eabi/lib/thumb/v7-m/nofp\libg.a(lib_a-impure.o)
                              d:/stm32environment/arm/bin/../lib/gcc/arm-none-eabi/10.3.1/../../../../arm-none-eabi/lib/thumb/v7-m/nofp\libg.a(lib_a-exit.o) (_global_impure_ptr)
d:/stm32environment/arm/bin/../lib/gcc/arm-none-eabi/10.3.1/../../../../arm-none-eabi/lib/thumb/v7-m/nofp\libg.a(lib_a-init.o)
                              d:/stm32environment/arm/bin/../lib/gcc/arm-none-eabi/10.3.1/../../../../arm-none-eabi/lib/thumb/v7-m/nofp/crt0.o (__libc_init_array)
d:/stm32environment/arm/bin/../lib/gcc/arm-none-eabi/10.3.1/../../../../arm-none-eabi/lib/thumb/v7-m/nofp\libg.a(lib_a-malloc.o)
                              CMakeFiles/car_project1.elf.dir/modules/Src/pid.c.obj (malloc)
d:/stm32environment/arm/bin/../lib/gcc/arm-none-eabi/10.3.1/../../../../arm-none-eabi/lib/thumb/v7-m/nofp\libg.a(lib_a-mallocr.o)
                              d:/stm32environment/arm/bin/../lib/gcc/arm-none-eabi/10.3.1/../../../../arm-none-eabi/lib/thumb/v7-m/nofp\libg.a(lib_a-malloc.o) (_malloc_r)
d:/stm32environment/arm/bin/../lib/gcc/arm-none-eabi/10.3.1/../../../../arm-none-eabi/lib/thumb/v7-m/nofp\libg.a(lib_a-memcpy.o)
                              CMakeFiles/car_project1.elf.dir/Middlewares/Third_Party/FreeRTOS/Source/queue.c.obj (memcpy)
d:/stm32environment/arm/bin/../lib/gcc/arm-none-eabi/10.3.1/../../../../arm-none-eabi/lib/thumb/v7-m/nofp\libg.a(lib_a-memset.o)
                              d:/stm32environment/arm/bin/../lib/gcc/arm-none-eabi/10.3.1/../../../../arm-none-eabi/lib/thumb/v7-m/nofp/crt0.o (memset)
d:/stm32environment/arm/bin/../lib/gcc/arm-none-eabi/10.3.1/../../../../arm-none-eabi/lib/thumb/v7-m/nofp\libg.a(lib_a-mlock.o)
                              d:/stm32environment/arm/bin/../lib/gcc/arm-none-eabi/10.3.1/../../../../arm-none-eabi/lib/thumb/v7-m/nofp\libg.a(lib_a-mallocr.o) (__malloc_lock)
[...]
Memory Configuration

Name             Origin             Length             Attributes
RAM              0x20000000         0x00005000         xrw
FLASH            0x08000000         0x00010000         xr
*default*        0x00000000         0xffffffff

Linker script and memory map

LOAD d:/stm32environment/arm/bin/../lib/gcc/arm-none-eabi/10.3.1/thumb/v7-m/nofp/crti.o
LOAD d:/stm32environment/arm/bin/../lib/gcc/arm-none-eabi/10.3.1/thumb/v7-m/nofp/crtbegin.o
LOAD d:/stm32environment/arm/bin/../lib/gcc/arm-none-eabi/10.3.1/../../../../arm-none-eabi/lib/thumb/v7-m/nofp/crt0.o
LOAD CMakeFiles/car_project1.elf.dir/Core/Src/adc.c.obj
LOAD CMakeFiles/car_project1.elf.dir/Core/Src/dma.c.obj
LOAD CMakeFiles/car_project1.elf.dir/Core/Src/freertos.c.obj
LOAD CMakeFiles/car_project1.elf.dir/Core/Src/gpio.c.obj
LOAD CMakeFiles/car_project1.elf.dir/Core/Src/main.c.obj
LOAD CMakeFiles/car_project1.elf.dir/Core/Src/spi.c.obj
LOAD CMakeFiles/car_project1.elf.dir/Core/Src/stm32f1xx_hal_msp.c.obj
LOAD CMakeFiles/car_project1.elf.dir/Core/Src/stm32f1xx_hal_timebase_tim.c.obj
LOAD CMakeFiles/car_project1.elf.dir/Core/Src/stm32f1xx_it.c.obj
LOAD CMakeFiles/car_project1.elf.dir/Core/Src/syscalls.c.obj
LOAD CMakeFiles/car_project1.elf.dir/Core/Src/sysmem.c.obj
LOAD CMakeFiles/car_project1.elf.dir/Core/Src/system_stm32f1xx.c.obj
LOAD CMakeFiles/car_project1.elf.dir/Core/Src/tim.c.obj
LOAD CMakeFiles/car_project1.elf.dir/Core/Src/usart.c.obj
LOAD CMakeFiles/car_project1.elf.dir/Core/Startup/startup_stm32f103c8tx.s.obj
LOAD CMakeFiles/car_project1.elf.dir/Drivers/STM32F1xx_HAL_Driver/Src/stm32f1xx_hal.c.obj
LOAD CMakeFiles/car_project1.elf.dir/Drivers/STM32F1xx_HAL_Driver/Src/stm32f1xx_hal_adc.c.obj
LOAD CMakeFiles/car_project1.elf.dir/Drivers/STM32F1xx_HAL_Driver/Src/stm32f1xx_hal_adc_ex.c.obj
LOAD CMakeFiles/car_project1.elf.dir/Drivers/STM32F1xx_HAL_Driver/Src/stm32f1xx_hal_cortex.c.obj
LOAD CMakeFiles/car_project1.elf.dir/Drivers/STM32F1xx_HAL_Driver/Src/stm32f1xx_hal_dma.c.obj
LOAD CMakeFiles/car_project1.elf.dir/Drivers/STM32F1xx_HAL_Driver/Src/stm32f1xx_hal_exti.c.obj
LOAD CMakeFiles/car_project1.elf.dir/Drivers/STM32F1xx_HAL_Driver/Src/stm32f1xx_hal_flash.c.obj
LOAD CMakeFiles/car_project1.elf.dir/Drivers/STM32F1xx_HAL_Driver/Src/stm32f1xx_hal_flash_ex.c.obj
LOAD CMakeFiles/car_project1.elf.dir/Drivers/STM32F1xx_HAL_Driver/Src/stm32f1xx_hal_gpio.c.obj
LOAD CMakeFiles/car_project1.elf.dir/Drivers/STM32F1xx_HAL_Driver/Src/stm32f1xx_hal_gpio_ex.c.obj
LOAD CMakeFiles/car_project1.elf.dir/Drivers/STM32F1xx_HAL_Driver/Src/stm32f1xx_hal_pwr.c.obj
LOAD CMakeFiles/car_project1.elf.dir/Drivers/STM32F1xx_HAL_Driver/Src/stm32f1xx_hal_rcc.c.obj
LOAD CMakeFiles/car_project1.elf.dir/Drivers/STM32F1xx_HAL_Driver/Src/stm32f1xx_hal_rcc_ex.c.obj
LOAD CMakeFiles/car_project1.elf.dir/Drivers/STM32F1xx_HAL_Driver/Src/stm32f1xx_hal_spi.c.obj
LOAD CMakeFiles/car_project1.elf.dir/Drivers/STM32F1xx_HAL_Driver/Src/stm32f1xx_hal_tim.c.obj
LOAD CMakeFiles/car_project1.elf.dir/Drivers/STM32F1xx_HAL_Driver/Src/stm32f1xx_hal_tim_ex.c.obj
LOAD CMakeFiles/car_project1.elf.dir/Drivers/STM32F1xx_HAL_Driver/Src/stm32f1xx_hal_uart.c.obj
LOAD CMakeFiles/car_project1.elf.dir/Middlewares/Third_Party/FreeRTOS/Source/CMSIS_RTOS/cmsis_os.c.obj
LOAD CMakeFiles/car_project1.elf.dir/Middlewares/Third_Party/FreeRTOS/Source/croutine.c.obj
LOAD CMakeFiles/car_project1.elf.dir/Middlewares/Third_Party/FreeRTOS/Source/event_groups.c.obj
LOAD CMakeFiles/car_project1.elf.dir/Middlewares/Third_Party/FreeRTOS/Source/list.c.obj
LOAD CMakeFiles/car_project1.elf.dir/Middlewares/Third_Party/FreeRTOS/Source/portable/GCC/ARM_CM3/port.c.obj
LOAD CMakeFiles/car_project1.elf.dir/Middlewares/Third_Party/FreeRTOS/Source/portable/MemMang/heap_4.c.obj
LOAD CMakeFiles/car_project1.elf.dir/Middlewares/Third_Party/FreeRTOS/Source/queue.c.obj
LOAD CMakeFiles/car_project1.elf.dir/Middlewares/Third_Party/FreeRTOS/Source/stream_buffer.c.obj
LOAD CMakeFiles/car_project1.elf.dir/Middlewares/Third_Party/FreeRTOS/Source/tasks.c.obj
LOAD CMakeFiles/car_project1.elf.dir/Middlewares/Third_Party/FreeRTOS/Source/timers.c.obj
LOAD CMakeFiles/car_project1.elf.dir/modules/Src/SR04.c.obj
LOAD CMakeFiles/car_project1.elf.dir/modules/Src/dwt.c.obj
LOAD CMakeFiles/car_project1.elf.dir/modules/Src/key.c.obj
LOAD CMakeFiles/car_project1.elf.dir/modules/Src/led.c.obj
LOAD CMakeFiles/car_project1.elf.dir/modules/Src/motor.c.obj
LOAD CMakeFiles/car_project1.elf.dir/modules/Src/music.c.obj
LOAD CMakeFiles/car_project1.elf.dir/modules/Src/oled.c.obj
LOAD CMakeFiles/car_project1.elf.dir/modules/Src/pid.c.obj
START GROUP
LOAD d:/stm32environment/arm/bin/../lib/gcc/arm-none-eabi/10.3.1/thumb/v7-m/nofp\libgcc.a
LOAD d:/stm32environment/arm/bin/../lib/gcc/arm-none-eabi/10.3.1/../../../../arm-none-eabi/lib/thumb/v7-m/nofp\libg.a
LOAD d:/stm32environment/arm/bin/../lib/gcc/arm-none-eabi/10.3.1/../../../../arm-none-eabi/lib/thumb/v7-m/nofp\libc.a
END GROUP
LOAD d:/stm32environment/arm/bin/../lib/gcc/arm-none-eabi/10.3.1/thumb/v7-m/nofp/crtend.o
LOAD d:/stm32environment/arm/bin/../lib/gcc/arm-none-eabi/10.3.1/thumb/v7-m/nofp/crtn.o
                0x20005000                _estack = (ORIGIN (RAM) + LENGTH (RAM))
                0x00000200                _Min_Heap_Size = 0x200
                0x00000400                _Min_Stack_Size = 0x400

.isr_vector     0x08000000      0x10c
                0x08000000                . = ALIGN (0x4)
 *(.isr_vector)
 .isr_vector    0x08000000      0x10c CMakeFiles/car_project1.elf.dir/Core/Startup/startup_stm32f103c8tx.s.obj
                0x08000000                g_pfnVectors
                0x0800010c                . = ALIGN (0x4)

.text           0x08000110     0x3f1c
                0x08000110                . = ALIGN (0x4)
 *(.text)
 .text          0x08000110       0x40 d:/stm32environment/arm/bin/../lib/gcc/arm-none-eabi/10.3.1/thumb/v7-m/nofp/crtbegin.o
 .text          0x08000150       0x30 d:/stm32environment/arm/bin/../lib/gcc/arm-none-eabi/10.3.1/thumb/v7-m/nofp\libgcc.a(_aeabi_uldivmod.o)
                0x08000150                __aeabi_uldivmod
 .text          0x08000180      0x2d4 d:/stm32environment/arm/bin/../lib/gcc/arm-none-eabi/10.3.1/thumb/v7-m/nofp\libgcc.a(_udivmoddi4.o)
                0x08000180                __udivmoddi4
 .text          0x08000454        0x4 d:/stm32environment/arm/bin/../lib/gcc/arm-none-eabi/10.3.1/thumb/v7-m/nofp\libgcc.a(_dvmd_tls.o)
                0x08000454                __aeabi_idiv0
                0x08000454                __aeabi_ldiv0
 *(.text*)
 .text.MX_ADC1_Init
                0x08000458       0xc4 CMakeFiles/car_project1.elf.dir/Core/Src/adc.c.obj
                0x08000458                MX_ADC1_Init
 .text.HAL_ADC_MspInit
                0x0800051c       0x9c CMakeFiles/car_project1.elf.dir/Core/Src/adc.c.obj
                0x0800051c                HAL_ADC_MspInit
 .text.MX_DMA_Init
                0x080005b8       0x34 CMakeFiles/car_project1.elf.dir/Core/Src/dma.c.obj
                0x080005b8                MX_DMA_Init
 .text.Start_cmd
                0x080005ec        0xa CMakeFiles/car_project1.elf.dir/Core/Src/freertos.c.obj
                0x080005ec                Start_cmd
 .text.Start_chassis
                0x080005f6        0xa CMakeFiles/car_project1.elf.dir/Core/Src/freertos.c.obj
                0x080005f6                Start_chassis
 .text.Start_sensor
                0x08000600       0x68 CMakeFiles/car_project1.elf.dir/Core/Src/freertos.c.obj
                0x08000600                Start_sensor
 .text.vApplicationGetIdleTaskMemory
                0x08000668       0x18 CMakeFiles/car_project1.elf.dir/Core/Src/freertos.c.obj
                0x08000668                vApplicationGetIdleTaskMemory
 .text.MX_FREERTOS_Init
                0x08000680       0x84 CMakeFiles/car_project1.elf.dir/Core/Src/freertos.c.obj
                0x08000680                MX_FREERTOS_Init
 .text.MX_GPIO_Init
                0x08000704      0x11c CMakeFiles/car_project1.elf.dir/Core/Src/gpio.c.obj
                0x08000704                MX_GPIO_Init
 .text.HAL_TIM_PeriodElapsedCallback
                0x08000820       0x18 CMakeFiles/car_project1.elf.dir/Core/Src/main.c.obj
                0x08000820                HAL_TIM_PeriodElapsedCallback
 .text.Error_Handler
                0x08000838        0x4 CMakeFiles/car_project1.elf.dir/Core/Src/main.c.obj
                0x08000838                Error_Handler
 .text.SystemClock_Config
                0x0800083c       0x84 CMakeFiles/car_project1.elf.dir/Core/Src/main.c.obj
                0x0800083c                SystemClock_Config
 .text.main     0x080008c0       0xb4 CMakeFiles/car_project1.elf.dir/Core/Src/main.c.obj
                0x080008c0                main
 .text.MX_SPI1_Init
                0x08000974       0x44 CMakeFiles/car_project1.elf.dir/Core/Src/spi.c.obj
                0x08000974                MX_SPI1_Init
 .text.HAL_SPI_MspInit
                0x080009b8       0x74 CMakeFiles/car_project1.elf.dir/Core/Src/spi.c.obj
                0x080009b8                HAL_SPI_MspInit
 .text.HAL_MspInit
                0x08000a2c       0x54 CMakeFiles/car_project1.elf.dir/Core/Src/stm32f1xx_hal_msp.c.obj
                0x08000a2c                HAL_MspInit
 .text.HAL_InitTick
                0x08000a80       0x94 CMakeFiles/car_project1.elf.dir/Core/Src/stm32f1xx_hal_timebase_tim.c.obj
                0x08000a80                HAL_InitTick
 .text.NMI_Handler
                0x08000b14        0x2 CMakeFiles/car_project1.elf.dir/Core/Src/stm32f1xx_it.c.obj
                0x08000b14                NMI_Handler
 .text.HardFault_Handler
                0x08000b16        0x2 CMakeFiles/car_project1.elf.dir/Core/Src/stm32f1xx_it.c.obj
                0x08000b16                HardFault_Handler
 .text.MemManage_Handler
                0x08000b18        0x2 CMakeFiles/car_project1.elf.dir/Core/Src/stm32f1xx_it.c.obj
                0x08000b18                MemManage_Handler
 .text.BusFault_Handler
                0x08000b1a        0x2 CMakeFiles/car_project1.elf.dir/Core/Src/stm32f1xx_it.c.obj
                0x08000b1a                BusFault_Handler
 .text.UsageFault_Handler
                0x08000b1c        0x2 CMakeFiles/car_project1.elf.dir/Core/Src/stm32f1xx_it.c.obj
                0x08000b1c                UsageFault_Handler
 .text.DebugMon_Handler
                0x08000b1e        0x2 CMakeFiles/car_project1.elf.dir/Core/Src/stm32f1xx_it.c.obj
                0x08000b1e                DebugMon_Handler
 .text.DMA1_Channel1_IRQHandler
                0x08000b20       0x10 CMakeFiles/car_project1.elf.dir/Core/Src/stm32f1xx_it.c.obj
                0x08000b20                DMA1_Channel1_IRQHandler
 .text.TIM1_UP_IRQHandler
                0x08000b30       0x10 CMakeFiles/car_project1.elf.dir/Core/Src/stm32f1xx_it.c.obj
                0x08000b30                TIM1_UP_IRQHandler
 .text.SystemInit
                0x08000b40        0x2 CMakeFiles/car_project1.elf.dir/Core/Src/system_stm32f1xx.c.obj
                0x08000b40                SystemInit
 *fill*         0x08000b42        0x2 
 .text.HAL_TIM_PWM_MspInit
                0x08000b44       0x6c CMakeFiles/car_project1.elf.dir/Core/Src/tim.c.obj
                0x08000b44                HAL_TIM_PWM_MspInit
 .text.HAL_TIM_MspPostInit
                0x08000bb0       0xdc CMakeFiles/car_project1.elf.dir/Core/Src/tim.c.obj
                0x08000bb0                HAL_TIM_MspPostInit
 .text.MX_TIM2_Init
                0x08000c8c       0x80 CMakeFiles/car_project1.elf.dir/Core/Src/tim.c.obj
                0x08000c8c                MX_TIM2_Init
 .text.MX_TIM3_Init
                0x08000d0c       0xb8 CMakeFiles/car_project1.elf.dir/Core/Src/tim.c.obj
                0x08000d0c                MX_TIM3_Init
 .text.MX_TIM4_Init
                0x08000dc4       0xb8 CMakeFiles/car_project1.elf.dir/Core/Src/tim.c.obj
                0x08000dc4                MX_TIM4_Init
 .text.MX_USART1_UART_Init
                0x08000e7c       0x34 CMakeFiles/car_project1.elf.dir/Core/Src/usart.c.obj
                0x08000e7c                MX_USART1_UART_Init
 .text.HAL_UART_MspInit
                0x08000eb0       0x78 CMakeFiles/car_project1.elf.dir/Core/Src/usart.c.obj
                0x08000eb0                HAL_UART_MspInit
 .text.Reset_Handler
                0x08000f28       0x48 CMakeFiles/car_project1.elf.dir/Core/Startup/startup_stm32f103c8tx.s.obj
                0x08000f28                Reset_Handler
 .text.Default_Handler
                0x08000f70        0x2 CMakeFiles/car_project1.elf.dir/Core/Startup/startup_stm32f103c8tx.s.obj
                0x08000f70                RTC_Alarm_IRQHandler
                0x08000f70                EXTI2_IRQHandler
                0x08000f70                TIM1_CC_IRQHandler
                0x08000f70                PVD_IRQHandler
                0x08000f70                EXTI3_IRQHandler
                0x08000f70                EXTI0_IRQHandler
                0x08000f70                I2C2_EV_IRQHandler
                0x08000f70                ADC1_2_IRQHandler
                0x08000f70                SPI1_IRQHandler
                0x08000f70                TAMPER_IRQHandler
                0x08000f70                DMA1_Channel4_IRQHandler
                0x08000f70                USART3_IRQHandler
                0x08000f70                RTC_IRQHandler
                0x08000f70                DMA1_Channel7_IRQHandler
                0x08000f70                CAN1_RX1_IRQHandler
                0x08000f70                TIM4_IRQHandler
                0x08000f70                I2C1_EV_IRQHandler
                0x08000f70                DMA1_Channel6_IRQHandler
                0x08000f70                TIM3_IRQHandler
                0x08000f70                RCC_IRQHandler
                0x08000f70                TIM1_TRG_COM_IRQHandler
                0x08000f70                Default_Handler
                0x08000f70                EXTI15_10_IRQHandler
                0x08000f70                EXTI9_5_IRQHandler
                0x08000f70                SPI2_IRQHandler
                0x08000f70                DMA1_Channel5_IRQHandler
                0x08000f70                EXTI4_IRQHandler
                0x08000f70                USB_LP_CAN1_RX0_IRQHandler
                0x08000f70                USB_HP_CAN1_TX_IRQHandler
                0x08000f70                DMA1_Channel3_IRQHandler
                0x08000f70                WWDG_IRQHandler
                0x08000f70                TIM2_IRQHandler
                0x08000f70                TIM1_BRK_IRQHandler
                0x08000f70                EXTI1_IRQHandler
                0x08000f70                USART2_IRQHandler
                0x08000f70                I2C2_ER_IRQHandler
                0x08000f70                DMA1_Channel2_IRQHandler
                0x08000f70                CAN1_SCE_IRQHandler
                0x08000f70                FLASH_IRQHandler
                0x08000f70                USART1_IRQHandler
                0x08000f70                I2C1_ER_IRQHandler
                0x08000f70                USBWakeUp_IRQHandler
 *fill*         0x08000f72        0x2 
 .text.HAL_Init
                0x08000f74       0x24 CMakeFiles/car_project1.elf.dir/Drivers/STM32F1xx_HAL_Driver/Src/stm32f1xx_hal.c.obj
                0x08000f74                HAL_Init
 .text.HAL_IncTick
                0x08000f98       0x18 CMakeFiles/car_project1.elf.dir/Drivers/STM32F1xx_HAL_Driver/Src/stm32f1xx_hal.c.obj
                0x08000f98                HAL_IncTick
 .text.HAL_GetTick
                0x08000fb0        0xc CMakeFiles/car_project1.elf.dir/Drivers/STM32F1xx_HAL_Driver/Src/stm32f1xx_hal.c.obj
                0x08000fb0                HAL_GetTick
 .text.HAL_ADC_ConvCpltCallback
                0x08000fbc        0x2 CMakeFiles/car_project1.elf.dir/Drivers/STM32F1xx_HAL_Driver/Src/stm32f1xx_hal_adc.c.obj
                0x08000fbc                HAL_ADC_ConvCpltCallback
 .text.ADC_DMAConvCplt
                0x08000fbe       0x52 CMakeFiles/car_project1.elf.dir/Drivers/STM32F1xx_HAL_Driver/Src/stm32f1xx_hal_adc.c.obj
                0x08000fbe                ADC_DMAConvCplt
 .text.HAL_ADC_ConvHalfCpltCallback
                0x08001010        0x2 CMakeFiles/car_project1.elf.dir/Drivers/STM32F1xx_HAL_Driver/Src/stm32f1xx_hal_adc.c.obj
                0x08001010                HAL_ADC_ConvHalfCpltCallback
 .text.ADC_DMAHalfConvCplt
                0x08001012        0xa CMakeFiles/car_project1.elf.dir/Drivers/STM32F1xx_HAL_Driver/Src/stm32f1xx_hal_adc.c.obj
                0x08001012                ADC_DMAHalfConvCplt
 .text.HAL_ADC_ErrorCallback
                0x0800101c        0x2 CMakeFiles/car_project1.elf.dir/Drivers/STM32F1xx_HAL_Driver/Src/stm32f1xx_hal_adc.c.obj
                0x0800101c                HAL_ADC_ErrorCallback
 .text.ADC_DMAError
                0x0800101e       0x1a CMakeFiles/car_project1.elf.dir/Drivers/STM32F1xx_HAL_Driver/Src/stm32f1xx_hal_adc.c.obj
                0x0800101e                ADC_DMAError
 .text.HAL_ADC_ConfigChannel
                0x08001038      0x144 CMakeFiles/car_project1.elf.dir/Drivers/STM32F1xx_HAL_Driver/Src/stm32f1xx_hal_adc.c.obj
                0x08001038                HAL_ADC_ConfigChannel
 .text.ADC_Enable
                0x0800117c       0x88 CMakeFiles/car_project1.elf.dir/Drivers/STM32F1xx_HAL_Driver/Src/stm32f1xx_hal_adc.c.obj
                0x0800117c                ADC_Enable
 .text.HAL_ADC_Start_DMA
                0x08001204      0x130 CMakeFiles/car_project1.elf.dir/Drivers/STM32F1xx_HAL_Driver/Src/stm32f1xx_hal_adc.c.obj
                0x08001204                HAL_ADC_Start_DMA
 .text.ADC_ConversionStop_Disable
                0x08001334       0x56 CMakeFiles/car_project1.elf.dir/Drivers/STM32F1xx_HAL_Driver/Src/stm32f1xx_hal_adc.c.obj
                0x08001334                ADC_ConversionStop_Disable
 *fill*         0x0800138a        0x2 
 .text.HAL_ADC_Init
                0x0800138c      0x108 CMakeFiles/car_project1.elf.dir/Drivers/STM32F1xx_HAL_Driver/Src/stm32f1xx_hal_adc.c.obj
                0x0800138c                HAL_ADC_Init
 .text.HAL_ADCEx_Calibration_Start
                0x08001494      0x100 CMakeFiles/car_project1.elf.dir/Drivers/STM32F1xx_HAL_Driver/Src/stm32f1xx_hal_adc_ex.c.obj
                0x08001494                HAL_ADCEx_Calibration_Start
 .text.HAL_NVIC_SetPriorityGrouping
                0x08001594       0x24 CMakeFiles/car_project1.elf.dir/Drivers/STM32F1xx_HAL_Driver/Src/stm32f1xx_hal_cortex.c.obj
                0x08001594                HAL_NVIC_SetPriorityGrouping
 .text.HAL_NVIC_SetPriority
                0x080015b8       0x70 CMakeFiles/car_project1.elf.dir/Drivers/STM32F1xx_HAL_Driver/Src/stm32f1xx_hal_cortex.c.obj
                0x080015b8                HAL_NVIC_SetPriority
 .text.HAL_NVIC_EnableIRQ
                0x08001628       0x1c CMakeFiles/car_project1.elf.dir/Drivers/STM32F1xx_HAL_Driver/Src/stm32f1xx_hal_cortex.c.obj
                0x08001628                HAL_NVIC_EnableIRQ
 .text.DMA_SetConfig
                0x08001644       0x2c CMakeFiles/car_project1.elf.dir/Drivers/STM32F1xx_HAL_Driver/Src/stm32f1xx_hal_dma.c.obj
 .text.HAL_DMA_Init
                0x08001670       0x6c CMakeFiles/car_project1.elf.dir/Drivers/STM32F1xx_HAL_Driver/Src/stm32f1xx_hal_dma.c.obj
                0x08001670                HAL_DMA_Init
 .text.HAL_DMA_Start_IT
                0x080016dc       0x76 CMakeFiles/car_project1.elf.dir/Drivers/STM32F1xx_HAL_Driver/Src/stm32f1xx_hal_dma.c.obj
                0x080016dc                HAL_DMA_Start_IT
 *fill*         0x08001752        0x2 
 .text.HAL_DMA_IRQHandler
                0x08001754      0x144 CMakeFiles/car_project1.elf.dir/Drivers/STM32F1xx_HAL_Driver/Src/stm32f1xx_hal_dma.c.obj
                0x08001754                HAL_DMA_IRQHandler
 .text.HAL_GPIO_Init
                0x08001898      0x224 CMakeFiles/car_project1.elf.dir/Drivers/STM32F1xx_HAL_Driver/Src/stm32f1xx_hal_gpio.c.obj
                0x08001898                HAL_GPIO_Init
 .text.HAL_GPIO_ReadPin
                0x08001abc        0xe CMakeFiles/car_project1.elf.dir/Drivers/STM32F1xx_HAL_Driver/Src/stm32f1xx_hal_gpio.c.obj
                0x08001abc                HAL_GPIO_ReadPin
 .text.HAL_GPIO_WritePin
                0x08001aca        0xc CMakeFiles/car_project1.elf.dir/Drivers/STM32F1xx_HAL_Driver/Src/stm32f1xx_hal_gpio.c.obj
                0x08001aca                HAL_GPIO_WritePin
 *fill*         0x08001ad6        0x2 
 .text.RCC_Delay
                0x08001ad8       0x2c CMakeFiles/car_project1.elf.dir/Drivers/STM32F1xx_HAL_Driver/Src/stm32f1xx_hal_rcc.c.obj
 .text.HAL_RCC_OscConfig
                0x08001b04      0x410 CMakeFiles/car_project1.elf.dir/Drivers/STM32F1xx_HAL_Driver/Src/stm32f1xx_hal_rcc.c.obj
                0x08001b04                HAL_RCC_OscConfig
 .text.HAL_RCC_GetSysClockFreq
                0x08001f14       0x54 CMakeFiles/car_project1.elf.dir/Drivers/STM32F1xx_HAL_Driver/Src/stm32f1xx_hal_rcc.c.obj
                0x08001f14                HAL_RCC_GetSysClockFreq
 .text.HAL_RCC_ClockConfig
                0x08001f68      0x16c CMakeFiles/car_project1.elf.dir/Drivers/STM32F1xx_HAL_Driver/Src/stm32f1xx_hal_rcc.c.obj
                0x08001f68                HAL_RCC_ClockConfig
 .text.HAL_RCC_GetHCLKFreq
                0x080020d4        0xc CMakeFiles/car_project1.elf.dir/Drivers/STM32F1xx_HAL_Driver/Src/stm32f1xx_hal_rcc.c.obj
                0x080020d4                HAL_RCC_GetHCLKFreq
 .text.HAL_RCC_GetPCLK1Freq
                0x080020e0       0x20 CMakeFiles/car_project1.elf.dir/Drivers/STM32F1xx_HAL_Driver/Src/stm32f1xx_hal_rcc.c.obj
                0x080020e0                HAL_RCC_GetPCLK1Freq
 .text.HAL_RCC_GetPCLK2Freq
                0x08002100       0x20 CMakeFiles/car_project1.elf.dir/Drivers/STM32F1xx_HAL_Driver/Src/stm32f1xx_hal_rcc.c.obj
                0x08002100                HAL_RCC_GetPCLK2Freq
 .text.HAL_RCC_GetClockConfig
                0x08002120       0x3c CMakeFiles/car_project1.elf.dir/Drivers/STM32F1xx_HAL_Driver/Src/stm32f1xx_hal_rcc.c.obj
                0x08002120                HAL_RCC_GetClockConfig
 .text.HAL_RCCEx_PeriphCLKConfig
                0x0800215c      0x118 CMakeFiles/car_project1.elf.dir/Drivers/STM32F1xx_HAL_Driver/Src/stm32f1xx_hal_rcc_ex.c.obj
                0x0800215c                HAL_RCCEx_PeriphCLKConfig
 .text.HAL_RCCEx_GetPeriphCLKFreq
                0x08002274       0xd8 CMakeFiles/car_project1.elf.dir/Drivers/STM32F1xx_HAL_Driver/Src/stm32f1xx_hal_rcc_ex.c.obj
                0x08002274                HAL_RCCEx_GetPeriphCLKFreq
 .text.HAL_SPI_Init
                0x0800234c       0xb6 CMakeFiles/car_project1.elf.dir/Drivers/STM32F1xx_HAL_Driver/Src/stm32f1xx_hal_spi.c.obj
                0x0800234c                HAL_SPI_Init
 *fill*         0x08002402        0x2 
 .text.TIM_OC1_SetConfig
                0x08002404       0x5c CMakeFiles/car_project1.elf.dir/Drivers/STM32F1xx_HAL_Driver/Src/stm32f1xx_hal_tim.c.obj
 .text.TIM_OC3_SetConfig
                0x08002460       0x64 CMakeFiles/car_project1.elf.dir/Drivers/STM32F1xx_HAL_Driver/Src/stm32f1xx_hal_tim.c.obj
 .text.TIM_OC4_SetConfig
                0x080024c4       0x48 CMakeFiles/car_project1.elf.dir/Drivers/STM32F1xx_HAL_Driver/Src/stm32f1xx_hal_tim.c.obj
 .text.HAL_TIM_Base_MspInit
                0x0800250c        0x2 CMakeFiles/car_project1.elf.dir/Drivers/STM32F1xx_HAL_Driver/Src/stm32f1xx_hal_tim.c.obj
                0x0800250c                HAL_TIM_Base_MspInit
 *fill*         0x0800250e        0x2 
 .text.HAL_TIM_Base_Start_IT
                0x08002510       0x68 CMakeFiles/car_project1.elf.dir/Drivers/STM32F1xx_HAL_Driver/Src/stm32f1xx_hal_tim.c.obj
                0x08002510                HAL_TIM_Base_Start_IT
 .text.HAL_TIM_OC_DelayElapsedCallback
                0x08002578        0x2 CMakeFiles/car_project1.elf.dir/Drivers/STM32F1xx_HAL_Driver/Src/stm32f1xx_hal_tim.c.obj
                0x08002578                HAL_TIM_OC_DelayElapsedCallback
 .text.HAL_TIM_IC_CaptureCallback
                0x0800257a        0x2 CMakeFiles/car_project1.elf.dir/Drivers/STM32F1xx_HAL_Driver/Src/stm32f1xx_hal_tim.c.obj
                0x0800257a                HAL_TIM_IC_CaptureCallback
 .text.HAL_TIM_PWM_PulseFinishedCallback
                0x0800257c        0x2 CMakeFiles/car_project1.elf.dir/Drivers/STM32F1xx_HAL_Driver/Src/stm32f1xx_hal_tim.c.obj
                0x0800257c                HAL_TIM_PWM_PulseFinishedCallback
 .text.HAL_TIM_TriggerCallback
                0x0800257e        0x2 CMakeFiles/car_project1.elf.dir/Drivers/STM32F1xx_HAL_Driver/Src/stm32f1xx_hal_tim.c.obj
                0x0800257e                HAL_TIM_TriggerCallback
 .text.HAL_TIM_IRQHandler
                0x08002580      0x15e CMakeFiles/car_project1.elf.dir/Drivers/STM32F1xx_HAL_Driver/Src/stm32f1xx_hal_tim.c.obj
                0x08002580                HAL_TIM_IRQHandler
 *fill*         0x080026de        0x2 
 .text.TIM_Base_SetConfig
                0x080026e0       0x84 CMakeFiles/car_project1.elf.dir/Drivers/STM32F1xx_HAL_Driver/Src/stm32f1xx_hal_tim.c.obj
                0x080026e0                TIM_Base_SetConfig
 .text.HAL_TIM_Base_Init
                0x08002764       0x58 CMakeFiles/car_project1.elf.dir/Drivers/STM32F1xx_HAL_Driver/Src/stm32f1xx_hal_tim.c.obj
                0x08002764                HAL_TIM_Base_Init
 .text.HAL_TIM_PWM_Init
                0x080027bc       0x58 CMakeFiles/car_project1.elf.dir/Drivers/STM32F1xx_HAL_Driver/Src/stm32f1xx_hal_tim.c.obj
                0x080027bc                HAL_TIM_PWM_Init
 .text.TIM_OC2_SetConfig
                0x08002814       0x64 CMakeFiles/car_project1.elf.dir/Drivers/STM32F1xx_HAL_Driver/Src/stm32f1xx_hal_tim.c.obj
                0x08002814                TIM_OC2_SetConfig
 .text.HAL_TIM_PWM_ConfigChannel
                0x08002878       0xdc CMakeFiles/car_project1.elf.dir/Drivers/STM32F1xx_HAL_Driver/Src/stm32f1xx_hal_tim.c.obj
                0x08002878                HAL_TIM_PWM_ConfigChannel
 .text.TIM_CCxChannelCmd
                0x08002954       0x1e CMakeFiles/car_project1.elf.dir/Drivers/STM32F1xx_HAL_Driver/Src/stm32f1xx_hal_tim.c.obj
                0x08002954                TIM_CCxChannelCmd
 *fill*         0x08002972        0x2 
 .text.HAL_TIM_PWM_Start
                0x08002974       0xdc CMakeFiles/car_project1.elf.dir/Drivers/STM32F1xx_HAL_Driver/Src/stm32f1xx_hal_tim.c.obj
                0x08002974                HAL_TIM_PWM_Start
 .text.HAL_TIMEx_MasterConfigSynchronization
                0x08002a50       0x6c CMakeFiles/car_project1.elf.dir/Drivers/STM32F1xx_HAL_Driver/Src/stm32f1xx_hal_tim_ex.c.obj
                0x08002a50                HAL_TIMEx_MasterConfigSynchronization
 .text.HAL_TIMEx_CommutCallback
                0x08002abc        0x2 CMakeFiles/car_project1.elf.dir/Drivers/STM32F1xx_HAL_Driver/Src/stm32f1xx_hal_tim_ex.c.obj
                0x08002abc                HAL_TIMEx_CommutCallback
 .text.HAL_TIMEx_BreakCallback
                0x08002abe        0x2 CMakeFiles/car_project1.elf.dir/Drivers/STM32F1xx_HAL_Driver/Src/stm32f1xx_hal_tim_ex.c.obj
                0x08002abe                HAL_TIMEx_BreakCallback
 .text.UART_SetConfig
                0x08002ac0       0x94 CMakeFiles/car_project1.elf.dir/Drivers/STM32F1xx_HAL_Driver/Src/stm32f1xx_hal_uart.c.obj
 .text.HAL_UART_Init
                0x08002b54       0x60 CMakeFiles/car_project1.elf.dir/Drivers/STM32F1xx_HAL_Driver/Src/stm32f1xx_hal_uart.c.obj
                0x08002b54                HAL_UART_Init
 .text.makeFreeRtosPriority
                0x08002bb4        0xc CMakeFiles/car_project1.elf.dir/Middlewares/Third_Party/FreeRTOS/Source/CMSIS_RTOS/cmsis_os.c.obj
 .text.osKernelStart
                0x08002bc0        0xa CMakeFiles/car_project1.elf.dir/Middlewares/Third_Party/FreeRTOS/Source/CMSIS_RTOS/cmsis_os.c.obj
                0x08002bc0                osKernelStart
 .text.osThreadCreate
                0x08002bca       0x6a CMakeFiles/car_project1.elf.dir/Middlewares/Third_Party/FreeRTOS/Source/CMSIS_RTOS/cmsis_os.c.obj
                0x08002bca                osThreadCreate
 .text.osDelay  0x08002c34        0xe CMakeFiles/car_project1.elf.dir/Middlewares/Third_Party/FreeRTOS/Source/CMSIS_RTOS/cmsis_os.c.obj
                0x08002c34                osDelay
 .text.vListInitialise
                0x08002c42       0x16 CMakeFiles/car_project1.elf.dir/Middlewares/Third_Party/FreeRTOS/Source/list.c.obj
                0x08002c42                vListInitialise
 .text.vListInitialiseItem
                0x08002c58        0x6 CMakeFiles/car_project1.elf.dir/Middlewares/Third_Party/FreeRTOS/Source/list.c.obj
                0x08002c58                vListInitialiseItem
 .text.vListInsertEnd
                0x08002c5e       0x16 CMakeFiles/car_project1.elf.dir/Middlewares/Third_Party/FreeRTOS/Source/list.c.obj
                0x08002c5e                vListInsertEnd
 .text.vListInsert
                0x08002c74       0x32 CMakeFiles/car_project1.elf.dir/Middlewares/Third_Party/FreeRTOS/Source/list.c.obj
                0x08002c74                vListInsert
 .text.uxListRemove
                0x08002ca6       0x26 CMakeFiles/car_project1.elf.dir/Middlewares/Third_Party/FreeRTOS/Source/list.c.obj
                0x08002ca6                uxListRemove
 .text.prvTaskExitError
                0x08002ccc       0x40 CMakeFiles/car_project1.elf.dir/Middlewares/Third_Party/FreeRTOS/Source/portable/GCC/ARM_CM3/port.c.obj
 .text.prvPortStartFirstTask
                0x08002d0c       0x20 CMakeFiles/car_project1.elf.dir/Middlewares/Third_Party/FreeRTOS/Source/portable/GCC/ARM_CM3/port.c.obj
 .text.pxPortInitialiseStack
                0x08002d2c       0x24 CMakeFiles/car_project1.elf.dir/Middlewares/Third_Party/FreeRTOS/Source/portable/GCC/ARM_CM3/port.c.obj
                0x08002d2c                pxPortInitialiseStack
 .text.SVC_Handler
                0x08002d50       0x24 CMakeFiles/car_project1.elf.dir/Middlewares/Third_Party/FreeRTOS/Source/portable/GCC/ARM_CM3/port.c.obj
                0x08002d50                SVC_Handler
 .text.vPortEnterCritical
                0x08002d74       0x44 CMakeFiles/car_project1.elf.dir/Middlewares/Third_Party/FreeRTOS/Source/portable/GCC/ARM_CM3/port.c.obj
                0x08002d74                vPortEnterCritical
 .text.vPortExitCritical
                0x08002db8       0x2c CMakeFiles/car_project1.elf.dir/Middlewares/Third_Party/FreeRTOS/Source/portable/GCC/ARM_CM3/port.c.obj
                0x08002db8                vPortExitCritical
 *fill*         0x08002de4        0xc 
 .text.PendSV_Handler
                0x08002df0       0x44 CMakeFiles/car_project1.elf.dir/Middlewares/Third_Party/FreeRTOS/Source/portable/GCC/ARM_CM3/port.c.obj
                0x08002df0                PendSV_Handler
 .text.SysTick_Handler
                0x08002e34       0x2c CMakeFiles/car_project1.elf.dir/Middlewares/Third_Party/FreeRTOS/Source/portable/GCC/ARM_CM3/port.c.obj
                0x08002e34                SysTick_Handler
 .text.vPortSetupTimerInterrupt
                0x08002e60       0x28 CMakeFiles/car_project1.elf.dir/Middlewares/Third_Party/FreeRTOS/Source/portable/GCC/ARM_CM3/port.c.obj
                0x08002e60                vPortSetupTimerInterrupt
 .text.xPortStartScheduler
                0x08002e88       0xc0 CMakeFiles/car_project1.elf.dir/Middlewares/Third_Party/FreeRTOS/Source/portable/GCC/ARM_CM3/port.c.obj
                0x08002e88                xPortStartScheduler
 .text.prvHeapInit
                0x08002f48       0x64 CMakeFiles/car_project1.elf.dir/Middlewares/Third_Party/FreeRTOS/Source/portable/MemMang/heap_4.c.obj
 .text.prvInsertBlockIntoFreeList
                0x08002fac       0x60 CMakeFiles/car_project1.elf.dir/Middlewares/Third_Party/FreeRTOS/Source/portable/MemMang/heap_4.c.obj
 .text.pvPortMalloc
                0x0800300c       0xfc CMakeFiles/car_project1.elf.dir/Middlewares/Third_Party/FreeRTOS/Source/portable/MemMang/heap_4.c.obj
                0x0800300c                pvPortMalloc
 .text.vPortFree
                0x08003108       0x7c CMakeFiles/car_project1.elf.dir/Middlewares/Third_Party/FreeRTOS/Source/portable/MemMang/heap_4.c.obj
                0x08003108                vPortFree
 .text.prvResetNextTaskUnblockTime
                0x08003184       0x2c CMakeFiles/car_project1.elf.dir/Middlewares/Third_Party/FreeRTOS/Source/tasks.c.obj
 .text.prvInitialiseNewTask
                0x080031b0       0xa2 CMakeFiles/car_project1.elf.dir/Middlewares/Third_Party/FreeRTOS/Source/tasks.c.obj
 *fill*         0x08003252        0x2 
 .text.prvInitialiseTaskLists
                0x08003254       0x68 CMakeFiles/car_project1.elf.dir/Middlewares/Third_Party/FreeRTOS/Source/tasks.c.obj
 .text.prvAddNewTaskToReadyList
                0x080032bc       0xa8 CMakeFiles/car_project1.elf.dir/Middlewares/Third_Party/FreeRTOS/Source/tasks.c.obj
 .text.prvDeleteTCB
                0x08003364       0x38 CMakeFiles/car_project1.elf.dir/Middlewares/Third_Party/FreeRTOS/Source/tasks.c.obj
 .text.prvCheckTasksWaitingTermination
                0x0800339c       0x4c CMakeFiles/car_project1.elf.dir/Middlewares/Third_Party/FreeRTOS/Source/tasks.c.obj
 .text.prvIdleTask
                0x080033e8       0x28 CMakeFiles/car_project1.elf.dir/Middlewares/Third_Party/FreeRTOS/Source/tasks.c.obj
 .text.prvAddCurrentTaskToDelayedList
                0x08003410       0x98 CMakeFiles/car_project1.elf.dir/Middlewares/Third_Party/FreeRTOS/Source/tasks.c.obj
 .text.xTaskCreateStatic
                0x080034a8       0x76 CMakeFiles/car_project1.elf.dir/Middlewares/Third_Party/FreeRTOS/Source/tasks.c.obj
                0x080034a8                xTaskCreateStatic
 .text.xTaskCreate
                0x0800351e       0x68 CMakeFiles/car_project1.elf.dir/Middlewares/Third_Party/FreeRTOS/Source/tasks.c.obj
                0x0800351e                xTaskCreate
 *fill*         0x08003586        0x2 
 .text.vTaskStartScheduler
                0x08003588       0x74 CMakeFiles/car_project1.elf.dir/Middlewares/Third_Party/FreeRTOS/Source/tasks.c.obj
                0x08003588                vTaskStartScheduler
 .text.vTaskSuspendAll
                0x080035fc       0x10 CMakeFiles/car_project1.elf.dir/Middlewares/Third_Party/FreeRTOS/Source/tasks.c.obj
                0x080035fc                vTaskSuspendAll
 .text.xTaskIncrementTick
                0x0800360c      0x118 CMakeFiles/car_project1.elf.dir/Middlewares/Third_Party/FreeRTOS/Source/tasks.c.obj
                0x0800360c                xTaskIncrementTick
 .text.xTaskResumeAll
                0x08003724       0xf8 CMakeFiles/car_project1.elf.dir/Middlewares/Third_Party/FreeRTOS/Source/tasks.c.obj
                0x08003724                xTaskResumeAll
 .text.vTaskDelay
                0x0800381c       0x4c CMakeFiles/car_project1.elf.dir/Middlewares/Third_Party/FreeRTOS/Source/tasks.c.obj
                0x0800381c                vTaskDelay
 .text.vTaskSwitchContext
                0x08003868       0x98 CMakeFiles/car_project1.elf.dir/Middlewares/Third_Party/FreeRTOS/Source/tasks.c.obj
                0x08003868                vTaskSwitchContext
 .text.SR04_Measure
                0x08003900       0xac CMakeFiles/car_project1.elf.dir/modules/Src/SR04.c.obj
                0x08003900                SR04_Measure
 .text.dwt_init
                0x080039ac       0x40 CMakeFiles/car_project1.elf.dir/modules/Src/dwt.c.obj
                0x080039ac                dwt_init
 .text.dwt_systime_update
                0x080039ec       0x28 CMakeFiles/car_project1.elf.dir/modules/Src/dwt.c.obj
                0x080039ec                dwt_systime_update
 .text.dwt_get_time_us
                0x08003a14       0x28 CMakeFiles/car_project1.elf.dir/modules/Src/dwt.c.obj
                0x08003a14                dwt_get_time_us
 .text.dwt_delay_us
                0x08003a3c       0x20 CMakeFiles/car_project1.elf.dir/modules/Src/dwt.c.obj
                0x08003a3c                dwt_delay_us
 .text.Key_Init
                0x08003a5c        0xc CMakeFiles/car_project1.elf.dir/modules/Src/key.c.obj
                0x08003a5c                Key_Init
 .text.Key_Update
                0x08003a68       0x98 CMakeFiles/car_project1.elf.dir/modules/Src/key.c.obj
                0x08003a68                Key_Update
 .text.OLED_I2C_Init
                0x08003b00       0x34 CMakeFiles/car_project1.elf.dir/modules/Src/oled.c.obj
                0x08003b00                OLED_I2C_Init
 .text.OLED_I2C_Start
                0x08003b34       0x54 CMakeFiles/car_project1.elf.dir/modules/Src/oled.c.obj
                0x08003b34                OLED_I2C_Start
 .text.OLED_I2C_Stop
                0x08003b88       0x40 CMakeFiles/car_project1.elf.dir/modules/Src/oled.c.obj
                0x08003b88                OLED_I2C_Stop
 .text.OLED_I2C_SendByte
                0x08003bc8       0x78 CMakeFiles/car_project1.elf.dir/modules/Src/oled.c.obj
                0x08003bc8                OLED_I2C_SendByte
 .text.OLED_WriteCommand
                0x08003c40       0x20 CMakeFiles/car_project1.elf.dir/modules/Src/oled.c.obj
                0x08003c40                OLED_WriteCommand
 .text.OLED_WriteData
                0x08003c60       0x20 CMakeFiles/car_project1.elf.dir/modules/Src/oled.c.obj
                0x08003c60                OLED_WriteData
 .text.OLED_SetCursor
                0x08003c80       0x20 CMakeFiles/car_project1.elf.dir/modules/Src/oled.c.obj
                0x08003c80                OLED_SetCursor
 .text.OLED_Clear
                0x08003ca0       0x2c CMakeFiles/car_project1.elf.dir/modules/Src/oled.c.obj
                0x08003ca0                OLED_Clear
 .text.OLED_ShowChar
                0x08003ccc       0x64 CMakeFiles/car_project1.elf.dir/modules/Src/oled.c.obj
                0x08003ccc                OLED_ShowChar
 .text.OLED_Pow
                0x08003d30       0x14 CMakeFiles/car_project1.elf.dir/modules/Src/oled.c.obj
                0x08003d30                OLED_Pow
 .text.OLED_ShowSignedNum
                0x08003d44       0x54 CMakeFiles/car_project1.elf.dir/modules/Src/oled.c.obj
                0x08003d44                OLED_ShowSignedNum
 .text.OLED_Init
                0x08003d98       0xae CMakeFiles/car_project1.elf.dir/modules/Src/oled.c.obj
                0x08003d98                OLED_Init
 *fill*         0x08003e46        0x2 
 .text.__libc_init_array
                0x08003e48       0x48 d:/stm32environment/arm/bin/../lib/gcc/arm-none-eabi/10.3.1/../../../../arm-none-eabi/lib/thumb/v7-m/nofp\libg.a(lib_a-init.o)
                0x08003e48                __libc_init_array
 .text.memset   0x08003e90       0xa4 d:/stm32environment/arm/bin/../lib/gcc/arm-none-eabi/10.3.1/../../../../arm-none-eabi/lib/thumb/v7-m/nofp\libg.a(lib_a-memset.o)
                0x08003e90                memset
 .text.startup.register_fini
                0x08003f34       0x14 d:/stm32environment/arm/bin/../lib/gcc/arm-none-eabi/10.3.1/../../../../arm-none-eabi/lib/thumb/v7-m/nofp\libg.a(lib_a-__call_atexit.o)
 .text.atexit   0x08003f48        0xc d:/stm32environment/arm/bin/../lib/gcc/arm-none-eabi/10.3.1/../../../../arm-none-eabi/lib/thumb/v7-m/nofp\libg.a(lib_a-atexit.o)
                0x08003f48                atexit
 .text.__libc_fini_array
                0x08003f54       0x2c d:/stm32environment/arm/bin/../lib/gcc/arm-none-eabi/10.3.1/../../../../arm-none-eabi/lib/thumb/v7-m/nofp\libg.a(lib_a-fini.o)
                0x08003f54                __libc_fini_array
 .text.__retarget_lock_acquire_recursive
                0x08003f80        0x4 d:/stm32environment/arm/bin/../lib/gcc/arm-none-eabi/10.3.1/../../../../arm-none-eabi/lib/thumb/v7-m/nofp\libg.a(lib_a-lock.o)
                0x08003f80                __retarget_lock_acquire_recursive
 .text.__retarget_lock_release_recursive
                0x08003f84        0x4 d:/stm32environment/arm/bin/../lib/gcc/arm-none-eabi/10.3.1/../../../../arm-none-eabi/lib/thumb/v7-m/nofp\libg.a(lib_a-lock.o)
                0x08003f84                __retarget_lock_release_recursive
 .text.__register_exitproc
                0x08003f88       0x8c d:/stm32environment/arm/bin/../lib/gcc/arm-none-eabi/10.3.1/../../../../arm-none-eabi/lib/thumb/v7-m/nofp\libg.a(lib_a-__atexit.o)
                0x08003f88                __register_exitproc
 *(.glue_7)
 .glue_7        0x08004014        0x0 linker stubs
 *(.glue_7t)
 .glue_7t       0x08004014        0x0 linker stubs
 *(.eh_frame)
 .eh_frame      0x08004014        0x0 d:/stm32environment/arm/bin/../lib/gcc/arm-none-eabi/10.3.1/thumb/v7-m/nofp/crtbegin.o
 *(.init)
 .init          0x08004014        0x4 d:/stm32environment/arm/bin/../lib/gcc/arm-none-eabi/10.3.1/thumb/v7-m/nofp/crti.o
                0x08004014                _init
 .init          0x08004018        0x8 d:/stm32environment/arm/bin/../lib/gcc/arm-none-eabi/10.3.1/thumb/v7-m/nofp/crtn.o
 *(.fini)
 .fini          0x08004020        0x4 d:/stm32environment/arm/bin/../lib/gcc/arm-none-eabi/10.3.1/thumb/v7-m/nofp/crti.o
                0x08004020                _fini
 .fini          0x08004024        0x8 d:/stm32environment/arm/bin/../lib/gcc/arm-none-eabi/10.3.1/thumb/v7-m/nofp/crtn.o
                0x0800402c                . = ALIGN (0x4)
                0x0800402c                _etext = .

.vfp11_veneer   0x0800402c        0x0
 .vfp11_veneer  0x0800402c        0x0 linker stubs

.v4_bx          0x0800402c        0x0
 .v4_bx         0x0800402c        0x0 linker stubs

.iplt           0x0800402c        0x0
 .iplt          0x0800402c        0x0 d:/stm32environment/arm/bin/../lib/gcc/arm-none-eabi/10.3.1/thumb/v7-m/nofp/crtbegin.o

.rodata         0x0800402c      0x6b4
                0x0800402c                . = ALIGN (0x4)
 *(.rodata)
 .rodata        0x0800402c       0x54 CMakeFiles/car_project1.elf.dir/Core/Src/freertos.c.obj
 *(.rodata*)
 .rodata.str1.4
                0x08004080       0x23 CMakeFiles/car_project1.elf.dir/Core/Src/freertos.c.obj
 *fill*         0x080040a3        0x1 
 .rodata.AHBPrescTable
                0x080040a4       0x10 CMakeFiles/car_project1.elf.dir/Core/Src/system_stm32f1xx.c.obj
                0x080040a4                AHBPrescTable
 .rodata.APBPrescTable
                0x080040b4        0x8 CMakeFiles/car_project1.elf.dir/Core/Src/system_stm32f1xx.c.obj
                0x080040b4                APBPrescTable
 .rodata.aPLLMULFactorTable.1
                0x080040bc       0x10 CMakeFiles/car_project1.elf.dir/Drivers/STM32F1xx_HAL_Driver/Src/stm32f1xx_hal_rcc.c.obj
 .rodata.aPredivFactorTable.0
                0x080040cc        0x2 CMakeFiles/car_project1.elf.dir/Drivers/STM32F1xx_HAL_Driver/Src/stm32f1xx_hal_rcc.c.obj
 *fill*         0x080040ce        0x2 
 .rodata.aPLLMULFactorTable.1
                0x080040d0       0x10 CMakeFiles/car_project1.elf.dir/Drivers/STM32F1xx_HAL_Driver/Src/stm32f1xx_hal_rcc_ex.c.obj
 .rodata.aPredivFactorTable.0
                0x080040e0        0x2 CMakeFiles/car_project1.elf.dir/Drivers/STM32F1xx_HAL_Driver/Src/stm32f1xx_hal_rcc_ex.c.obj
 *fill*         0x080040e2        0x2 
 .rodata.vTaskStartScheduler.str1.4
                0x080040e4        0x5 CMakeFiles/car_project1.elf.dir/Middlewares/Third_Party/FreeRTOS/Source/tasks.c.obj
 *fill*         0x080040e9        0x3 
 .rodata.OLED_F8x16
                0x080040ec      0x5f0 CMakeFiles/car_project1.elf.dir/modules/Src/oled.c.obj
                0x080040ec                OLED_F8x16
 .rodata._global_impure_ptr
                0x080046dc        0x4 d:/stm32environment/arm/bin/../lib/gcc/arm-none-eabi/10.3.1/../../../../arm-none-eabi/lib/thumb/v7-m/nofp\libg.a(lib_a-impure.o)
                0x080046dc                _global_impure_ptr
                0x080046e0                . = ALIGN (0x4)

.ARM.extab      0x080046e0        0x0
                0x080046e0                . = ALIGN (0x4)
 *(.ARM.extab* .gnu.linkonce.armextab.*)
                0x080046e0                . = ALIGN (0x4)

.ARM            0x080046e0        0x8
                0x080046e0                . = ALIGN (0x4)
                0x080046e0                __exidx_start = .
 *(.ARM.exidx*)
 .ARM.exidx     0x080046e0        0x8 d:/stm32environment/arm/bin/../lib/gcc/arm-none-eabi/10.3.1/thumb/v7-m/nofp\libgcc.a(_udivmoddi4.o)
                0x080046e8                __exidx_end = .
                0x080046e8                . = ALIGN (0x4)

.rel.dyn        0x080046e8        0x0
 .rel.iplt      0x080046e8        0x0 d:/stm32environment/arm/bin/../lib/gcc/arm-none-eabi/10.3.1/thumb/v7-m/nofp/crtbegin.o

.preinit_array  0x080046e8        0x0
                0x080046e8                . = ALIGN (0x4)
                0x080046e8                PROVIDE (__preinit_array_start = .)
 *(.preinit_array*)
                0x080046e8                PROVIDE (__preinit_array_end = .)
                0x080046e8                . = ALIGN (0x4)

.init_array     0x080046e8        0x8
                0x080046e8                . = ALIGN (0x4)
                0x080046e8                PROVIDE (__init_array_start = .)
 *(SORT_BY_NAME(.init_array.*))
 .init_array.00000
                0x080046e8        0x4 d:/stm32environment/arm/bin/../lib/gcc/arm-none-eabi/10.3.1/../../../../arm-none-eabi/lib/thumb/v7-m/nofp\libg.a(lib_a-__call_atexit.o)
 *(.init_array*)
 .init_array    0x080046ec        0x4 d:/stm32environment/arm/bin/../lib/gcc/arm-none-eabi/10.3.1/thumb/v7-m/nofp/crtbegin.o
                0x080046f0                PROVIDE (__init_array_end = .)
                0x080046f0                . = ALIGN (0x4)

.fini_array     0x080046f0        0x4
                0x080046f0                . = ALIGN (0x4)
                0x080046f0                PROVIDE (__fini_array_start = .)
 *(SORT_BY_NAME(.fini_array.*))
 *(.fini_array*)
 .fini_array    0x080046f0        0x4 d:/stm32environment/arm/bin/../lib/gcc/arm-none-eabi/10.3.1/thumb/v7-m/nofp/crtbegin.o
                0x080046f4                PROVIDE (__fini_array_end = .)
                0x080046f4                . = ALIGN (0x4)
                0x080046f4                _sidata = LOADADDR (.data)

.data           0x20000000      0x454 load address 0x080046f4
                0x20000000                . = ALIGN (0x4)
                0x20000000                _sdata = .
 *(.data)
 *(.data*)
 .data.SystemCoreClock
                0x20000000        0x4 CMakeFiles/car_project1.elf.dir/Core/Src/system_stm32f1xx.c.obj
                0x20000000                SystemCoreClock
 .data.uwTickFreq
                0x20000004        0x1 CMakeFiles/car_project1.elf.dir/Drivers/STM32F1xx_HAL_Driver/Src/stm32f1xx_hal.c.obj
                0x20000004                uwTickFreq
 *fill*         0x20000005        0x3 
 .data.uwTickPrio
                0x20000008        0x4 CMakeFiles/car_project1.elf.dir/Drivers/STM32F1xx_HAL_Driver/Src/stm32f1xx_hal.c.obj
                0x20000008                uwTickPrio
 .data.uxCriticalNesting
                0x2000000c        0x4 CMakeFiles/car_project1.elf.dir/Middlewares/Third_Party/FreeRTOS/Source/portable/GCC/ARM_CM3/port.c.obj
 .data.cpu_freq_mhz
                0x20000010        0x4 CMakeFiles/car_project1.elf.dir/modules/Src/dwt.c.obj
 .data.Key1     0x20000014       0x10 CMakeFiles/car_project1.elf.dir/modules/Src/key.c.obj
                0x20000014                Key1
 *fill*         0x20000024        0x4 
 .data.impure_data
                0x20000028      0x428 d:/stm32environment/arm/bin/../lib/gcc/arm-none-eabi/10.3.1/../../../../arm-none-eabi/lib/thumb/v7-m/nofp\libg.a(lib_a-impure.o)
 .data.__atexit_recursive_mutex
                0x20000450        0x4 d:/stm32environment/arm/bin/../lib/gcc/arm-none-eabi/10.3.1/../../../../arm-none-eabi/lib/thumb/v7-m/nofp\libg.a(lib_a-__call_atexit.o)
                0x20000450                __atexit_recursive_mutex
 *(.RamFunc)
 *(.RamFunc*)
                0x20000454                . = ALIGN (0x4)
                0x20000454                _edata = .

.igot.plt       0x20000454        0x0 load address 0x08004b48
 .igot.plt      0x20000454        0x0 d:/stm32environment/arm/bin/../lib/gcc/arm-none-eabi/10.3.1/thumb/v7-m/nofp/crtbegin.o
                0x20000454                . = ALIGN (0x4)

.bss            0x20000454     0x1224 load address 0x08004b48
                0x20000454                _sbss = .
                0x20000454                __bss_start__ = _sbss
 *(.bss)
 .bss           0x20000454       0x1c d:/stm32environment/arm/bin/../lib/gcc/arm-none-eabi/10.3.1/thumb/v7-m/nofp/crtbegin.o
 *(.bss*)
 .bss.hadc1     0x20000470       0x30 CMakeFiles/car_project1.elf.dir/Core/Src/adc.c.obj
                0x20000470                hadc1
 .bss.hdma_adc1
                0x200004a0       0x44 CMakeFiles/car_project1.elf.dir/Core/Src/adc.c.obj
                0x200004a0                hdma_adc1
 .bss.ADC_Value
                0x200004e4        0xa CMakeFiles/car_project1.elf.dir/Core/Src/freertos.c.obj
 *fill*         0x200004ee        0x2 
 .bss.chassis_taskHandle
                0x200004f0        0x4 CMakeFiles/car_project1.elf.dir/Core/Src/freertos.c.obj
                0x200004f0                chassis_taskHandle
 .bss.cmd_taskHandle
                0x200004f4        0x4 CMakeFiles/car_project1.elf.dir/Core/Src/freertos.c.obj
                0x200004f4                cmd_taskHandle
 .bss.distance  0x200004f8        0x2 CMakeFiles/car_project1.elf.dir/Core/Src/freertos.c.obj
 *fill*         0x200004fa        0x2 
 .bss.sensorHandle
                0x200004fc        0x4 CMakeFiles/car_project1.elf.dir/Core/Src/freertos.c.obj
                0x200004fc                sensorHandle
 .bss.xIdleStack
                0x20000500      0x200 CMakeFiles/car_project1.elf.dir/Core/Src/freertos.c.obj
 .bss.xIdleTaskTCBBuffer
                0x20000700       0x54 CMakeFiles/car_project1.elf.dir/Core/Src/freertos.c.obj
 .bss.hspi1     0x20000754       0x58 CMakeFiles/car_project1.elf.dir/Core/Src/spi.c.obj
                0x20000754                hspi1
 .bss.htim1     0x200007ac       0x48 CMakeFiles/car_project1.elf.dir/Core/Src/stm32f1xx_hal_timebase_tim.c.obj
                0x200007ac                htim1
 .bss.htim2     0x200007f4       0x48 CMakeFiles/car_project1.elf.dir/Core/Src/tim.c.obj
                0x200007f4                htim2
 .bss.htim3     0x2000083c       0x48 CMakeFiles/car_project1.elf.dir/Core/Src/tim.c.obj
                0x2000083c                htim3
 .bss.htim4     0x20000884       0x48 CMakeFiles/car_project1.elf.dir/Core/Src/tim.c.obj
                0x20000884                htim4
 .bss.huart1    0x200008cc       0x48 CMakeFiles/car_project1.elf.dir/Core/Src/usart.c.obj
                0x200008cc                huart1
 .bss.uwTick    0x20000914        0x4 CMakeFiles/car_project1.elf.dir/Drivers/STM32F1xx_HAL_Driver/Src/stm32f1xx_hal.c.obj
                0x20000914                uwTick
 .bss.ucMaxSysCallPriority
                0x20000918        0x1 CMakeFiles/car_project1.elf.dir/Middlewares/Third_Party/FreeRTOS/Source/portable/GCC/ARM_CM3/port.c.obj
 *fill*         0x20000919        0x3 
 .bss.ulMaxPRIGROUPValue
                0x2000091c        0x4 CMakeFiles/car_project1.elf.dir/Middlewares/Third_Party/FreeRTOS/Source/portable/GCC/ARM_CM3/port.c.obj
 .bss.pxEnd     0x20000920        0x4 CMakeFiles/car_project1.elf.dir/Middlewares/Third_Party/FreeRTOS/Source/portable/MemMang/heap_4.c.obj
 .bss.ucHeap    0x20000924      0xc00 CMakeFiles/car_project1.elf.dir/Middlewares/Third_Party/FreeRTOS/Source/portable/MemMang/heap_4.c.obj
 .bss.xBlockAllocatedBit
                0x20001524        0x4 CMakeFiles/car_project1.elf.dir/Middlewares/Third_Party/FreeRTOS/Source/portable/MemMang/heap_4.c.obj
 .bss.xFreeBytesRemaining
                0x20001528        0x4 CMakeFiles/car_project1.elf.dir/Middlewares/Third_Party/FreeRTOS/Source/portable/MemMang/heap_4.c.obj
 .bss.xMinimumEverFreeBytesRemaining
                0x2000152c        0x4 CMakeFiles/car_project1.elf.dir/Middlewares/Third_Party/FreeRTOS/Source/portable/MemMang/heap_4.c.obj
 .bss.xNumberOfSuccessfulAllocations
                0x20001530        0x4 CMakeFiles/car_project1.elf.dir/Middlewares/Third_Party/FreeRTOS/Source/portable/MemMang/heap_4.c.obj
 .bss.xNumberOfSuccessfulFrees
                0x20001534        0x4 CMakeFiles/car_project1.elf.dir/Middlewares/Third_Party/FreeRTOS/Source/portable/MemMang/heap_4.c.obj
 .bss.xStart    0x20001538        0x8 CMakeFiles/car_project1.elf.dir/Middlewares/Third_Party/FreeRTOS/Source/portable/MemMang/heap_4.c.obj
 .bss.pxCurrentTCB
                0x20001540        0x4 CMakeFiles/car_project1.elf.dir/Middlewares/Third_Party/FreeRTOS/Source/tasks.c.obj
                0x20001540                pxCurrentTCB
 .bss.pxDelayedTaskList
                0x20001544        0x4 CMakeFiles/car_project1.elf.dir/Middlewares/Third_Party/FreeRTOS/Source/tasks.c.obj
 .bss.pxOverflowDelayedTaskList
                0x20001548        0x4 CMakeFiles/car_project1.elf.dir/Middlewares/Third_Party/FreeRTOS/Source/tasks.c.obj
 .bss.pxReadyTasksLists
                0x2000154c       0x8c CMakeFiles/car_project1.elf.dir/Middlewares/Third_Party/FreeRTOS/Source/tasks.c.obj
 .bss.uxCurrentNumberOfTasks
                0x200015d8        0x4 CMakeFiles/car_project1.elf.dir/Middlewares/Third_Party/FreeRTOS/Source/tasks.c.obj
 .bss.uxDeletedTasksWaitingCleanUp
                0x200015dc        0x4 CMakeFiles/car_project1.elf.dir/Middlewares/Third_Party/FreeRTOS/Source/tasks.c.obj
 .bss.uxSchedulerSuspended
                0x200015e0        0x4 CMakeFiles/car_project1.elf.dir/Middlewares/Third_Party/FreeRTOS/Source/tasks.c.obj
 .bss.uxTaskNumber
                0x200015e4        0x4 CMakeFiles/car_project1.elf.dir/Middlewares/Third_Party/FreeRTOS/Source/tasks.c.obj
 .bss.uxTopReadyPriority
                0x200015e8        0x4 CMakeFiles/car_project1.elf.dir/Middlewares/Third_Party/FreeRTOS/Source/tasks.c.obj
 .bss.xDelayedTaskList1
                0x200015ec       0x14 CMakeFiles/car_project1.elf.dir/Middlewares/Third_Party/FreeRTOS/Source/tasks.c.obj
 .bss.xDelayedTaskList2
                0x20001600       0x14 CMakeFiles/car_project1.elf.dir/Middlewares/Third_Party/FreeRTOS/Source/tasks.c.obj
 .bss.xIdleTaskHandle
                0x20001614        0x4 CMakeFiles/car_project1.elf.dir/Middlewares/Third_Party/FreeRTOS/Source/tasks.c.obj
 .bss.xNextTaskUnblockTime
                0x20001618        0x4 CMakeFiles/car_project1.elf.dir/Middlewares/Third_Party/FreeRTOS/Source/tasks.c.obj
 .bss.xNumOfOverflows
                0x2000161c        0x4 CMakeFiles/car_project1.elf.dir/Middlewares/Third_Party/FreeRTOS/Source/tasks.c.obj
 .bss.xPendedTicks
                0x20001620        0x4 CMakeFiles/car_project1.elf.dir/Middlewares/Third_Party/FreeRTOS/Source/tasks.c.obj
 .bss.xPendingReadyList
                0x20001624       0x14 CMakeFiles/car_project1.elf.dir/Middlewares/Third_Party/FreeRTOS/Source/tasks.c.obj
 .bss.xSchedulerRunning
                0x20001638        0x4 CMakeFiles/car_project1.elf.dir/Middlewares/Third_Party/FreeRTOS/Source/tasks.c.obj
 .bss.xSuspendedTaskList
                0x2000163c       0x14 CMakeFiles/car_project1.elf.dir/Middlewares/Third_Party/FreeRTOS/Source/tasks.c.obj
 .bss.xTasksWaitingTermination
                0x20001650       0x14 CMakeFiles/car_project1.elf.dir/Middlewares/Third_Party/FreeRTOS/Source/tasks.c.obj
 .bss.xTickCount
                0x20001664        0x4 CMakeFiles/car_project1.elf.dir/Middlewares/Third_Party/FreeRTOS/Source/tasks.c.obj
 .bss.xYieldPending
                0x20001668        0x4 CMakeFiles/car_project1.elf.dir/Middlewares/Third_Party/FreeRTOS/Source/tasks.c.obj
 .bss.cyccnt_last
                0x2000166c        0x4 CMakeFiles/car_project1.elf.dir/modules/Src/dwt.c.obj
 .bss.cyccnt_over_flow
                0x20001670        0x4 CMakeFiles/car_project1.elf.dir/modules/Src/dwt.c.obj
 .bss.__lock___atexit_recursive_mutex
                0x20001674        0x1 d:/stm32environment/arm/bin/../lib/gcc/arm-none-eabi/10.3.1/../../../../arm-none-eabi/lib/thumb/v7-m/nofp\libg.a(lib_a-lock.o)
                0x20001674                __lock___atexit_recursive_mutex
 *(COMMON)
                0x20001678                . = ALIGN (0x4)
 *fill*         0x20001675        0x3 
                0x20001678                _ebss = .
                0x20001678                __bss_end__ = _ebss

._user_heap_stack
                0x20001678      0x600 load address 0x08004b48
                0x20001678                . = ALIGN (0x8)
                [!provide]                PROVIDE (end = .)
                0x20001678                PROVIDE (_end = .)
                0x20001878                . = (. + _Min_Heap_Size)
 *fill*         0x20001678      0x200 
                0x20001c78                . = (. + _Min_Stack_Size)
 *fill*         0x20001878      0x400 
                0x20001c78                . = ALIGN (0x8)

/DISCARD/
 libc.a(*)
 libm.a(*)
 libgcc.a(*)

.ARM.attributes
                0x00000000       0x29
 *(.ARM.attributes)
 .ARM.attributes
                0x00000000       0x1d d:/stm32environment/arm/bin/../lib/gcc/arm-none-eabi/10.3.1/thumb/v7-m/nofp/crti.o
 .ARM.attributes
                0x0000001d       0x2d d:/stm32environment/arm/bin/../lib/gcc/arm-none-eabi/10.3.1/thumb/v7-m/nofp/crtbegin.o
 .ARM.attributes
                0x0000004a       0x2d CMakeFiles/car_project1.elf.dir/Core/Src/adc.c.obj
 .ARM.attributes
                0x00000077       0x2d CMakeFiles/car_project1.elf.dir/Core/Src/dma.c.obj
 .ARM.attributes
                0x000000a4       0x2d CMakeFiles/car_project1.elf.dir/Core/Src/freertos.c.obj
 .ARM.attributes
                0x000000d1       0x2d CMakeFiles/car_project1.elf.dir/Core/Src/gpio.c.obj
 .ARM.attributes
                0x000000fe       0x2d CMakeFiles/car_project1.elf.dir/Core/Src/main.c.obj
 .ARM.attributes
                0x0000012b       0x2d CMakeFiles/car_project1.elf.dir/Core/Src/spi.c.obj
 .ARM.attributes
                0x00000158       0x2d CMakeFiles/car_project1.elf.dir/Core/Src/stm32f1xx_hal_msp.c.obj
 .ARM.attributes
                0x00000185       0x2d CMakeFiles/car_project1.elf.dir/Core/Src/stm32f1xx_hal_timebase_tim.c.obj
 .ARM.attributes
                0x000001b2       0x2d CMakeFiles/car_project1.elf.dir/Core/Src/stm32f1xx_it.c.obj
 .ARM.attributes
                0x000001df       0x2d CMakeFiles/car_project1.elf.dir/Core/Src/system_stm32f1xx.c.obj
 .ARM.attributes
                0x0000020c       0x2d CMakeFiles/car_project1.elf.dir/Core/Src/tim.c.obj
 .ARM.attributes
                0x00000239       0x2d CMakeFiles/car_project1.elf.dir/Core/Src/usart.c.obj
 .ARM.attributes
                0x00000266       0x21 CMakeFiles/car_project1.elf.dir/Core/Startup/startup_stm32f103c8tx.s.obj
 .ARM.attributes
                0x00000287       0x2d CMakeFiles/car_project1.elf.dir/Drivers/STM32F1xx_HAL_Driver/Src/stm32f1xx_hal.c.obj
 .ARM.attributes
                0x000002b4       0x2d CMakeFiles/car_project1.elf.dir/Drivers/STM32F1xx_HAL_Driver/Src/stm32f1xx_hal_adc.c.obj
 .ARM.attributes
                0x000002e1       0x2d CMakeFiles/car_project1.elf.dir/Drivers/STM32F1xx_HAL_Driver/Src/stm32f1xx_hal_adc_ex.c.obj
 .ARM.attributes
                0x0000030e       0x2d CMakeFiles/car_project1.elf.dir/Drivers/STM32F1xx_HAL_Driver/Src/stm32f1xx_hal_cortex.c.obj
 .ARM.attributes
                0x0000033b       0x2d CMakeFiles/car_project1.elf.dir/Drivers/STM32F1xx_HAL_Driver/Src/stm32f1xx_hal_dma.c.obj
 .ARM.attributes
                0x00000368       0x2d CMakeFiles/car_project1.elf.dir/Drivers/STM32F1xx_HAL_Driver/Src/stm32f1xx_hal_gpio.c.obj
 .ARM.attributes
                0x00000395       0x2d CMakeFiles/car_project1.elf.dir/Drivers/STM32F1xx_HAL_Driver/Src/stm32f1xx_hal_rcc.c.obj
 .ARM.attributes
                0x000003c2       0x2d CMakeFiles/car_project1.elf.dir/Drivers/STM32F1xx_HAL_Driver/Src/stm32f1xx_hal_rcc_ex.c.obj
 .ARM.attributes
                0x000003ef       0x2d CMakeFiles/car_project1.elf.dir/Drivers/STM32F1xx_HAL_Driver/Src/stm32f1xx_hal_spi.c.obj
 .ARM.attributes
                0x0000041c       0x2d CMakeFiles/car_project1.elf.dir/Drivers/STM32F1xx_HAL_Driver/Src/stm32f1xx_hal_tim.c.obj
 .ARM.attributes
                0x00000449       0x2d CMakeFiles/car_project1.elf.dir/Drivers/STM32F1xx_HAL_Driver/Src/stm32f1xx_hal_tim_ex.c.obj
 .ARM.attributes
                0x00000476       0x2d CMakeFiles/car_project1.elf.dir/Drivers/STM32F1xx_HAL_Driver/Src/stm32f1xx_hal_uart.c.obj
 .ARM.attributes
                0x000004a3       0x2d CMakeFiles/car_project1.elf.dir/Middlewares/Third_Party/FreeRTOS/Source/CMSIS_RTOS/cmsis_os.c.obj
 .ARM.attributes
                0x000004d0       0x2d CMakeFiles/car_project1.elf.dir/Middlewares/Third_Party/FreeRTOS/Source/list.c.obj
 .ARM.attributes
                0x000004fd       0x2d CMakeFiles/car_project1.elf.dir/Middlewares/Third_Party/FreeRTOS/Source/portable/GCC/ARM_CM3/port.c.obj
 .ARM.attributes
                0x0000052a       0x2d CMakeFiles/car_project1.elf.dir/Middlewares/Third_Party/FreeRTOS/Source/portable/MemMang/heap_4.c.obj
 .ARM.attributes
                0x00000557       0x2d CMakeFiles/car_project1.elf.dir/Middlewares/Third_Party/FreeRTOS/Source/tasks.c.obj
 .ARM.attributes
                0x00000584       0x2d CMakeFiles/car_project1.elf.dir/modules/Src/SR04.c.obj
 .ARM.attributes
                0x000005b1       0x2d CMakeFiles/car_project1.elf.dir/modules/Src/dwt.c.obj
 .ARM.attributes
                0x000005de       0x2d CMakeFiles/car_project1.elf.dir/modules/Src/key.c.obj
 .ARM.attributes
                0x0000060b       0x2d CMakeFiles/car_project1.elf.dir/modules/Src/oled.c.obj
 .ARM.attributes
                0x00000638       0x1d d:/stm32environment/arm/bin/../lib/gcc/arm-none-eabi/10.3.1/thumb/v7-m/nofp\libgcc.a(_aeabi_uldivmod.o)
 .ARM.attributes
                0x00000655       0x2d d:/stm32environment/arm/bin/../lib/gcc/arm-none-eabi/10.3.1/thumb/v7-m/nofp\libgcc.a(_udivmoddi4.o)
 .ARM.attributes
                0x00000682       0x1d d:/stm32environment/arm/bin/../lib/gcc/arm-none-eabi/10.3.1/thumb/v7-m/nofp\libgcc.a(_dvmd_tls.o)
 .ARM.attributes
                0x0000069f       0x2d d:/stm32environment/arm/bin/../lib/gcc/arm-none-eabi/10.3.1/../../../../arm-none-eabi/lib/thumb/v7-m/nofp\libg.a(lib_a-impure.o)
 .ARM.attributes
                0x000006cc       0x2d d:/stm32environment/arm/bin/../lib/gcc/arm-none-eabi/10.3.1/../../../../arm-none-eabi/lib/thumb/v7-m/nofp\libg.a(lib_a-init.o)
 .ARM.attributes
                0x000006f9       0x2d d:/stm32environment/arm/bin/../lib/gcc/arm-none-eabi/10.3.1/../../../../arm-none-eabi/lib/thumb/v7-m/nofp\libg.a(lib_a-memset.o)
 .ARM.attributes
                0x00000726       0x2d d:/stm32environment/arm/bin/../lib/gcc/arm-none-eabi/10.3.1/../../../../arm-none-eabi/lib/thumb/v7-m/nofp\libg.a(lib_a-__call_atexit.o)
 .ARM.attributes
                0x00000753       0x2d d:/stm32environment/arm/bin/../lib/gcc/arm-none-eabi/10.3.1/../../../../arm-none-eabi/lib/thumb/v7-m/nofp\libg.a(lib_a-atexit.o)
 .ARM.attributes
                0x00000780       0x2d d:/stm32environment/arm/bin/../lib/gcc/arm-none-eabi/10.3.1/../../../../arm-none-eabi/lib/thumb/v7-m/nofp\libg.a(lib_a-fini.o)
 .ARM.attributes
                0x000007ad       0x2d d:/stm32environment/arm/bin/../lib/gcc/arm-none-eabi/10.3.1/../../../../arm-none-eabi/lib/thumb/v7-m/nofp\libg.a(lib_a-lock.o)
 .ARM.attributes
                0x000007da       0x2d d:/stm32environment/arm/bin/../lib/gcc/arm-none-eabi/10.3.1/../../../../arm-none-eabi/lib/thumb/v7-m/nofp\libg.a(lib_a-__atexit.o)
 .ARM.attributes
                0x00000807       0x1d d:/stm32environment/arm/bin/../lib/gcc/arm-none-eabi/10.3.1/thumb/v7-m/nofp/crtn.o
OUTPUT(car_project1.elf elf32-littlearm)
LOAD linker stubs
LOAD d:/stm32environment/arm/bin/../lib/gcc/arm-none-eabi/10.3.1/../../../../arm-none-eabi/lib/thumb/v7-m/nofp\libc.a
LOAD d:/stm32environment/arm/bin/../lib/gcc/arm-none-eabi/10.3.1/../../../../arm-none-eabi/lib/thumb/v7-m/nofp\libm.a
LOAD d:/stm32environment/arm/bin/../lib/gcc/arm-none-eabi/10.3.1/thumb/v7-m/nofp\libgcc.a

.debug_info     0x00000000    0x1da36
 .debug_info    0x00000000      0x955 CMakeFiles/car_project1.elf.dir/Core/Src/adc.c.obj
 .debug_info    0x00000955      0x2f4 CMakeFiles/car_project1.elf.dir/Core/Src/dma.c.obj
 .debug_info    0x00000c49      0xf1a CMakeFiles/car_project1.elf.dir/Core/Src/freertos.c.obj
 .debug_info    0x00001b63      0x3d7 CMakeFiles/car_project1.elf.dir/Core/Src/gpio.c.obj
 .debug_info    0x00001f3a      0xdf0 CMakeFiles/car_project1.elf.dir/Core/Src/main.c.obj
 .debug_info    0x00002d2a      0x87e CMakeFiles/car_project1.elf.dir/Core/Src/spi.c.obj
 .debug_info    0x000035a8      0x387 CMakeFiles/car_project1.elf.dir/Core/Src/stm32f1xx_hal_msp.c.obj
 .debug_info    0x0000392f      0xa31 CMakeFiles/car_project1.elf.dir/Core/Src/stm32f1xx_hal_timebase_tim.c.obj
 .debug_info    0x00004360      0x6e7 CMakeFiles/car_project1.elf.dir/Core/Src/stm32f1xx_it.c.obj
 .debug_info    0x00004a47      0x248 CMakeFiles/car_project1.elf.dir/Core/Src/system_stm32f1xx.c.obj
 .debug_info    0x00004c8f      0xe57 CMakeFiles/car_project1.elf.dir/Core/Src/tim.c.obj
 .debug_info    0x00005ae6      0x855 CMakeFiles/car_project1.elf.dir/Core/Src/usart.c.obj
 .debug_info    0x0000633b       0x22 CMakeFiles/car_project1.elf.dir/Core/Startup/startup_stm32f103c8tx.s.obj
 .debug_info    0x0000635d      0x7a8 CMakeFiles/car_project1.elf.dir/Drivers/STM32F1xx_HAL_Driver/Src/stm32f1xx_hal.c.obj
 .debug_info    0x00006b05      0xf3f CMakeFiles/car_project1.elf.dir/Drivers/STM32F1xx_HAL_Driver/Src/stm32f1xx_hal_adc.c.obj
 .debug_info    0x00007a44      0xc40 CMakeFiles/car_project1.elf.dir/Drivers/STM32F1xx_HAL_Driver/Src/stm32f1xx_hal_adc_ex.c.obj
 .debug_info    0x00008684      0xd8a CMakeFiles/car_project1.elf.dir/Drivers/STM32F1xx_HAL_Driver/Src/stm32f1xx_hal_cortex.c.obj
 .debug_info    0x0000940e      0x84b CMakeFiles/car_project1.elf.dir/Drivers/STM32F1xx_HAL_Driver/Src/stm32f1xx_hal_dma.c.obj
 .debug_info    0x00009c59      0x66f CMakeFiles/car_project1.elf.dir/Drivers/STM32F1xx_HAL_Driver/Src/stm32f1xx_hal_gpio.c.obj
 .debug_info    0x0000a2c8      0xa3b CMakeFiles/car_project1.elf.dir/Drivers/STM32F1xx_HAL_Driver/Src/stm32f1xx_hal_rcc.c.obj
 .debug_info    0x0000ad03      0x449 CMakeFiles/car_project1.elf.dir/Drivers/STM32F1xx_HAL_Driver/Src/stm32f1xx_hal_rcc_ex.c.obj
 .debug_info    0x0000b14c     0x1c88 CMakeFiles/car_project1.elf.dir/Drivers/STM32F1xx_HAL_Driver/Src/stm32f1xx_hal_spi.c.obj
 .debug_info    0x0000cdd4     0x3d7c CMakeFiles/car_project1.elf.dir/Drivers/STM32F1xx_HAL_Driver/Src/stm32f1xx_hal_tim.c.obj
 .debug_info    0x00010b50     0x1abb CMakeFiles/car_project1.elf.dir/Drivers/STM32F1xx_HAL_Driver/Src/stm32f1xx_hal_tim_ex.c.obj
 .debug_info    0x0001260b     0x4115 CMakeFiles/car_project1.elf.dir/Drivers/STM32F1xx_HAL_Driver/Src/stm32f1xx_hal_uart.c.obj
 .debug_info    0x00016720     0x222b CMakeFiles/car_project1.elf.dir/Middlewares/Third_Party/FreeRTOS/Source/CMSIS_RTOS/cmsis_os.c.obj
 .debug_info    0x0001894b      0x2e0 CMakeFiles/car_project1.elf.dir/Middlewares/Third_Party/FreeRTOS/Source/list.c.obj
 .debug_info    0x00018c2b      0x52b CMakeFiles/car_project1.elf.dir/Middlewares/Third_Party/FreeRTOS/Source/portable/GCC/ARM_CM3/port.c.obj
 .debug_info    0x00019156      0x5d9 CMakeFiles/car_project1.elf.dir/Middlewares/Third_Party/FreeRTOS/Source/portable/MemMang/heap_4.c.obj
 .debug_info    0x0001972f     0x2971 CMakeFiles/car_project1.elf.dir/Middlewares/Third_Party/FreeRTOS/Source/tasks.c.obj
 .debug_info    0x0001c0a0      0x2dc CMakeFiles/car_project1.elf.dir/modules/Src/SR04.c.obj
 .debug_info    0x0001c37c      0x636 CMakeFiles/car_project1.elf.dir/modules/Src/dwt.c.obj
 .debug_info    0x0001c9b2      0x2d4 CMakeFiles/car_project1.elf.dir/modules/Src/key.c.obj
 .debug_info    0x0001cc86      0xdb0 CMakeFiles/car_project1.elf.dir/modules/Src/oled.c.obj

.debug_abbrev   0x00000000     0x41ea
 .debug_abbrev  0x00000000      0x1c9 CMakeFiles/car_project1.elf.dir/Core/Src/adc.c.obj
 .debug_abbrev  0x000001c9      0x114 CMakeFiles/car_project1.elf.dir/Core/Src/dma.c.obj
 .debug_abbrev  0x000002dd      0x21f CMakeFiles/car_project1.elf.dir/Core/Src/freertos.c.obj
 .debug_abbrev  0x000004fc      0x13c CMakeFiles/car_project1.elf.dir/Core/Src/gpio.c.obj
 .debug_abbrev  0x00000638      0x217 CMakeFiles/car_project1.elf.dir/Core/Src/main.c.obj
 .debug_abbrev  0x0000084f      0x1c8 CMakeFiles/car_project1.elf.dir/Core/Src/spi.c.obj
 .debug_abbrev  0x00000a17      0x12d CMakeFiles/car_project1.elf.dir/Core/Src/stm32f1xx_hal_msp.c.obj
 .debug_abbrev  0x00000b44      0x1ff CMakeFiles/car_project1.elf.dir/Core/Src/stm32f1xx_hal_timebase_tim.c.obj
 .debug_abbrev  0x00000d43      0x179 CMakeFiles/car_project1.elf.dir/Core/Src/stm32f1xx_it.c.obj
 .debug_abbrev  0x00000ebc      0x13e CMakeFiles/car_project1.elf.dir/Core/Src/system_stm32f1xx.c.obj
 .debug_abbrev  0x00000ffa      0x266 CMakeFiles/car_project1.elf.dir/Core/Src/tim.c.obj
 .debug_abbrev  0x00001260      0x1c8 CMakeFiles/car_project1.elf.dir/Core/Src/usart.c.obj
 .debug_abbrev  0x00001428       0x12 CMakeFiles/car_project1.elf.dir/Core/Startup/startup_stm32f103c8tx.s.obj
 .debug_abbrev  0x0000143a      0x1f4 CMakeFiles/car_project1.elf.dir/Drivers/STM32F1xx_HAL_Driver/Src/stm32f1xx_hal.c.obj
 .debug_abbrev  0x0000162e      0x1fc CMakeFiles/car_project1.elf.dir/Drivers/STM32F1xx_HAL_Driver/Src/stm32f1xx_hal_adc.c.obj
 .debug_abbrev  0x0000182a      0x248 CMakeFiles/car_project1.elf.dir/Drivers/STM32F1xx_HAL_Driver/Src/stm32f1xx_hal_adc_ex.c.obj
 .debug_abbrev  0x00001a72      0x341 CMakeFiles/car_project1.elf.dir/Drivers/STM32F1xx_HAL_Driver/Src/stm32f1xx_hal_cortex.c.obj
 .debug_abbrev  0x00001db3      0x223 CMakeFiles/car_project1.elf.dir/Drivers/STM32F1xx_HAL_Driver/Src/stm32f1xx_hal_dma.c.obj
 .debug_abbrev  0x00001fd6      0x1e6 CMakeFiles/car_project1.elf.dir/Drivers/STM32F1xx_HAL_Driver/Src/stm32f1xx_hal_gpio.c.obj
 .debug_abbrev  0x000021bc      0x27a CMakeFiles/car_project1.elf.dir/Drivers/STM32F1xx_HAL_Driver/Src/stm32f1xx_hal_rcc.c.obj
 .debug_abbrev  0x00002436      0x1d2 CMakeFiles/car_project1.elf.dir/Drivers/STM32F1xx_HAL_Driver/Src/stm32f1xx_hal_rcc_ex.c.obj
 .debug_abbrev  0x00002608      0x233 CMakeFiles/car_project1.elf.dir/Drivers/STM32F1xx_HAL_Driver/Src/stm32f1xx_hal_spi.c.obj
 .debug_abbrev  0x0000283b      0x245 CMakeFiles/car_project1.elf.dir/Drivers/STM32F1xx_HAL_Driver/Src/stm32f1xx_hal_tim.c.obj
 .debug_abbrev  0x00002a80      0x248 CMakeFiles/car_project1.elf.dir/Drivers/STM32F1xx_HAL_Driver/Src/stm32f1xx_hal_tim_ex.c.obj
 .debug_abbrev  0x00002cc8      0x2dd CMakeFiles/car_project1.elf.dir/Drivers/STM32F1xx_HAL_Driver/Src/stm32f1xx_hal_uart.c.obj
 .debug_abbrev  0x00002fa5      0x35b CMakeFiles/car_project1.elf.dir/Middlewares/Third_Party/FreeRTOS/Source/CMSIS_RTOS/cmsis_os.c.obj
 .debug_abbrev  0x00003300      0x106 CMakeFiles/car_project1.elf.dir/Middlewares/Third_Party/FreeRTOS/Source/list.c.obj
 .debug_abbrev  0x00003406      0x27e CMakeFiles/car_project1.elf.dir/Middlewares/Third_Party/FreeRTOS/Source/portable/GCC/ARM_CM3/port.c.obj
 .debug_abbrev  0x00003684      0x24b CMakeFiles/car_project1.elf.dir/Middlewares/Third_Party/FreeRTOS/Source/portable/MemMang/heap_4.c.obj
 .debug_abbrev  0x000038cf      0x313 CMakeFiles/car_project1.elf.dir/Middlewares/Third_Party/FreeRTOS/Source/tasks.c.obj
 .debug_abbrev  0x00003be2      0x105 CMakeFiles/car_project1.elf.dir/modules/Src/SR04.c.obj
 .debug_abbrev  0x00003ce7      0x175 CMakeFiles/car_project1.elf.dir/modules/Src/dwt.c.obj
 .debug_abbrev  0x00003e5c      0x199 CMakeFiles/car_project1.elf.dir/modules/Src/key.c.obj
 .debug_abbrev  0x00003ff5      0x1f5 CMakeFiles/car_project1.elf.dir/modules/Src/oled.c.obj

.debug_loc      0x00000000    0x1484b
 .debug_loc     0x00000000       0x71 CMakeFiles/car_project1.elf.dir/Core/Src/adc.c.obj
 .debug_loc     0x00000071       0x6f CMakeFiles/car_project1.elf.dir/Core/Src/freertos.c.obj
 .debug_loc     0x000000e0       0x42 CMakeFiles/car_project1.elf.dir/Core/Src/main.c.obj
 .debug_loc     0x00000122       0x84 CMakeFiles/car_project1.elf.dir/Core/Src/spi.c.obj
 .debug_loc     0x000001a6       0x15 CMakeFiles/car_project1.elf.dir/Core/Src/stm32f1xx_hal_msp.c.obj
 .debug_loc     0x000001bb       0xd0 CMakeFiles/car_project1.elf.dir/Core/Src/stm32f1xx_hal_timebase_tim.c.obj
 .debug_loc     0x0000028b       0xff CMakeFiles/car_project1.elf.dir/Core/Src/system_stm32f1xx.c.obj
 .debug_loc     0x0000038a       0xe6 CMakeFiles/car_project1.elf.dir/Core/Src/tim.c.obj
 .debug_loc     0x00000470       0x84 CMakeFiles/car_project1.elf.dir/Core/Src/usart.c.obj
 .debug_loc     0x000004f4      0x141 CMakeFiles/car_project1.elf.dir/Drivers/STM32F1xx_HAL_Driver/Src/stm32f1xx_hal.c.obj
 .debug_loc     0x00000635      0xb03 CMakeFiles/car_project1.elf.dir/Drivers/STM32F1xx_HAL_Driver/Src/stm32f1xx_hal_adc.c.obj
 .debug_loc     0x00001138      0x801 CMakeFiles/car_project1.elf.dir/Drivers/STM32F1xx_HAL_Driver/Src/stm32f1xx_hal_adc_ex.c.obj
 .debug_loc     0x00001939      0x71f CMakeFiles/car_project1.elf.dir/Drivers/STM32F1xx_HAL_Driver/Src/stm32f1xx_hal_cortex.c.obj
 .debug_loc     0x00002058      0x7d1 CMakeFiles/car_project1.elf.dir/Drivers/STM32F1xx_HAL_Driver/Src/stm32f1xx_hal_dma.c.obj
 .debug_loc     0x00002829      0x47d CMakeFiles/car_project1.elf.dir/Drivers/STM32F1xx_HAL_Driver/Src/stm32f1xx_hal_gpio.c.obj
 .debug_loc     0x00002ca6      0x618 CMakeFiles/car_project1.elf.dir/Drivers/STM32F1xx_HAL_Driver/Src/stm32f1xx_hal_rcc.c.obj
 .debug_loc     0x000032be      0x43d CMakeFiles/car_project1.elf.dir/Drivers/STM32F1xx_HAL_Driver/Src/stm32f1xx_hal_rcc_ex.c.obj
 .debug_loc     0x000036fb     0x1b69 CMakeFiles/car_project1.elf.dir/Drivers/STM32F1xx_HAL_Driver/Src/stm32f1xx_hal_spi.c.obj
 .debug_loc     0x00005264     0x5124 CMakeFiles/car_project1.elf.dir/Drivers/STM32F1xx_HAL_Driver/Src/stm32f1xx_hal_tim.c.obj
 .debug_loc     0x0000a388     0x1c93 CMakeFiles/car_project1.elf.dir/Drivers/STM32F1xx_HAL_Driver/Src/stm32f1xx_hal_tim_ex.c.obj
 .debug_loc     0x0000c01b     0x46bb CMakeFiles/car_project1.elf.dir/Drivers/STM32F1xx_HAL_Driver/Src/stm32f1xx_hal_uart.c.obj
 .debug_loc     0x000106d6     0x12e6 CMakeFiles/car_project1.elf.dir/Middlewares/Third_Party/FreeRTOS/Source/CMSIS_RTOS/cmsis_os.c.obj
 .debug_loc     0x000119bc       0xad CMakeFiles/car_project1.elf.dir/Middlewares/Third_Party/FreeRTOS/Source/list.c.obj
 .debug_loc     0x00011a69       0xe8 CMakeFiles/car_project1.elf.dir/Middlewares/Third_Party/FreeRTOS/Source/portable/GCC/ARM_CM3/port.c.obj
 .debug_loc     0x00011b51      0x434 CMakeFiles/car_project1.elf.dir/Middlewares/Third_Party/FreeRTOS/Source/portable/MemMang/heap_4.c.obj
 .debug_loc     0x00011f85     0x1e83 CMakeFiles/car_project1.elf.dir/Middlewares/Third_Party/FreeRTOS/Source/tasks.c.obj
 .debug_loc     0x00013e08       0x6e CMakeFiles/car_project1.elf.dir/modules/Src/SR04.c.obj
 .debug_loc     0x00013e76      0x28a CMakeFiles/car_project1.elf.dir/modules/Src/dwt.c.obj
 .debug_loc     0x00014100       0x50 CMakeFiles/car_project1.elf.dir/modules/Src/key.c.obj
 .debug_loc     0x00014150      0x6fb CMakeFiles/car_project1.elf.dir/modules/Src/oled.c.obj

.debug_aranges  0x00000000     0x1600
 .debug_aranges
                0x00000000       0x30 CMakeFiles/car_project1.elf.dir/Core/Src/adc.c.obj
 .debug_aranges
                0x00000030       0x20 CMakeFiles/car_project1.elf.dir/Core/Src/dma.c.obj
 .debug_aranges
                0x00000050       0x40 CMakeFiles/car_project1.elf.dir/Core/Src/freertos.c.obj
 .debug_aranges
                0x00000090       0x20 CMakeFiles/car_project1.elf.dir/Core/Src/gpio.c.obj
 .debug_aranges
                0x000000b0       0x38 CMakeFiles/car_project1.elf.dir/Core/Src/main.c.obj
 .debug_aranges
                0x000000e8       0x30 CMakeFiles/car_project1.elf.dir/Core/Src/spi.c.obj
 .debug_aranges
                0x00000118       0x20 CMakeFiles/car_project1.elf.dir/Core/Src/stm32f1xx_hal_msp.c.obj
 .debug_aranges
                0x00000138       0x30 CMakeFiles/car_project1.elf.dir/Core/Src/stm32f1xx_hal_timebase_tim.c.obj
 .debug_aranges
                0x00000168       0x58 CMakeFiles/car_project1.elf.dir/Core/Src/stm32f1xx_it.c.obj
 .debug_aranges
                0x000001c0       0x28 CMakeFiles/car_project1.elf.dir/Core/Src/system_stm32f1xx.c.obj
 .debug_aranges
                0x000001e8       0x48 CMakeFiles/car_project1.elf.dir/Core/Src/tim.c.obj
 .debug_aranges
                0x00000230       0x30 CMakeFiles/car_project1.elf.dir/Core/Src/usart.c.obj
 .debug_aranges
                0x00000260       0x28 CMakeFiles/car_project1.elf.dir/Core/Startup/startup_stm32f103c8tx.s.obj
 .debug_aranges
                0x00000288       0xe0 CMakeFiles/car_project1.elf.dir/Drivers/STM32F1xx_HAL_Driver/Src/stm32f1xx_hal.c.obj
 .debug_aranges
                0x00000368       0xf0 CMakeFiles/car_project1.elf.dir/Drivers/STM32F1xx_HAL_Driver/Src/stm32f1xx_hal_adc.c.obj
 .debug_aranges
                0x00000458       0x80 CMakeFiles/car_project1.elf.dir/Drivers/STM32F1xx_HAL_Driver/Src/stm32f1xx_hal_adc_ex.c.obj
 .debug_aranges
                0x000004d8       0x90 CMakeFiles/car_project1.elf.dir/Drivers/STM32F1xx_HAL_Driver/Src/stm32f1xx_hal_cortex.c.obj
 .debug_aranges
                0x00000568       0x80 CMakeFiles/car_project1.elf.dir/Drivers/STM32F1xx_HAL_Driver/Src/stm32f1xx_hal_dma.c.obj
 .debug_aranges
                0x000005e8       0x58 CMakeFiles/car_project1.elf.dir/Drivers/STM32F1xx_HAL_Driver/Src/stm32f1xx_hal_gpio.c.obj
 .debug_aranges
                0x00000640       0x90 CMakeFiles/car_project1.elf.dir/Drivers/STM32F1xx_HAL_Driver/Src/stm32f1xx_hal_rcc.c.obj
 .debug_aranges
                0x000006d0       0x30 CMakeFiles/car_project1.elf.dir/Drivers/STM32F1xx_HAL_Driver/Src/stm32f1xx_hal_rcc_ex.c.obj
 .debug_aranges
                0x00000700      0x1d0 CMakeFiles/car_project1.elf.dir/Drivers/STM32F1xx_HAL_Driver/Src/stm32f1xx_hal_spi.c.obj
 .debug_aranges
                0x000008d0      0x3d0 CMakeFiles/car_project1.elf.dir/Drivers/STM32F1xx_HAL_Driver/Src/stm32f1xx_hal_tim.c.obj
 .debug_aranges
                0x00000ca0      0x168 CMakeFiles/car_project1.elf.dir/Drivers/STM32F1xx_HAL_Driver/Src/stm32f1xx_hal_tim_ex.c.obj
 .debug_aranges
                0x00000e08      0x208 CMakeFiles/car_project1.elf.dir/Drivers/STM32F1xx_HAL_Driver/Src/stm32f1xx_hal_uart.c.obj
 .debug_aranges
                0x00001010      0x1d8 CMakeFiles/car_project1.elf.dir/Middlewares/Third_Party/FreeRTOS/Source/CMSIS_RTOS/cmsis_os.c.obj
 .debug_aranges
                0x000011e8       0x40 CMakeFiles/car_project1.elf.dir/Middlewares/Third_Party/FreeRTOS/Source/list.c.obj
 .debug_aranges
                0x00001228       0x78 CMakeFiles/car_project1.elf.dir/Middlewares/Third_Party/FreeRTOS/Source/portable/GCC/ARM_CM3/port.c.obj
 .debug_aranges
                0x000012a0       0x58 CMakeFiles/car_project1.elf.dir/Middlewares/Third_Party/FreeRTOS/Source/portable/MemMang/heap_4.c.obj
 .debug_aranges
                0x000012f8      0x1b8 CMakeFiles/car_project1.elf.dir/Middlewares/Third_Party/FreeRTOS/Source/tasks.c.obj
 .debug_aranges
                0x000014b0       0x20 CMakeFiles/car_project1.elf.dir/modules/Src/SR04.c.obj
 .debug_aranges
                0x000014d0       0x68 CMakeFiles/car_project1.elf.dir/modules/Src/dwt.c.obj
 .debug_aranges
                0x00001538       0x30 CMakeFiles/car_project1.elf.dir/modules/Src/key.c.obj
 .debug_aranges
                0x00001568       0x98 CMakeFiles/car_project1.elf.dir/modules/Src/oled.c.obj

.debug_ranges   0x00000000     0x1588
 .debug_ranges  0x00000000       0x20 CMakeFiles/car_project1.elf.dir/Core/Src/adc.c.obj
 .debug_ranges  0x00000020       0x10 CMakeFiles/car_project1.elf.dir/Core/Src/dma.c.obj
 .debug_ranges  0x00000030       0x30 CMakeFiles/car_project1.elf.dir/Core/Src/freertos.c.obj
 .debug_ranges  0x00000060       0x10 CMakeFiles/car_project1.elf.dir/Core/Src/gpio.c.obj
 .debug_ranges  0x00000070       0x28 CMakeFiles/car_project1.elf.dir/Core/Src/main.c.obj
 .debug_ranges  0x00000098       0x20 CMakeFiles/car_project1.elf.dir/Core/Src/spi.c.obj
 .debug_ranges  0x000000b8       0x10 CMakeFiles/car_project1.elf.dir/Core/Src/stm32f1xx_hal_msp.c.obj
 .debug_ranges  0x000000c8       0x20 CMakeFiles/car_project1.elf.dir/Core/Src/stm32f1xx_hal_timebase_tim.c.obj
 .debug_ranges  0x000000e8       0x48 CMakeFiles/car_project1.elf.dir/Core/Src/stm32f1xx_it.c.obj
 .debug_ranges  0x00000130       0x18 CMakeFiles/car_project1.elf.dir/Core/Src/system_stm32f1xx.c.obj
 .debug_ranges  0x00000148       0x38 CMakeFiles/car_project1.elf.dir/Core/Src/tim.c.obj
 .debug_ranges  0x00000180       0x20 CMakeFiles/car_project1.elf.dir/Core/Src/usart.c.obj
 .debug_ranges  0x000001a0       0x20 CMakeFiles/car_project1.elf.dir/Core/Startup/startup_stm32f103c8tx.s.obj
 .debug_ranges  0x000001c0       0xd0 CMakeFiles/car_project1.elf.dir/Drivers/STM32F1xx_HAL_Driver/Src/stm32f1xx_hal.c.obj
 .debug_ranges  0x00000290       0xe0 CMakeFiles/car_project1.elf.dir/Drivers/STM32F1xx_HAL_Driver/Src/stm32f1xx_hal_adc.c.obj
 .debug_ranges  0x00000370       0x70 CMakeFiles/car_project1.elf.dir/Drivers/STM32F1xx_HAL_Driver/Src/stm32f1xx_hal_adc_ex.c.obj
 .debug_ranges  0x000003e0       0xe0 CMakeFiles/car_project1.elf.dir/Drivers/STM32F1xx_HAL_Driver/Src/stm32f1xx_hal_cortex.c.obj
 .debug_ranges  0x000004c0       0x70 CMakeFiles/car_project1.elf.dir/Drivers/STM32F1xx_HAL_Driver/Src/stm32f1xx_hal_dma.c.obj
 .debug_ranges  0x00000530       0x48 CMakeFiles/car_project1.elf.dir/Drivers/STM32F1xx_HAL_Driver/Src/stm32f1xx_hal_gpio.c.obj
 .debug_ranges  0x00000578       0xa0 CMakeFiles/car_project1.elf.dir/Drivers/STM32F1xx_HAL_Driver/Src/stm32f1xx_hal_rcc.c.obj
 .debug_ranges  0x00000618       0x38 CMakeFiles/car_project1.elf.dir/Drivers/STM32F1xx_HAL_Driver/Src/stm32f1xx_hal_rcc_ex.c.obj
 .debug_ranges  0x00000650      0x1c0 CMakeFiles/car_project1.elf.dir/Drivers/STM32F1xx_HAL_Driver/Src/stm32f1xx_hal_spi.c.obj
 .debug_ranges  0x00000810      0x3c0 CMakeFiles/car_project1.elf.dir/Drivers/STM32F1xx_HAL_Driver/Src/stm32f1xx_hal_tim.c.obj
 .debug_ranges  0x00000bd0      0x158 CMakeFiles/car_project1.elf.dir/Drivers/STM32F1xx_HAL_Driver/Src/stm32f1xx_hal_tim_ex.c.obj
 .debug_ranges  0x00000d28      0x210 CMakeFiles/car_project1.elf.dir/Drivers/STM32F1xx_HAL_Driver/Src/stm32f1xx_hal_uart.c.obj
 .debug_ranges  0x00000f38      0x1c8 CMakeFiles/car_project1.elf.dir/Middlewares/Third_Party/FreeRTOS/Source/CMSIS_RTOS/cmsis_os.c.obj
 .debug_ranges  0x00001100       0x30 CMakeFiles/car_project1.elf.dir/Middlewares/Third_Party/FreeRTOS/Source/list.c.obj
 .debug_ranges  0x00001130       0x68 CMakeFiles/car_project1.elf.dir/Middlewares/Third_Party/FreeRTOS/Source/portable/GCC/ARM_CM3/port.c.obj
 .debug_ranges  0x00001198       0x48 CMakeFiles/car_project1.elf.dir/Middlewares/Third_Party/FreeRTOS/Source/portable/MemMang/heap_4.c.obj
 .debug_ranges  0x000011e0      0x280 CMakeFiles/car_project1.elf.dir/Middlewares/Third_Party/FreeRTOS/Source/tasks.c.obj
 .debug_ranges  0x00001460       0x10 CMakeFiles/car_project1.elf.dir/modules/Src/SR04.c.obj
 .debug_ranges  0x00001470       0x70 CMakeFiles/car_project1.elf.dir/modules/Src/dwt.c.obj
 .debug_ranges  0x000014e0       0x20 CMakeFiles/car_project1.elf.dir/modules/Src/key.c.obj
 .debug_ranges  0x00001500       0x88 CMakeFiles/car_project1.elf.dir/modules/Src/oled.c.obj

.debug_line     0x00000000    0x19203
 .debug_line    0x00000000      0x3d4 CMakeFiles/car_project1.elf.dir/Core/Src/adc.c.obj
 .debug_line    0x000003d4      0x18f CMakeFiles/car_project1.elf.dir/Core/Src/dma.c.obj
 .debug_line    0x00000563      0x46e CMakeFiles/car_project1.elf.dir/Core/Src/freertos.c.obj
 .debug_line    0x000009d1      0x257 CMakeFiles/car_project1.elf.dir/Core/Src/gpio.c.obj
 .debug_line    0x00000c28      0x4c0 CMakeFiles/car_project1.elf.dir/Core/Src/main.c.obj
 .debug_line    0x000010e8      0x314 CMakeFiles/car_project1.elf.dir/Core/Src/spi.c.obj
 .debug_line    0x000013fc      0x1a8 CMakeFiles/car_project1.elf.dir/Core/Src/stm32f1xx_hal_msp.c.obj
 .debug_line    0x000015a4      0x2d9 CMakeFiles/car_project1.elf.dir/Core/Src/stm32f1xx_hal_timebase_tim.c.obj
 .debug_line    0x0000187d      0x2a4 CMakeFiles/car_project1.elf.dir/Core/Src/stm32f1xx_it.c.obj
 .debug_line    0x00001b21      0x220 CMakeFiles/car_project1.elf.dir/Core/Src/system_stm32f1xx.c.obj
 .debug_line    0x00001d41      0x5bd CMakeFiles/car_project1.elf.dir/Core/Src/tim.c.obj
 .debug_line    0x000022fe      0x2f9 CMakeFiles/car_project1.elf.dir/Core/Src/usart.c.obj
 .debug_line    0x000025f7       0x99 CMakeFiles/car_project1.elf.dir/Core/Startup/startup_stm32f103c8tx.s.obj
 .debug_line    0x00002690      0x534 CMakeFiles/car_project1.elf.dir/Drivers/STM32F1xx_HAL_Driver/Src/stm32f1xx_hal.c.obj
 .debug_line    0x00002bc4      0xedd CMakeFiles/car_project1.elf.dir/Drivers/STM32F1xx_HAL_Driver/Src/stm32f1xx_hal_adc.c.obj
 .debug_line    0x00003aa1      0xbc5 CMakeFiles/car_project1.elf.dir/Drivers/STM32F1xx_HAL_Driver/Src/stm32f1xx_hal_adc_ex.c.obj
 .debug_line    0x00004666      0x629 CMakeFiles/car_project1.elf.dir/Drivers/STM32F1xx_HAL_Driver/Src/stm32f1xx_hal_cortex.c.obj
 .debug_line    0x00004c8f      0xa4a CMakeFiles/car_project1.elf.dir/Drivers/STM32F1xx_HAL_Driver/Src/stm32f1xx_hal_dma.c.obj
 .debug_line    0x000056d9      0x5d1 CMakeFiles/car_project1.elf.dir/Drivers/STM32F1xx_HAL_Driver/Src/stm32f1xx_hal_gpio.c.obj
 .debug_line    0x00005caa      0xc0e CMakeFiles/car_project1.elf.dir/Drivers/STM32F1xx_HAL_Driver/Src/stm32f1xx_hal_rcc.c.obj
 .debug_line    0x000068b8      0x483 CMakeFiles/car_project1.elf.dir/Drivers/STM32F1xx_HAL_Driver/Src/stm32f1xx_hal_rcc_ex.c.obj
 .debug_line    0x00006d3b     0x2608 CMakeFiles/car_project1.elf.dir/Drivers/STM32F1xx_HAL_Driver/Src/stm32f1xx_hal_spi.c.obj
 .debug_line    0x00009343     0x495c CMakeFiles/car_project1.elf.dir/Drivers/STM32F1xx_HAL_Driver/Src/stm32f1xx_hal_tim.c.obj
 .debug_line    0x0000dc9f     0x1bbb CMakeFiles/car_project1.elf.dir/Drivers/STM32F1xx_HAL_Driver/Src/stm32f1xx_hal_tim_ex.c.obj
 .debug_line    0x0000f85a     0x429d CMakeFiles/car_project1.elf.dir/Drivers/STM32F1xx_HAL_Driver/Src/stm32f1xx_hal_uart.c.obj
 .debug_line    0x00013af7     0x11ab CMakeFiles/car_project1.elf.dir/Middlewares/Third_Party/FreeRTOS/Source/CMSIS_RTOS/cmsis_os.c.obj
 .debug_line    0x00014ca2      0x364 CMakeFiles/car_project1.elf.dir/Middlewares/Third_Party/FreeRTOS/Source/list.c.obj
 .debug_line    0x00015006      0x615 CMakeFiles/car_project1.elf.dir/Middlewares/Third_Party/FreeRTOS/Source/portable/GCC/ARM_CM3/port.c.obj
 .debug_line    0x0001561b      0x722 CMakeFiles/car_project1.elf.dir/Middlewares/Third_Party/FreeRTOS/Source/portable/MemMang/heap_4.c.obj
 .debug_line    0x00015d3d     0x24ca CMakeFiles/car_project1.elf.dir/Middlewares/Third_Party/FreeRTOS/Source/tasks.c.obj
 .debug_line    0x00018207      0x230 CMakeFiles/car_project1.elf.dir/modules/Src/SR04.c.obj
 .debug_line    0x00018437      0x36f CMakeFiles/car_project1.elf.dir/modules/Src/dwt.c.obj
 .debug_line    0x000187a6      0x331 CMakeFiles/car_project1.elf.dir/modules/Src/key.c.obj
 .debug_line    0x00018ad7      0x72c CMakeFiles/car_project1.elf.dir/modules/Src/oled.c.obj

.debug_str      0x00000000     0x6b20
 .debug_str     0x00000000      0x5a1 CMakeFiles/car_project1.elf.dir/Core/Src/adc.c.obj
                                0x669 (size before relaxing)
 .debug_str     0x000005a1      0x32e CMakeFiles/car_project1.elf.dir/Core/Src/dma.c.obj
                                0x504 (size before relaxing)
 .debug_str     0x000008cf      0x6d8 CMakeFiles/car_project1.elf.dir/Core/Src/freertos.c.obj
                                0xc20 (size before relaxing)
 .debug_str     0x00000fa7       0x61 CMakeFiles/car_project1.elf.dir/Core/Src/gpio.c.obj
                                0x2a1 (size before relaxing)
 .debug_str     0x00001008      0x305 CMakeFiles/car_project1.elf.dir/Core/Src/main.c.obj
                                0xb0f (size before relaxing)
 .debug_str     0x0000130d      0x21c CMakeFiles/car_project1.elf.dir/Core/Src/spi.c.obj
                                0x6af (size before relaxing)
 .debug_str     0x00001529       0x6d CMakeFiles/car_project1.elf.dir/Core/Src/stm32f1xx_hal_msp.c.obj
                                0x52d (size before relaxing)
 .debug_str     0x00001596      0x11c CMakeFiles/car_project1.elf.dir/Core/Src/stm32f1xx_hal_timebase_tim.c.obj
                                0xb26 (size before relaxing)
 .debug_str     0x000016b2       0xe5 CMakeFiles/car_project1.elf.dir/Core/Src/stm32f1xx_it.c.obj
                                0x739 (size before relaxing)
 .debug_str     0x00001797       0x91 CMakeFiles/car_project1.elf.dir/Core/Src/system_stm32f1xx.c.obj
                                0x278 (size before relaxing)
 .debug_str     0x00001828      0x17b CMakeFiles/car_project1.elf.dir/Core/Src/tim.c.obj
                                0x905 (size before relaxing)
 .debug_str     0x000019a3      0x1f7 CMakeFiles/car_project1.elf.dir/Core/Src/usart.c.obj
                                0x6e4 (size before relaxing)
 .debug_str     0x00001b9a       0x49 CMakeFiles/car_project1.elf.dir/Core/Startup/startup_stm32f103c8tx.s.obj
                                 0x71 (size before relaxing)
 .debug_str     0x00001be3      0x2c1 CMakeFiles/car_project1.elf.dir/Drivers/STM32F1xx_HAL_Driver/Src/stm32f1xx_hal.c.obj
                                0x848 (size before relaxing)
 .debug_str     0x00001ea4      0x336 CMakeFiles/car_project1.elf.dir/Drivers/STM32F1xx_HAL_Driver/Src/stm32f1xx_hal_adc.c.obj
                                0x8fe (size before relaxing)
 .debug_str     0x000021da      0x288 CMakeFiles/car_project1.elf.dir/Drivers/STM32F1xx_HAL_Driver/Src/stm32f1xx_hal_adc_ex.c.obj
                                0x8b0 (size before relaxing)
 .debug_str     0x00002462      0x3bc CMakeFiles/car_project1.elf.dir/Drivers/STM32F1xx_HAL_Driver/Src/stm32f1xx_hal_cortex.c.obj
                                0x8f7 (size before relaxing)
 .debug_str     0x0000281e      0x204 CMakeFiles/car_project1.elf.dir/Drivers/STM32F1xx_HAL_Driver/Src/stm32f1xx_hal_dma.c.obj
                                0x621 (size before relaxing)
 .debug_str     0x00002a22      0x11f CMakeFiles/car_project1.elf.dir/Drivers/STM32F1xx_HAL_Driver/Src/stm32f1xx_hal_gpio.c.obj
                                0x424 (size before relaxing)
 .debug_str     0x00002b41      0x1c2 CMakeFiles/car_project1.elf.dir/Drivers/STM32F1xx_HAL_Driver/Src/stm32f1xx_hal_rcc.c.obj
                                0x64f (size before relaxing)
 .debug_str     0x00002d03       0x97 CMakeFiles/car_project1.elf.dir/Drivers/STM32F1xx_HAL_Driver/Src/stm32f1xx_hal_rcc_ex.c.obj
                                0x3f7 (size before relaxing)
 .debug_str     0x00002d9a      0x52f CMakeFiles/car_project1.elf.dir/Drivers/STM32F1xx_HAL_Driver/Src/stm32f1xx_hal_spi.c.obj
                                0xb85 (size before relaxing)
 .debug_str     0x000032c9      0xdea CMakeFiles/car_project1.elf.dir/Drivers/STM32F1xx_HAL_Driver/Src/stm32f1xx_hal_tim.c.obj
                               0x1673 (size before relaxing)
 .debug_str     0x000040b3      0x537 CMakeFiles/car_project1.elf.dir/Drivers/STM32F1xx_HAL_Driver/Src/stm32f1xx_hal_tim_ex.c.obj
                                0xe64 (size before relaxing)
 .debug_str     0x000045ea      0x621 CMakeFiles/car_project1.elf.dir/Drivers/STM32F1xx_HAL_Driver/Src/stm32f1xx_hal_uart.c.obj
                                0xd18 (size before relaxing)
 .debug_str     0x00004c0b      0xbc5 CMakeFiles/car_project1.elf.dir/Middlewares/Third_Party/FreeRTOS/Source/CMSIS_RTOS/cmsis_os.c.obj
                               0x1060 (size before relaxing)
 .debug_str     0x000057d0      0x14c CMakeFiles/car_project1.elf.dir/Middlewares/Third_Party/FreeRTOS/Source/list.c.obj
                                0x319 (size before relaxing)
 .debug_str     0x0000591c      0x230 CMakeFiles/car_project1.elf.dir/Middlewares/Third_Party/FreeRTOS/Source/portable/GCC/ARM_CM3/port.c.obj
                                0x485 (size before relaxing)
 .debug_str     0x00005b4c      0x2e5 CMakeFiles/car_project1.elf.dir/Middlewares/Third_Party/FreeRTOS/Source/portable/MemMang/heap_4.c.obj
                                0x527 (size before relaxing)
 .debug_str     0x00005e31      0x919 CMakeFiles/car_project1.elf.dir/Middlewares/Third_Party/FreeRTOS/Source/tasks.c.obj
                               0x1032 (size before relaxing)
 .debug_str     0x0000674a       0x57 CMakeFiles/car_project1.elf.dir/modules/Src/SR04.c.obj
                                0x27e (size before relaxing)
 .debug_str     0x000067a1      0x21f CMakeFiles/car_project1.elf.dir/modules/Src/dwt.c.obj
                                0x42f (size before relaxing)
 .debug_str     0x000069c0       0x43 CMakeFiles/car_project1.elf.dir/modules/Src/key.c.obj
                                0x2f8 (size before relaxing)
 .debug_str     0x00006a03      0x11d CMakeFiles/car_project1.elf.dir/modules/Src/oled.c.obj
                                0x3ab (size before relaxing)

.comment        0x00000000       0x49
 .comment       0x00000000       0x49 CMakeFiles/car_project1.elf.dir/Core/Src/adc.c.obj
                                 0x4a (size before relaxing)
 .comment       0x00000049       0x4a CMakeFiles/car_project1.elf.dir/Core/Src/dma.c.obj
 .comment       0x00000049       0x4a CMakeFiles/car_project1.elf.dir/Core/Src/freertos.c.obj
 .comment       0x00000049       0x4a CMakeFiles/car_project1.elf.dir/Core/Src/gpio.c.obj
 .comment       0x00000049       0x4a CMakeFiles/car_project1.elf.dir/Core/Src/main.c.obj
 .comment       0x00000049       0x4a CMakeFiles/car_project1.elf.dir/Core/Src/spi.c.obj
 .comment       0x00000049       0x4a CMakeFiles/car_project1.elf.dir/Core/Src/stm32f1xx_hal_msp.c.obj
 .comment       0x00000049       0x4a CMakeFiles/car_project1.elf.dir/Core/Src/stm32f1xx_hal_timebase_tim.c.obj
 .comment       0x00000049       0x4a CMakeFiles/car_project1.elf.dir/Core/Src/stm32f1xx_it.c.obj
 .comment       0x00000049       0x4a CMakeFiles/car_project1.elf.dir/Core/Src/system_stm32f1xx.c.obj
 .comment       0x00000049       0x4a CMakeFiles/car_project1.elf.dir/Core/Src/tim.c.obj
 .comment       0x00000049       0x4a CMakeFiles/car_project1.elf.dir/Core/Src/usart.c.obj