Archive member included to satisfy reference by file (symbol)

d:/stm32environment/arm/bin/../lib/gcc/arm-none-eabi/10.3.1/thumb/v7-m/nofp\libgcc.a(_arm_mulsf3.o)
                              CMakeFiles/car_project1.elf.dir/modules/Src/dwt.c.obj (__aeabi_fmul)
d:/stm32environment/arm/bin/../lib/gcc/arm-none-eabi/10.3.1/thumb/v7-m/nofp\libgcc.a(_arm_addsubdf3.o)
                              CMakeFiles/car_project1.elf.dir/modules/Src/dwt.c.obj (__aeabi_ui2d)
d:/stm32environment/arm/bin/../lib/gcc/arm-none-eabi/10.3.1/thumb/v7-m/nofp\libgcc.a(_arm_muldivdf3.o)
                              CMakeFiles/car_project1.elf.dir/modules/Src/dwt.c.obj (__aeabi_ddiv)
d:/stm32environment/arm/bin/../lib/gcc/arm-none-eabi/10.3.1/thumb/v7-m/nofp\libgcc.a(_arm_addsubsf3.o)
                              CMakeFiles/car_project1.elf.dir/Core/Src/freertos.c.obj (__aeabi_fsub)
d:/stm32environment/arm/bin/../lib/gcc/arm-none-eabi/10.3.1/thumb/v7-m/nofp\libgcc.a(_arm_muldivsf3.o)
                              CMakeFiles/car_project1.elf.dir/modules/Src/dwt.c.obj (__aeabi_fdiv)
d:/stm32environment/arm/bin/../lib/gcc/arm-none-eabi/10.3.1/thumb/v7-m/nofp\libgcc.a(_arm_cmpsf2.o)
                              CMakeFiles/car_project1.elf.dir/modules/Src/pid.c.obj (__aeabi_fcmplt)
d:/stm32environment/arm/bin/../lib/gcc/arm-none-eabi/10.3.1/thumb/v7-m/nofp\libgcc.a(_arm_fixsfsi.o)
                              CMakeFiles/car_project1.elf.dir/Core/Src/freertos.c.obj (__aeabi_f2iz)
d:/stm32environment/arm/bin/../lib/gcc/arm-none-eabi/10.3.1/thumb/v7-m/nofp\libgcc.a(_aeabi_uldivmod.o)
                              CMakeFiles/car_project1.elf.dir/modules/Src/dwt.c.obj (__aeabi_uldivmod)
d:/stm32environment/arm/bin/../lib/gcc/arm-none-eabi/10.3.1/thumb/v7-m/nofp\libgcc.a(_fixunssfdi.o)
                              CMakeFiles/car_project1.elf.dir/modules/Src/dwt.c.obj (__aeabi_f2ulz)
d:/stm32environment/arm/bin/../lib/gcc/arm-none-eabi/10.3.1/thumb/v7-m/nofp\libgcc.a(_udivmoddi4.o)
                              d:/stm32environment/arm/bin/../lib/gcc/arm-none-eabi/10.3.1/thumb/v7-m/nofp\libgcc.a(_aeabi_uldivmod.o) (__udivmoddi4)
d:/stm32environment/arm/bin/../lib/gcc/arm-none-eabi/10.3.1/thumb/v7-m/nofp\libgcc.a(_dvmd_tls.o)
                              d:/stm32environment/arm/bin/../lib/gcc/arm-none-eabi/10.3.1/thumb/v7-m/nofp\libgcc.a(_aeabi_uldivmod.o) (__aeabi_ldiv0)
d:/stm32environment/arm/bin/../lib/gcc/arm-none-eabi/10.3.1/thumb/v7-m/nofp\libgcc.a(_arm_fixunsdfsi.o)
                              d:/stm32environment/arm/bin/../lib/gcc/arm-none-eabi/10.3.1/thumb/v7-m/nofp\libgcc.a(_fixunssfdi.o) (__aeabi_d2uiz)
d:/stm32environment/arm/bin/../lib/gcc/arm-none-eabi/10.3.1/../../../../arm-none-eabi/lib/thumb/v7-m/nofp\libg.a(lib_a-errno.o)
                              CMakeFiles/car_project1.elf.dir/Core/Src/syscalls.c.obj (__errno)
d:/stm32environment/arm/bin/../lib/gcc/arm-none-eabi/10.3.1/../../../../arm-none-eabi/lib/thumb/v7-m/nofp\libg.a(lib_a-exit.o)
                              d:/stm32environment/arm/bin/../lib/gcc/arm-none-eabi/10.3.1/../../../../arm-none-eabi/lib/thumb/v7-m/nofp/crt0.o (exit)
d:/stm32environment/arm/bin/../lib/gcc/arm-none-eabi/10.3.1/../../../../arm-none-eabi/lib/thumb/v7-m/nofp\libg.a(lib_a-impure.o)
                              d:/stm32environment/arm/bin/../lib/gcc/arm-none-eabi/10.3.1/../../../../arm-none-eabi/lib/thumb/v7-m/nofp\libg.a(lib_a-exit.o) (_global_impure_ptr)
d:/stm32environment/arm/bin/../lib/gcc/arm-none-eabi/10.3.1/../../../../arm-none-eabi/lib/thumb/v7-m/nofp\libg.a(lib_a-init.o)
                              d:/stm32environment/arm/bin/../lib/gcc/arm-none-eabi/10.3.1/../../../../arm-none-eabi/lib/thumb/v7-m/nofp/crt0.o (__libc_init_array)
d:/stm32environment/arm/bin/../lib/gcc/arm-none-eabi/10.3.1/../../../../arm-none-eabi/lib/thumb/v7-m/nofp\libg.a(lib_a-memcpy.o)
                              CMakeFiles/car_project1.elf.dir/Middlewares/Third_Party/FreeRTOS/Source/queue.c.obj (memcpy)
d:/stm32environment/arm/bin/../lib/gcc/arm-none-eabi/10.3.1/../../../../arm-none-eabi/lib/thumb/v7-m/nofp\libg.a(lib_a-memset.o)
                              d:/stm32environment/arm/bin/../lib/gcc/arm-none-eabi/10.3.1/../../../../arm-none-eabi/lib/thumb/v7-m/nofp/crt0.o (memset)
d:/stm32environment/arm/bin/../lib/gcc/arm-none-eabi/10.3.1/../../../../arm-none-eabi/lib/thumb/v7-m/nofp\libg.a(lib_a-__call_atexit.o)
                              d:/stm32environment/arm/bin/../lib/gcc/arm-none-eabi/10.3.1/../../../../arm-none-eabi/lib/thumb/v7-m/nofp\libg.a(lib_a-exit.o) (__call_exitprocs)
d:/stm32environment/arm/bin/../lib/gcc/arm-none-eabi/10.3.1/../../../../arm-none-eabi/lib/thumb/v7-m/nofp\libg.a(lib_a-atexit.o)
                              d:/stm32environment/arm/bin/../lib/gcc/arm-none-eabi/10.3.1/../../../../arm-none-eabi/lib/thumb/v7-m/nofp\libg.a(lib_a-__call_atexit.o) (atexit)
[...]
Memory Configuration

Name             Origin             Length             Attributes
RAM              0x20000000         0x00005000         xrw
FLASH            0x08000000         0x00010000         xr
*default*        0x00000000         0xffffffff

Linker script and memory map

LOAD d:/stm32environment/arm/bin/../lib/gcc/arm-none-eabi/10.3.1/thumb/v7-m/nofp/crti.o
LOAD d:/stm32environment/arm/bin/../lib/gcc/arm-none-eabi/10.3.1/thumb/v7-m/nofp/crtbegin.o
LOAD d:/stm32environment/arm/bin/../lib/gcc/arm-none-eabi/10.3.1/../../../../arm-none-eabi/lib/thumb/v7-m/nofp/crt0.o
LOAD CMakeFiles/car_project1.elf.dir/Core/Src/adc.c.obj
LOAD CMakeFiles/car_project1.elf.dir/Core/Src/dma.c.obj
LOAD CMakeFiles/car_project1.elf.dir/Core/Src/freertos.c.obj
LOAD CMakeFiles/car_project1.elf.dir/Core/Src/gpio.c.obj
LOAD CMakeFiles/car_project1.elf.dir/Core/Src/main.c.obj
LOAD CMakeFiles/car_project1.elf.dir/Core/Src/spi.c.obj
LOAD CMakeFiles/car_project1.elf.dir/Core/Src/stm32f1xx_hal_msp.c.obj
LOAD CMakeFiles/car_project1.elf.dir/Core/Src/stm32f1xx_hal_timebase_tim.c.obj
LOAD CMakeFiles/car_project1.elf.dir/Core/Src/stm32f1xx_it.c.obj
LOAD CMakeFiles/car_project1.elf.dir/Core/Src/syscalls.c.obj
LOAD CMakeFiles/car_project1.elf.dir/Core/Src/sysmem.c.obj
LOAD CMakeFiles/car_project1.elf.dir/Core/Src/system_stm32f1xx.c.obj
LOAD CMakeFiles/car_project1.elf.dir/Core/Src/tim.c.obj
LOAD CMakeFiles/car_project1.elf.dir/Core/Src/usart.c.obj
LOAD CMakeFiles/car_project1.elf.dir/Core/Startup/startup_stm32f103c8tx.s.obj
LOAD CMakeFiles/car_project1.elf.dir/Drivers/STM32F1xx_HAL_Driver/Src/stm32f1xx_hal.c.obj
LOAD CMakeFiles/car_project1.elf.dir/Drivers/STM32F1xx_HAL_Driver/Src/stm32f1xx_hal_adc.c.obj
LOAD CMakeFiles/car_project1.elf.dir/Drivers/STM32F1xx_HAL_Driver/Src/stm32f1xx_hal_adc_ex.c.obj
LOAD CMakeFiles/car_project1.elf.dir/Drivers/STM32F1xx_HAL_Driver/Src/stm32f1xx_hal_cortex.c.obj
LOAD CMakeFiles/car_project1.elf.dir/Drivers/STM32F1xx_HAL_Driver/Src/stm32f1xx_hal_dma.c.obj
LOAD CMakeFiles/car_project1.elf.dir/Drivers/STM32F1xx_HAL_Driver/Src/stm32f1xx_hal_exti.c.obj
LOAD CMakeFiles/car_project1.elf.dir/Drivers/STM32F1xx_HAL_Driver/Src/stm32f1xx_hal_flash.c.obj
LOAD CMakeFiles/car_project1.elf.dir/Drivers/STM32F1xx_HAL_Driver/Src/stm32f1xx_hal_flash_ex.c.obj
LOAD CMakeFiles/car_project1.elf.dir/Drivers/STM32F1xx_HAL_Driver/Src/stm32f1xx_hal_gpio.c.obj
LOAD CMakeFiles/car_project1.elf.dir/Drivers/STM32F1xx_HAL_Driver/Src/stm32f1xx_hal_gpio_ex.c.obj
LOAD CMakeFiles/car_project1.elf.dir/Drivers/STM32F1xx_HAL_Driver/Src/stm32f1xx_hal_pwr.c.obj
LOAD CMakeFiles/car_project1.elf.dir/Drivers/STM32F1xx_HAL_Driver/Src/stm32f1xx_hal_rcc.c.obj
LOAD CMakeFiles/car_project1.elf.dir/Drivers/STM32F1xx_HAL_Driver/Src/stm32f1xx_hal_rcc_ex.c.obj
LOAD CMakeFiles/car_project1.elf.dir/Drivers/STM32F1xx_HAL_Driver/Src/stm32f1xx_hal_spi.c.obj
LOAD CMakeFiles/car_project1.elf.dir/Drivers/STM32F1xx_HAL_Driver/Src/stm32f1xx_hal_tim.c.obj
LOAD CMakeFiles/car_project1.elf.dir/Drivers/STM32F1xx_HAL_Driver/Src/stm32f1xx_hal_tim_ex.c.obj
LOAD CMakeFiles/car_project1.elf.dir/Drivers/STM32F1xx_HAL_Driver/Src/stm32f1xx_hal_uart.c.obj
LOAD CMakeFiles/car_project1.elf.dir/Middlewares/Third_Party/FreeRTOS/Source/CMSIS_RTOS/cmsis_os.c.obj
LOAD CMakeFiles/car_project1.elf.dir/Middlewares/Third_Party/FreeRTOS/Source/croutine.c.obj
LOAD CMakeFiles/car_project1.elf.dir/Middlewares/Third_Party/FreeRTOS/Source/event_groups.c.obj
LOAD CMakeFiles/car_project1.elf.dir/Middlewares/Third_Party/FreeRTOS/Source/list.c.obj
LOAD CMakeFiles/car_project1.elf.dir/Middlewares/Third_Party/FreeRTOS/Source/portable/GCC/ARM_CM3/port.c.obj
LOAD CMakeFiles/car_project1.elf.dir/Middlewares/Third_Party/FreeRTOS/Source/portable/MemMang/heap_4.c.obj
LOAD CMakeFiles/car_project1.elf.dir/Middlewares/Third_Party/FreeRTOS/Source/queue.c.obj
LOAD CMakeFiles/car_project1.elf.dir/Middlewares/Third_Party/FreeRTOS/Source/stream_buffer.c.obj
LOAD CMakeFiles/car_project1.elf.dir/Middlewares/Third_Party/FreeRTOS/Source/tasks.c.obj
LOAD CMakeFiles/car_project1.elf.dir/Middlewares/Third_Party/FreeRTOS/Source/timers.c.obj
LOAD CMakeFiles/car_project1.elf.dir/modules/Src/SR04.c.obj
LOAD CMakeFiles/car_project1.elf.dir/modules/Src/dwt.c.obj
LOAD CMakeFiles/car_project1.elf.dir/modules/Src/key.c.obj
LOAD CMakeFiles/car_project1.elf.dir/modules/Src/led.c.obj
LOAD CMakeFiles/car_project1.elf.dir/modules/Src/motor.c.obj
LOAD CMakeFiles/car_project1.elf.dir/modules/Src/music.c.obj
LOAD CMakeFiles/car_project1.elf.dir/modules/Src/oled.c.obj
LOAD CMakeFiles/car_project1.elf.dir/modules/Src/pid.c.obj
LOAD CMakeFiles/car_project1.elf.dir/modules/Src/track.c.obj
START GROUP
LOAD d:/stm32environment/arm/bin/../lib/gcc/arm-none-eabi/10.3.1/thumb/v7-m/nofp\libgcc.a
LOAD d:/stm32environment/arm/bin/../lib/gcc/arm-none-eabi/10.3.1/../../../../arm-none-eabi/lib/thumb/v7-m/nofp\libg.a
LOAD d:/stm32environment/arm/bin/../lib/gcc/arm-none-eabi/10.3.1/../../../../arm-none-eabi/lib/thumb/v7-m/nofp\libc.a
END GROUP
LOAD d:/stm32environment/arm/bin/../lib/gcc/arm-none-eabi/10.3.1/thumb/v7-m/nofp/crtend.o
LOAD d:/stm32environment/arm/bin/../lib/gcc/arm-none-eabi/10.3.1/thumb/v7-m/nofp/crtn.o
                0x20005000                _estack = (ORIGIN (RAM) + LENGTH (RAM))
                0x00000200                _Min_Heap_Size = 0x200
                0x00000400                _Min_Stack_Size = 0x400

.isr_vector     0x08000000      0x10c
                0x08000000                . = ALIGN (0x4)
 *(.isr_vector)
 .isr_vector    0x08000000      0x10c CMakeFiles/car_project1.elf.dir/Core/Startup/startup_stm32f103c8tx.s.obj
                0x08000000                g_pfnVectors
                0x0800010c                . = ALIGN (0x4)

.text           0x08000110     0x49f4
                0x08000110                . = ALIGN (0x4)
 *(.text)
 .text          0x08000110       0x40 d:/stm32environment/arm/bin/../lib/gcc/arm-none-eabi/10.3.1/thumb/v7-m/nofp/crtbegin.o
 .text          0x08000150      0x21c d:/stm32environment/arm/bin/../lib/gcc/arm-none-eabi/10.3.1/thumb/v7-m/nofp\libgcc.a(_arm_addsubsf3.o)
                0x08000150                __aeabi_frsub
                0x08000158                __subsf3
                0x08000158                __aeabi_fsub
                0x0800015c                __aeabi_fadd
                0x0800015c                __addsf3
                0x080002bc                __aeabi_ui2f
                0x080002bc                __floatunsisf
                0x080002c4                __aeabi_i2f
                0x080002c4                __floatsisf
                0x080002e0                __aeabi_ul2f
                0x080002e0                __floatundisf
                0x080002f0                __aeabi_l2f
                0x080002f0                __floatdisf
 .text          0x0800036c      0x2a0 d:/stm32environment/arm/bin/../lib/gcc/arm-none-eabi/10.3.1/thumb/v7-m/nofp\libgcc.a(_arm_muldivsf3.o)
                0x0800036c                __mulsf3
                0x0800036c                __aeabi_fmul
                0x080004d4                __aeabi_fdiv
                0x080004d4                __divsf3
 .text          0x0800060c       0xec d:/stm32environment/arm/bin/../lib/gcc/arm-none-eabi/10.3.1/thumb/v7-m/nofp\libgcc.a(_arm_cmpsf2.o)
                0x0800060c                __gesf2
                0x0800060c                __gtsf2
                0x08000614                __lesf2
                0x08000614                __ltsf2
                0x0800061c                __nesf2
                0x0800061c                __eqsf2
                0x0800061c                __cmpsf2
                0x0800067c                __aeabi_cfrcmple
                0x08000684                __aeabi_cfcmpeq
                0x08000684                __aeabi_cfcmple
                0x08000694                __aeabi_fcmpeq
                0x080006a8                __aeabi_fcmplt
                0x080006bc                __aeabi_fcmple
                0x080006d0                __aeabi_fcmpge
                0x080006e4                __aeabi_fcmpgt
 .text          0x080006f8       0x4c d:/stm32environment/arm/bin/../lib/gcc/arm-none-eabi/10.3.1/thumb/v7-m/nofp\libgcc.a(_arm_fixsfsi.o)
                0x080006f8                __aeabi_f2iz
                0x080006f8                __fixsfsi
 .text          0x08000744       0x30 d:/stm32environment/arm/bin/../lib/gcc/arm-none-eabi/10.3.1/thumb/v7-m/nofp\libgcc.a(_aeabi_uldivmod.o)
                0x08000744                __aeabi_uldivmod
 .text          0x08000774      0x2d4 d:/stm32environment/arm/bin/../lib/gcc/arm-none-eabi/10.3.1/thumb/v7-m/nofp\libgcc.a(_udivmoddi4.o)
                0x08000774                __udivmoddi4
 .text          0x08000a48        0x4 d:/stm32environment/arm/bin/../lib/gcc/arm-none-eabi/10.3.1/thumb/v7-m/nofp\libgcc.a(_dvmd_tls.o)
                0x08000a48                __aeabi_idiv0
                0x08000a48                __aeabi_ldiv0
 *(.text*)
 .text.MX_ADC1_Init
                0x08000a4c       0xc4 CMakeFiles/car_project1.elf.dir/Core/Src/adc.c.obj
                0x08000a4c                MX_ADC1_Init
 .text.HAL_ADC_MspInit
                0x08000b10       0x9c CMakeFiles/car_project1.elf.dir/Core/Src/adc.c.obj
                0x08000b10                HAL_ADC_MspInit
 .text.MX_DMA_Init
                0x08000bac       0x34 CMakeFiles/car_project1.elf.dir/Core/Src/dma.c.obj
                0x08000bac                MX_DMA_Init
 .text.Start_sensor
                0x08000be0       0x48 CMakeFiles/car_project1.elf.dir/Core/Src/freertos.c.obj
                0x08000be0                Start_sensor
 .text.vApplicationGetIdleTaskMemory
                0x08000c28       0x18 CMakeFiles/car_project1.elf.dir/Core/Src/freertos.c.obj
                0x08000c28                vApplicationGetIdleTaskMemory
 .text.MX_FREERTOS_Init
                0x08000c40       0x5c CMakeFiles/car_project1.elf.dir/Core/Src/freertos.c.obj
                0x08000c40                MX_FREERTOS_Init
 .text.Detection_val_calc
                0x08000c9c       0xac CMakeFiles/car_project1.elf.dir/Core/Src/freertos.c.obj
                0x08000c9c                Detection_val_calc
 .text.Start_chassis
                0x08000d48      0x124 CMakeFiles/car_project1.elf.dir/Core/Src/freertos.c.obj
                0x08000d48                Start_chassis
 .text.MX_GPIO_Init
                0x08000e6c      0x11c CMakeFiles/car_project1.elf.dir/Core/Src/gpio.c.obj
                0x08000e6c                MX_GPIO_Init
 .text.HAL_TIM_PeriodElapsedCallback
                0x08000f88       0x18 CMakeFiles/car_project1.elf.dir/Core/Src/main.c.obj
                0x08000f88                HAL_TIM_PeriodElapsedCallback
 .text.Error_Handler
                0x08000fa0        0x4 CMakeFiles/car_project1.elf.dir/Core/Src/main.c.obj
                0x08000fa0                Error_Handler
 .text.SystemClock_Config
                0x08000fa4       0x84 CMakeFiles/car_project1.elf.dir/Core/Src/main.c.obj
                0x08000fa4                SystemClock_Config
 .text.main     0x08001028       0xb4 CMakeFiles/car_project1.elf.dir/Core/Src/main.c.obj
                0x08001028                main
 .text.MX_SPI1_Init
                0x080010dc       0x44 CMakeFiles/car_project1.elf.dir/Core/Src/spi.c.obj
                0x080010dc                MX_SPI1_Init
 .text.HAL_SPI_MspInit
                0x08001120       0x74 CMakeFiles/car_project1.elf.dir/Core/Src/spi.c.obj
                0x08001120                HAL_SPI_MspInit
 .text.HAL_MspInit
                0x08001194       0x54 CMakeFiles/car_project1.elf.dir/Core/Src/stm32f1xx_hal_msp.c.obj
                0x08001194                HAL_MspInit
 .text.HAL_InitTick
                0x080011e8       0x94 CMakeFiles/car_project1.elf.dir/Core/Src/stm32f1xx_hal_timebase_tim.c.obj
                0x080011e8                HAL_InitTick
 .text.NMI_Handler
                0x0800127c        0x2 CMakeFiles/car_project1.elf.dir/Core/Src/stm32f1xx_it.c.obj
                0x0800127c                NMI_Handler
 .text.HardFault_Handler
                0x0800127e        0x2 CMakeFiles/car_project1.elf.dir/Core/Src/stm32f1xx_it.c.obj
                0x0800127e                HardFault_Handler
 .text.MemManage_Handler
                0x08001280        0x2 CMakeFiles/car_project1.elf.dir/Core/Src/stm32f1xx_it.c.obj
                0x08001280                MemManage_Handler
 .text.BusFault_Handler
                0x08001282        0x2 CMakeFiles/car_project1.elf.dir/Core/Src/stm32f1xx_it.c.obj
                0x08001282                BusFault_Handler
 .text.UsageFault_Handler
                0x08001284        0x2 CMakeFiles/car_project1.elf.dir/Core/Src/stm32f1xx_it.c.obj
                0x08001284                UsageFault_Handler
 .text.DebugMon_Handler
                0x08001286        0x2 CMakeFiles/car_project1.elf.dir/Core/Src/stm32f1xx_it.c.obj
                0x08001286                DebugMon_Handler
 .text.DMA1_Channel1_IRQHandler
                0x08001288       0x10 CMakeFiles/car_project1.elf.dir/Core/Src/stm32f1xx_it.c.obj
                0x08001288                DMA1_Channel1_IRQHandler
 .text.TIM1_UP_IRQHandler
                0x08001298       0x10 CMakeFiles/car_project1.elf.dir/Core/Src/stm32f1xx_it.c.obj
                0x08001298                TIM1_UP_IRQHandler
 .text.TIM2_IRQHandler
                0x080012a8       0x10 CMakeFiles/car_project1.elf.dir/Core/Src/stm32f1xx_it.c.obj
                0x080012a8                TIM2_IRQHandler
 .text.SystemInit
                0x080012b8        0x2 CMakeFiles/car_project1.elf.dir/Core/Src/system_stm32f1xx.c.obj
                0x080012b8                SystemInit
 *fill*         0x080012ba        0x2 
 .text.HAL_TIM_PWM_MspInit
                0x080012bc       0x80 CMakeFiles/car_project1.elf.dir/Core/Src/tim.c.obj
                0x080012bc                HAL_TIM_PWM_MspInit
 .text.HAL_TIM_MspPostInit
                0x0800133c       0xdc CMakeFiles/car_project1.elf.dir/Core/Src/tim.c.obj
                0x0800133c                HAL_TIM_MspPostInit
 .text.MX_TIM2_Init
                0x08001418       0x80 CMakeFiles/car_project1.elf.dir/Core/Src/tim.c.obj
                0x08001418                MX_TIM2_Init
 .text.MX_TIM3_Init
                0x08001498       0xb8 CMakeFiles/car_project1.elf.dir/Core/Src/tim.c.obj
                0x08001498                MX_TIM3_Init
 .text.MX_TIM4_Init
                0x08001550       0xb8 CMakeFiles/car_project1.elf.dir/Core/Src/tim.c.obj
                0x08001550                MX_TIM4_Init
 .text.MX_USART1_UART_Init
                0x08001608       0x34 CMakeFiles/car_project1.elf.dir/Core/Src/usart.c.obj
                0x08001608                MX_USART1_UART_Init
 .text.HAL_UART_MspInit
                0x0800163c       0x78 CMakeFiles/car_project1.elf.dir/Core/Src/usart.c.obj
                0x0800163c                HAL_UART_MspInit
 .text.Reset_Handler
                0x080016b4       0x48 CMakeFiles/car_project1.elf.dir/Core/Startup/startup_stm32f103c8tx.s.obj
                0x080016b4                Reset_Handler
 .text.Default_Handler
                0x080016fc        0x2 CMakeFiles/car_project1.elf.dir/Core/Startup/startup_stm32f103c8tx.s.obj
                0x080016fc                RTC_Alarm_IRQHandler
                0x080016fc                EXTI2_IRQHandler
                0x080016fc                TIM1_CC_IRQHandler
                0x080016fc                PVD_IRQHandler
                0x080016fc                EXTI3_IRQHandler
                0x080016fc                EXTI0_IRQHandler
                0x080016fc                I2C2_EV_IRQHandler
                0x080016fc                ADC1_2_IRQHandler
                0x080016fc                SPI1_IRQHandler
                0x080016fc                TAMPER_IRQHandler
                0x080016fc                DMA1_Channel4_IRQHandler
                0x080016fc                USART3_IRQHandler
                0x080016fc                RTC_IRQHandler
                0x080016fc                DMA1_Channel7_IRQHandler
                0x080016fc                CAN1_RX1_IRQHandler
                0x080016fc                TIM4_IRQHandler
                0x080016fc                I2C1_EV_IRQHandler
                0x080016fc                DMA1_Channel6_IRQHandler
                0x080016fc                TIM3_IRQHandler
                0x080016fc                RCC_IRQHandler
                0x080016fc                TIM1_TRG_COM_IRQHandler
                0x080016fc                Default_Handler
                0x080016fc                EXTI15_10_IRQHandler
                0x080016fc                EXTI9_5_IRQHandler
                0x080016fc                SPI2_IRQHandler
                0x080016fc                DMA1_Channel5_IRQHandler
                0x080016fc                EXTI4_IRQHandler
                0x080016fc                USB_LP_CAN1_RX0_IRQHandler
                0x080016fc                USB_HP_CAN1_TX_IRQHandler
                0x080016fc                DMA1_Channel3_IRQHandler
                0x080016fc                WWDG_IRQHandler
                0x080016fc                TIM1_BRK_IRQHandler
                0x080016fc                EXTI1_IRQHandler
                0x080016fc                USART2_IRQHandler
                0x080016fc                I2C2_ER_IRQHandler
                0x080016fc                DMA1_Channel2_IRQHandler
                0x080016fc                CAN1_SCE_IRQHandler
                0x080016fc                FLASH_IRQHandler
                0x080016fc                USART1_IRQHandler
                0x080016fc                I2C1_ER_IRQHandler
                0x080016fc                USBWakeUp_IRQHandler
 *fill*         0x080016fe        0x2 
 .text.HAL_Init
                0x08001700       0x24 CMakeFiles/car_project1.elf.dir/Drivers/STM32F1xx_HAL_Driver/Src/stm32f1xx_hal.c.obj
                0x08001700                HAL_Init
 .text.HAL_IncTick
                0x08001724       0x18 CMakeFiles/car_project1.elf.dir/Drivers/STM32F1xx_HAL_Driver/Src/stm32f1xx_hal.c.obj
                0x08001724                HAL_IncTick
 .text.HAL_GetTick
                0x0800173c        0xc CMakeFiles/car_project1.elf.dir/Drivers/STM32F1xx_HAL_Driver/Src/stm32f1xx_hal.c.obj
                0x0800173c                HAL_GetTick
 .text.HAL_ADC_ConvCpltCallback
                0x08001748        0x2 CMakeFiles/car_project1.elf.dir/Drivers/STM32F1xx_HAL_Driver/Src/stm32f1xx_hal_adc.c.obj
                0x08001748                HAL_ADC_ConvCpltCallback
 .text.ADC_DMAConvCplt
                0x0800174a       0x52 CMakeFiles/car_project1.elf.dir/Drivers/STM32F1xx_HAL_Driver/Src/stm32f1xx_hal_adc.c.obj
                0x0800174a                ADC_DMAConvCplt
 .text.HAL_ADC_ConvHalfCpltCallback
                0x0800179c        0x2 CMakeFiles/car_project1.elf.dir/Drivers/STM32F1xx_HAL_Driver/Src/stm32f1xx_hal_adc.c.obj
                0x0800179c                HAL_ADC_ConvHalfCpltCallback
 .text.ADC_DMAHalfConvCplt
                0x0800179e        0xa CMakeFiles/car_project1.elf.dir/Drivers/STM32F1xx_HAL_Driver/Src/stm32f1xx_hal_adc.c.obj
                0x0800179e                ADC_DMAHalfConvCplt
 .text.HAL_ADC_ErrorCallback
                0x080017a8        0x2 CMakeFiles/car_project1.elf.dir/Drivers/STM32F1xx_HAL_Driver/Src/stm32f1xx_hal_adc.c.obj
                0x080017a8                HAL_ADC_ErrorCallback
 .text.ADC_DMAError
                0x080017aa       0x1a CMakeFiles/car_project1.elf.dir/Drivers/STM32F1xx_HAL_Driver/Src/stm32f1xx_hal_adc.c.obj
                0x080017aa                ADC_DMAError
 .text.HAL_ADC_ConfigChannel
                0x080017c4      0x144 CMakeFiles/car_project1.elf.dir/Drivers/STM32F1xx_HAL_Driver/Src/stm32f1xx_hal_adc.c.obj
                0x080017c4                HAL_ADC_ConfigChannel
 .text.ADC_Enable
                0x08001908       0x88 CMakeFiles/car_project1.elf.dir/Drivers/STM32F1xx_HAL_Driver/Src/stm32f1xx_hal_adc.c.obj
                0x08001908                ADC_Enable
 .text.HAL_ADC_Start_DMA
                0x08001990      0x130 CMakeFiles/car_project1.elf.dir/Drivers/STM32F1xx_HAL_Driver/Src/stm32f1xx_hal_adc.c.obj
                0x08001990                HAL_ADC_Start_DMA
 .text.ADC_ConversionStop_Disable
                0x08001ac0       0x56 CMakeFiles/car_project1.elf.dir/Drivers/STM32F1xx_HAL_Driver/Src/stm32f1xx_hal_adc.c.obj
                0x08001ac0                ADC_ConversionStop_Disable
 *fill*         0x08001b16        0x2 
 .text.HAL_ADC_Init
                0x08001b18      0x108 CMakeFiles/car_project1.elf.dir/Drivers/STM32F1xx_HAL_Driver/Src/stm32f1xx_hal_adc.c.obj
                0x08001b18                HAL_ADC_Init
 .text.HAL_ADCEx_Calibration_Start
                0x08001c20      0x100 CMakeFiles/car_project1.elf.dir/Drivers/STM32F1xx_HAL_Driver/Src/stm32f1xx_hal_adc_ex.c.obj
                0x08001c20                HAL_ADCEx_Calibration_Start
 .text.HAL_NVIC_SetPriorityGrouping
                0x08001d20       0x24 CMakeFiles/car_project1.elf.dir/Drivers/STM32F1xx_HAL_Driver/Src/stm32f1xx_hal_cortex.c.obj
                0x08001d20                HAL_NVIC_SetPriorityGrouping
 .text.HAL_NVIC_SetPriority
                0x08001d44       0x70 CMakeFiles/car_project1.elf.dir/Drivers/STM32F1xx_HAL_Driver/Src/stm32f1xx_hal_cortex.c.obj
                0x08001d44                HAL_NVIC_SetPriority
 .text.HAL_NVIC_EnableIRQ
                0x08001db4       0x1c CMakeFiles/car_project1.elf.dir/Drivers/STM32F1xx_HAL_Driver/Src/stm32f1xx_hal_cortex.c.obj
                0x08001db4                HAL_NVIC_EnableIRQ
 .text.DMA_SetConfig
                0x08001dd0       0x2c CMakeFiles/car_project1.elf.dir/Drivers/STM32F1xx_HAL_Driver/Src/stm32f1xx_hal_dma.c.obj
 .text.HAL_DMA_Init
                0x08001dfc       0x6c CMakeFiles/car_project1.elf.dir/Drivers/STM32F1xx_HAL_Driver/Src/stm32f1xx_hal_dma.c.obj
                0x08001dfc                HAL_DMA_Init
 .text.HAL_DMA_Start_IT
                0x08001e68       0x76 CMakeFiles/car_project1.elf.dir/Drivers/STM32F1xx_HAL_Driver/Src/stm32f1xx_hal_dma.c.obj
                0x08001e68                HAL_DMA_Start_IT
 *fill*         0x08001ede        0x2 
 .text.HAL_DMA_IRQHandler
                0x08001ee0      0x144 CMakeFiles/car_project1.elf.dir/Drivers/STM32F1xx_HAL_Driver/Src/stm32f1xx_hal_dma.c.obj
                0x08001ee0                HAL_DMA_IRQHandler
 .text.HAL_GPIO_Init
                0x08002024      0x224 CMakeFiles/car_project1.elf.dir/Drivers/STM32F1xx_HAL_Driver/Src/stm32f1xx_hal_gpio.c.obj
                0x08002024                HAL_GPIO_Init
 .text.HAL_GPIO_ReadPin
                0x08002248        0xe CMakeFiles/car_project1.elf.dir/Drivers/STM32F1xx_HAL_Driver/Src/stm32f1xx_hal_gpio.c.obj
                0x08002248                HAL_GPIO_ReadPin
 .text.HAL_GPIO_WritePin
                0x08002256        0xc CMakeFiles/car_project1.elf.dir/Drivers/STM32F1xx_HAL_Driver/Src/stm32f1xx_hal_gpio.c.obj
                0x08002256                HAL_GPIO_WritePin
 *fill*         0x08002262        0x2 
 .text.RCC_Delay
                0x08002264       0x2c CMakeFiles/car_project1.elf.dir/Drivers/STM32F1xx_HAL_Driver/Src/stm32f1xx_hal_rcc.c.obj
 .text.HAL_RCC_OscConfig
                0x08002290      0x410 CMakeFiles/car_project1.elf.dir/Drivers/STM32F1xx_HAL_Driver/Src/stm32f1xx_hal_rcc.c.obj
                0x08002290                HAL_RCC_OscConfig
 .text.HAL_RCC_GetSysClockFreq
                0x080026a0       0x54 CMakeFiles/car_project1.elf.dir/Drivers/STM32F1xx_HAL_Driver/Src/stm32f1xx_hal_rcc.c.obj
                0x080026a0                HAL_RCC_GetSysClockFreq
 .text.HAL_RCC_ClockConfig
                0x080026f4      0x16c CMakeFiles/car_project1.elf.dir/Drivers/STM32F1xx_HAL_Driver/Src/stm32f1xx_hal_rcc.c.obj
                0x080026f4                HAL_RCC_ClockConfig
 .text.HAL_RCC_GetHCLKFreq
                0x08002860        0xc CMakeFiles/car_project1.elf.dir/Drivers/STM32F1xx_HAL_Driver/Src/stm32f1xx_hal_rcc.c.obj
                0x08002860                HAL_RCC_GetHCLKFreq
 .text.HAL_RCC_GetPCLK1Freq
                0x0800286c       0x20 CMakeFiles/car_project1.elf.dir/Drivers/STM32F1xx_HAL_Driver/Src/stm32f1xx_hal_rcc.c.obj
                0x0800286c                HAL_RCC_GetPCLK1Freq
 .text.HAL_RCC_GetPCLK2Freq
                0x0800288c       0x20 CMakeFiles/car_project1.elf.dir/Drivers/STM32F1xx_HAL_Driver/Src/stm32f1xx_hal_rcc.c.obj
                0x0800288c                HAL_RCC_GetPCLK2Freq
 .text.HAL_RCC_GetClockConfig
                0x080028ac       0x3c CMakeFiles/car_project1.elf.dir/Drivers/STM32F1xx_HAL_Driver/Src/stm32f1xx_hal_rcc.c.obj
                0x080028ac                HAL_RCC_GetClockConfig
 .text.HAL_RCCEx_PeriphCLKConfig
                0x080028e8      0x118 CMakeFiles/car_project1.elf.dir/Drivers/STM32F1xx_HAL_Driver/Src/stm32f1xx_hal_rcc_ex.c.obj
                0x080028e8                HAL_RCCEx_PeriphCLKConfig
 .text.HAL_RCCEx_GetPeriphCLKFreq
                0x08002a00       0xd8 CMakeFiles/car_project1.elf.dir/Drivers/STM32F1xx_HAL_Driver/Src/stm32f1xx_hal_rcc_ex.c.obj
                0x08002a00                HAL_RCCEx_GetPeriphCLKFreq
 .text.HAL_SPI_Init
                0x08002ad8       0xb6 CMakeFiles/car_project1.elf.dir/Drivers/STM32F1xx_HAL_Driver/Src/stm32f1xx_hal_spi.c.obj
                0x08002ad8                HAL_SPI_Init
 *fill*         0x08002b8e        0x2 
 .text.TIM_OC1_SetConfig
                0x08002b90       0x5c CMakeFiles/car_project1.elf.dir/Drivers/STM32F1xx_HAL_Driver/Src/stm32f1xx_hal_tim.c.obj
 .text.TIM_OC3_SetConfig
                0x08002bec       0x64 CMakeFiles/car_project1.elf.dir/Drivers/STM32F1xx_HAL_Driver/Src/stm32f1xx_hal_tim.c.obj
 .text.TIM_OC4_SetConfig
                0x08002c50       0x48 CMakeFiles/car_project1.elf.dir/Drivers/STM32F1xx_HAL_Driver/Src/stm32f1xx_hal_tim.c.obj
 .text.HAL_TIM_Base_MspInit
                0x08002c98        0x2 CMakeFiles/car_project1.elf.dir/Drivers/STM32F1xx_HAL_Driver/Src/stm32f1xx_hal_tim.c.obj
                0x08002c98                HAL_TIM_Base_MspInit
 *fill*         0x08002c9a        0x2 
 .text.HAL_TIM_Base_Start_IT
                0x08002c9c       0x68 CMakeFiles/car_project1.elf.dir/Drivers/STM32F1xx_HAL_Driver/Src/stm32f1xx_hal_tim.c.obj
                0x08002c9c                HAL_TIM_Base_Start_IT
 .text.HAL_TIM_OC_DelayElapsedCallback
                0x08002d04        0x2 CMakeFiles/car_project1.elf.dir/Drivers/STM32F1xx_HAL_Driver/Src/stm32f1xx_hal_tim.c.obj
                0x08002d04                HAL_TIM_OC_DelayElapsedCallback
 .text.HAL_TIM_IC_CaptureCallback
                0x08002d06        0x2 CMakeFiles/car_project1.elf.dir/Drivers/STM32F1xx_HAL_Driver/Src/stm32f1xx_hal_tim.c.obj
                0x08002d06                HAL_TIM_IC_CaptureCallback
 .text.HAL_TIM_PWM_PulseFinishedCallback
                0x08002d08        0x2 CMakeFiles/car_project1.elf.dir/Drivers/STM32F1xx_HAL_Driver/Src/stm32f1xx_hal_tim.c.obj
                0x08002d08                HAL_TIM_PWM_PulseFinishedCallback
 .text.HAL_TIM_TriggerCallback
                0x08002d0a        0x2 CMakeFiles/car_project1.elf.dir/Drivers/STM32F1xx_HAL_Driver/Src/stm32f1xx_hal_tim.c.obj
                0x08002d0a                HAL_TIM_TriggerCallback
 .text.HAL_TIM_IRQHandler
                0x08002d0c      0x15e CMakeFiles/car_project1.elf.dir/Drivers/STM32F1xx_HAL_Driver/Src/stm32f1xx_hal_tim.c.obj
                0x08002d0c                HAL_TIM_IRQHandler
 *fill*         0x08002e6a        0x2 
 .text.TIM_Base_SetConfig
                0x08002e6c       0x84 CMakeFiles/car_project1.elf.dir/Drivers/STM32F1xx_HAL_Driver/Src/stm32f1xx_hal_tim.c.obj
                0x08002e6c                TIM_Base_SetConfig
 .text.HAL_TIM_Base_Init
                0x08002ef0       0x58 CMakeFiles/car_project1.elf.dir/Drivers/STM32F1xx_HAL_Driver/Src/stm32f1xx_hal_tim.c.obj
                0x08002ef0                HAL_TIM_Base_Init
 .text.HAL_TIM_PWM_Init
                0x08002f48       0x58 CMakeFiles/car_project1.elf.dir/Drivers/STM32F1xx_HAL_Driver/Src/stm32f1xx_hal_tim.c.obj
                0x08002f48                HAL_TIM_PWM_Init
 .text.TIM_OC2_SetConfig
                0x08002fa0       0x64 CMakeFiles/car_project1.elf.dir/Drivers/STM32F1xx_HAL_Driver/Src/stm32f1xx_hal_tim.c.obj
                0x08002fa0                TIM_OC2_SetConfig
 .text.HAL_TIM_PWM_ConfigChannel
                0x08003004       0xdc CMakeFiles/car_project1.elf.dir/Drivers/STM32F1xx_HAL_Driver/Src/stm32f1xx_hal_tim.c.obj
                0x08003004                HAL_TIM_PWM_ConfigChannel
 .text.TIM_CCxChannelCmd
                0x080030e0       0x1e CMakeFiles/car_project1.elf.dir/Drivers/STM32F1xx_HAL_Driver/Src/stm32f1xx_hal_tim.c.obj
                0x080030e0                TIM_CCxChannelCmd
 *fill*         0x080030fe        0x2 
 .text.HAL_TIM_PWM_Start
                0x08003100       0xdc CMakeFiles/car_project1.elf.dir/Drivers/STM32F1xx_HAL_Driver/Src/stm32f1xx_hal_tim.c.obj
                0x08003100                HAL_TIM_PWM_Start
 .text.HAL_TIMEx_MasterConfigSynchronization
                0x080031dc       0x6c CMakeFiles/car_project1.elf.dir/Drivers/STM32F1xx_HAL_Driver/Src/stm32f1xx_hal_tim_ex.c.obj
                0x080031dc                HAL_TIMEx_MasterConfigSynchronization
 .text.HAL_TIMEx_CommutCallback
                0x08003248        0x2 CMakeFiles/car_project1.elf.dir/Drivers/STM32F1xx_HAL_Driver/Src/stm32f1xx_hal_tim_ex.c.obj
                0x08003248                HAL_TIMEx_CommutCallback
 .text.HAL_TIMEx_BreakCallback
                0x0800324a        0x2 CMakeFiles/car_project1.elf.dir/Drivers/STM32F1xx_HAL_Driver/Src/stm32f1xx_hal_tim_ex.c.obj
                0x0800324a                HAL_TIMEx_BreakCallback
 .text.UART_SetConfig
                0x0800324c       0x94 CMakeFiles/car_project1.elf.dir/Drivers/STM32F1xx_HAL_Driver/Src/stm32f1xx_hal_uart.c.obj
 .text.HAL_UART_Init
                0x080032e0       0x60 CMakeFiles/car_project1.elf.dir/Drivers/STM32F1xx_HAL_Driver/Src/stm32f1xx_hal_uart.c.obj
                0x080032e0                HAL_UART_Init
 .text.makeFreeRtosPriority
                0x08003340        0xc CMakeFiles/car_project1.elf.dir/Middlewares/Third_Party/FreeRTOS/Source/CMSIS_RTOS/cmsis_os.c.obj
 .text.osKernelStart
                0x0800334c        0xa CMakeFiles/car_project1.elf.dir/Middlewares/Third_Party/FreeRTOS/Source/CMSIS_RTOS/cmsis_os.c.obj
                0x0800334c                osKernelStart
 .text.osThreadCreate
                0x08003356       0x6a CMakeFiles/car_project1.elf.dir/Middlewares/Third_Party/FreeRTOS/Source/CMSIS_RTOS/cmsis_os.c.obj
                0x08003356                osThreadCreate
 .text.osDelay  0x080033c0        0xe CMakeFiles/car_project1.elf.dir/Middlewares/Third_Party/FreeRTOS/Source/CMSIS_RTOS/cmsis_os.c.obj
                0x080033c0                osDelay
 .text.vListInitialise
                0x080033ce       0x16 CMakeFiles/car_project1.elf.dir/Middlewares/Third_Party/FreeRTOS/Source/list.c.obj
                0x080033ce                vListInitialise
 .text.vListInitialiseItem
                0x080033e4        0x6 CMakeFiles/car_project1.elf.dir/Middlewares/Third_Party/FreeRTOS/Source/list.c.obj
                0x080033e4                vListInitialiseItem
 .text.vListInsertEnd
                0x080033ea       0x16 CMakeFiles/car_project1.elf.dir/Middlewares/Third_Party/FreeRTOS/Source/list.c.obj
                0x080033ea                vListInsertEnd
 .text.vListInsert
                0x08003400       0x32 CMakeFiles/car_project1.elf.dir/Middlewares/Third_Party/FreeRTOS/Source/list.c.obj
                0x08003400                vListInsert
 .text.uxListRemove
                0x08003432       0x26 CMakeFiles/car_project1.elf.dir/Middlewares/Third_Party/FreeRTOS/Source/list.c.obj
                0x08003432                uxListRemove
 .text.prvTaskExitError
                0x08003458       0x40 CMakeFiles/car_project1.elf.dir/Middlewares/Third_Party/FreeRTOS/Source/portable/GCC/ARM_CM3/port.c.obj
 .text.prvPortStartFirstTask
                0x08003498       0x20 CMakeFiles/car_project1.elf.dir/Middlewares/Third_Party/FreeRTOS/Source/portable/GCC/ARM_CM3/port.c.obj
 .text.pxPortInitialiseStack
                0x080034b8       0x24 CMakeFiles/car_project1.elf.dir/Middlewares/Third_Party/FreeRTOS/Source/portable/GCC/ARM_CM3/port.c.obj
                0x080034b8                pxPortInitialiseStack
 *fill*         0x080034dc        0x4 
 .text.SVC_Handler
                0x080034e0       0x24 CMakeFiles/car_project1.elf.dir/Middlewares/Third_Party/FreeRTOS/Source/portable/GCC/ARM_CM3/port.c.obj
                0x080034e0                SVC_Handler
 .text.vPortEnterCritical
                0x08003504       0x44 CMakeFiles/car_project1.elf.dir/Middlewares/Third_Party/FreeRTOS/Source/portable/GCC/ARM_CM3/port.c.obj
                0x08003504                vPortEnterCritical
 .text.vPortExitCritical
                0x08003548       0x2c CMakeFiles/car_project1.elf.dir/Middlewares/Third_Party/FreeRTOS/Source/portable/GCC/ARM_CM3/port.c.obj
                0x08003548                vPortExitCritical
 *fill*         0x08003574        0xc 
 .text.PendSV_Handler
                0x08003580       0x44 CMakeFiles/car_project1.elf.dir/Middlewares/Third_Party/FreeRTOS/Source/portable/GCC/ARM_CM3/port.c.obj
                0x08003580                PendSV_Handler
 .text.SysTick_Handler
                0x080035c4       0x2c CMakeFiles/car_project1.elf.dir/Middlewares/Third_Party/FreeRTOS/Source/portable/GCC/ARM_CM3/port.c.obj
                0x080035c4                SysTick_Handler
 .text.vPortSetupTimerInterrupt
                0x080035f0       0x28 CMakeFiles/car_project1.elf.dir/Middlewares/Third_Party/FreeRTOS/Source/portable/GCC/ARM_CM3/port.c.obj
                0x080035f0                vPortSetupTimerInterrupt
 .text.xPortStartScheduler
                0x08003618       0xc0 CMakeFiles/car_project1.elf.dir/Middlewares/Third_Party/FreeRTOS/Source/portable/GCC/ARM_CM3/port.c.obj
                0x08003618                xPortStartScheduler
 .text.prvHeapInit
                0x080036d8       0x64 CMakeFiles/car_project1.elf.dir/Middlewares/Third_Party/FreeRTOS/Source/portable/MemMang/heap_4.c.obj
 .text.prvInsertBlockIntoFreeList
                0x0800373c       0x60 CMakeFiles/car_project1.elf.dir/Middlewares/Third_Party/FreeRTOS/Source/portable/MemMang/heap_4.c.obj
 .text.pvPortMalloc
                0x0800379c       0xfc CMakeFiles/car_project1.elf.dir/Middlewares/Third_Party/FreeRTOS/Source/portable/MemMang/heap_4.c.obj
                0x0800379c                pvPortMalloc
 .text.vPortFree
                0x08003898       0x7c CMakeFiles/car_project1.elf.dir/Middlewares/Third_Party/FreeRTOS/Source/portable/MemMang/heap_4.c.obj
                0x08003898                vPortFree
 .text.prvResetNextTaskUnblockTime
                0x08003914       0x2c CMakeFiles/car_project1.elf.dir/Middlewares/Third_Party/FreeRTOS/Source/tasks.c.obj
 .text.prvInitialiseNewTask
                0x08003940       0xa2 CMakeFiles/car_project1.elf.dir/Middlewares/Third_Party/FreeRTOS/Source/tasks.c.obj
 *fill*         0x080039e2        0x2 
 .text.prvInitialiseTaskLists
                0x080039e4       0x68 CMakeFiles/car_project1.elf.dir/Middlewares/Third_Party/FreeRTOS/Source/tasks.c.obj
 .text.prvAddNewTaskToReadyList
                0x08003a4c       0xa8 CMakeFiles/car_project1.elf.dir/Middlewares/Third_Party/FreeRTOS/Source/tasks.c.obj
 .text.prvDeleteTCB
                0x08003af4       0x38 CMakeFiles/car_project1.elf.dir/Middlewares/Third_Party/FreeRTOS/Source/tasks.c.obj
 .text.prvCheckTasksWaitingTermination
                0x08003b2c       0x4c CMakeFiles/car_project1.elf.dir/Middlewares/Third_Party/FreeRTOS/Source/tasks.c.obj
 .text.prvIdleTask
                0x08003b78       0x28 CMakeFiles/car_project1.elf.dir/Middlewares/Third_Party/FreeRTOS/Source/tasks.c.obj
 .text.prvAddCurrentTaskToDelayedList
                0x08003ba0       0x98 CMakeFiles/car_project1.elf.dir/Middlewares/Third_Party/FreeRTOS/Source/tasks.c.obj
 .text.xTaskCreateStatic
                0x08003c38       0x76 CMakeFiles/car_project1.elf.dir/Middlewares/Third_Party/FreeRTOS/Source/tasks.c.obj
                0x08003c38                xTaskCreateStatic
 .text.xTaskCreate
                0x08003cae       0x68 CMakeFiles/car_project1.elf.dir/Middlewares/Third_Party/FreeRTOS/Source/tasks.c.obj
                0x08003cae                xTaskCreate
 *fill*         0x08003d16        0x2 
 .text.vTaskStartScheduler
                0x08003d18       0x74 CMakeFiles/car_project1.elf.dir/Middlewares/Third_Party/FreeRTOS/Source/tasks.c.obj
                0x08003d18                vTaskStartScheduler
 .text.vTaskSuspendAll
                0x08003d8c       0x10 CMakeFiles/car_project1.elf.dir/Middlewares/Third_Party/FreeRTOS/Source/tasks.c.obj
                0x08003d8c                vTaskSuspendAll
 .text.xTaskIncrementTick
                0x08003d9c      0x118 CMakeFiles/car_project1.elf.dir/Middlewares/Third_Party/FreeRTOS/Source/tasks.c.obj
                0x08003d9c                xTaskIncrementTick
 .text.xTaskResumeAll
                0x08003eb4       0xf8 CMakeFiles/car_project1.elf.dir/Middlewares/Third_Party/FreeRTOS/Source/tasks.c.obj
                0x08003eb4                xTaskResumeAll
 .text.vTaskDelay
                0x08003fac       0x4c CMakeFiles/car_project1.elf.dir/Middlewares/Third_Party/FreeRTOS/Source/tasks.c.obj
                0x08003fac                vTaskDelay
 .text.vTaskSwitchContext
                0x08003ff8       0x98 CMakeFiles/car_project1.elf.dir/Middlewares/Third_Party/FreeRTOS/Source/tasks.c.obj
                0x08003ff8                vTaskSwitchContext
 .text.SR04_Measure
                0x08004090      0x11c CMakeFiles/car_project1.elf.dir/modules/Src/SR04.c.obj
                0x08004090                SR04_Measure
 .text.dwt_init
                0x080041ac       0x40 CMakeFiles/car_project1.elf.dir/modules/Src/dwt.c.obj
                0x080041ac                dwt_init
 .text.dwt_systime_update
                0x080041ec       0x28 CMakeFiles/car_project1.elf.dir/modules/Src/dwt.c.obj
                0x080041ec                dwt_systime_update
 .text.dwt_get_time_us
                0x08004214       0x28 CMakeFiles/car_project1.elf.dir/modules/Src/dwt.c.obj
                0x08004214                dwt_get_time_us
 .text.dwt_delay_us
                0x0800423c       0x20 CMakeFiles/car_project1.elf.dir/modules/Src/dwt.c.obj
                0x0800423c                dwt_delay_us
 .text.Key_Init
                0x0800425c        0xc CMakeFiles/car_project1.elf.dir/modules/Src/key.c.obj
                0x0800425c                Key_Init
 .text.Key_Update
                0x08004268       0x90 CMakeFiles/car_project1.elf.dir/modules/Src/key.c.obj
                0x08004268                Key_Update
 .text.Motor_SetLQSpeed
                0x080042f8       0x44 CMakeFiles/car_project1.elf.dir/modules/Src/motor.c.obj
                0x080042f8                Motor_SetLQSpeed
 .text.Motor_SetLHSpeed
                0x0800433c       0x54 CMakeFiles/car_project1.elf.dir/modules/Src/motor.c.obj
                0x0800433c                Motor_SetLHSpeed
 .text.Motor_SetRQSpeed
                0x08004390       0x44 CMakeFiles/car_project1.elf.dir/modules/Src/motor.c.obj
                0x08004390                Motor_SetRQSpeed
 .text.Motor_SetRHSpeed
                0x080043d4       0x44 CMakeFiles/car_project1.elf.dir/modules/Src/motor.c.obj
                0x080043d4                Motor_SetRHSpeed
 .text.Car_direction_change
                0x08004418       0x80 CMakeFiles/car_project1.elf.dir/modules/Src/motor.c.obj
                0x08004418                Car_direction_change
 .text.Car_move
                0x08004498       0x1c CMakeFiles/car_project1.elf.dir/modules/Src/motor.c.obj
                0x08004498                Car_move
 .text.Music_Play_Start
                0x080044b4       0x48 CMakeFiles/car_project1.elf.dir/modules/Src/music.c.obj
                0x080044b4                Music_Play_Start
 .text.Music_Play_Update
                0x080044fc       0xf8 CMakeFiles/car_project1.elf.dir/modules/Src/music.c.obj
                0x080044fc                Music_Play_Update
 .text.OLED_I2C_Init
                0x080045f4       0x34 CMakeFiles/car_project1.elf.dir/modules/Src/oled.c.obj
                0x080045f4                OLED_I2C_Init
 .text.OLED_I2C_Start
                0x08004628       0x54 CMakeFiles/car_project1.elf.dir/modules/Src/oled.c.obj
                0x08004628                OLED_I2C_Start
 .text.OLED_I2C_Stop
                0x0800467c       0x40 CMakeFiles/car_project1.elf.dir/modules/Src/oled.c.obj
                0x0800467c                OLED_I2C_Stop
 .text.OLED_I2C_SendByte
                0x080046bc       0x78 CMakeFiles/car_project1.elf.dir/modules/Src/oled.c.obj
                0x080046bc                OLED_I2C_SendByte
 .text.OLED_WriteCommand
                0x08004734       0x20 CMakeFiles/car_project1.elf.dir/modules/Src/oled.c.obj
                0x08004734                OLED_WriteCommand
 .text.OLED_WriteData
                0x08004754       0x20 CMakeFiles/car_project1.elf.dir/modules/Src/oled.c.obj
                0x08004754                OLED_WriteData
 .text.OLED_SetCursor
                0x08004774       0x20 CMakeFiles/car_project1.elf.dir/modules/Src/oled.c.obj
                0x08004774                OLED_SetCursor
 .text.OLED_Clear
                0x08004794       0x2c CMakeFiles/car_project1.elf.dir/modules/Src/oled.c.obj
                0x08004794                OLED_Clear
 .text.OLED_Init
                0x080047c0       0xae CMakeFiles/car_project1.elf.dir/modules/Src/oled.c.obj
                0x080047c0                OLED_Init
 .text.pid_init
                0x0800486e        0xe CMakeFiles/car_project1.elf.dir/modules/Src/pid.c.obj
                0x0800486e                pid_init
 .text.pid_calculate
                0x0800487c       0xa4 CMakeFiles/car_project1.elf.dir/modules/Src/pid.c.obj
                0x0800487c                pid_calculate
 .text.__libc_init_array
                0x08004920       0x48 d:/stm32environment/arm/bin/../lib/gcc/arm-none-eabi/10.3.1/../../../../arm-none-eabi/lib/thumb/v7-m/nofp\libg.a(lib_a-init.o)
                0x08004920                __libc_init_array
 .text.memset   0x08004968       0xa4 d:/stm32environment/arm/bin/../lib/gcc/arm-none-eabi/10.3.1/../../../../arm-none-eabi/lib/thumb/v7-m/nofp\libg.a(lib_a-memset.o)
                0x08004968                memset
 .text.startup.register_fini
                0x08004a0c       0x14 d:/stm32environment/arm/bin/../lib/gcc/arm-none-eabi/10.3.1/../../../../arm-none-eabi/lib/thumb/v7-m/nofp\libg.a(lib_a-__call_atexit.o)
 .text.atexit   0x08004a20        0xc d:/stm32environment/arm/bin/../lib/gcc/arm-none-eabi/10.3.1/../../../../arm-none-eabi/lib/thumb/v7-m/nofp\libg.a(lib_a-atexit.o)
                0x08004a20                atexit
 .text.__libc_fini_array
                0x08004a2c       0x2c d:/stm32environment/arm/bin/../lib/gcc/arm-none-eabi/10.3.1/../../../../arm-none-eabi/lib/thumb/v7-m/nofp\libg.a(lib_a-fini.o)
                0x08004a2c                __libc_fini_array
 .text.__retarget_lock_acquire_recursive
                0x08004a58        0x4 d:/stm32environment/arm/bin/../lib/gcc/arm-none-eabi/10.3.1/../../../../arm-none-eabi/lib/thumb/v7-m/nofp\libg.a(lib_a-lock.o)
                0x08004a58                __retarget_lock_acquire_recursive
 .text.__retarget_lock_release_recursive
                0x08004a5c        0x4 d:/stm32environment/arm/bin/../lib/gcc/arm-none-eabi/10.3.1/../../../../arm-none-eabi/lib/thumb/v7-m/nofp\libg.a(lib_a-lock.o)
                0x08004a5c                __retarget_lock_release_recursive
 .text.__register_exitproc
                0x08004a60       0x8c d:/stm32environment/arm/bin/../lib/gcc/arm-none-eabi/10.3.1/../../../../arm-none-eabi/lib/thumb/v7-m/nofp\libg.a(lib_a-__atexit.o)
                0x08004a60                __register_exitproc
 *(.glue_7)
 .glue_7        0x08004aec        0x0 linker stubs
 *(.glue_7t)
 .glue_7t       0x08004aec        0x0 linker stubs
 *(.eh_frame)
 .eh_frame      0x08004aec        0x0 d:/stm32environment/arm/bin/../lib/gcc/arm-none-eabi/10.3.1/thumb/v7-m/nofp/crtbegin.o
 *(.init)
 .init          0x08004aec        0x4 d:/stm32environment/arm/bin/../lib/gcc/arm-none-eabi/10.3.1/thumb/v7-m/nofp/crti.o
                0x08004aec                _init
 .init          0x08004af0        0x8 d:/stm32environment/arm/bin/../lib/gcc/arm-none-eabi/10.3.1/thumb/v7-m/nofp/crtn.o
 *(.fini)
 .fini          0x08004af8        0x4 d:/stm32environment/arm/bin/../lib/gcc/arm-none-eabi/10.3.1/thumb/v7-m/nofp/crti.o
                0x08004af8                _fini
 .fini          0x08004afc        0x8 d:/stm32environment/arm/bin/../lib/gcc/arm-none-eabi/10.3.1/thumb/v7-m/nofp/crtn.o
                0x08004b04                . = ALIGN (0x4)
                0x08004b04                _etext = .

.vfp11_veneer   0x08004b04        0x0
 .vfp11_veneer  0x08004b04        0x0 linker stubs

.v4_bx          0x08004b04        0x0
 .v4_bx         0x08004b04        0x0 linker stubs

.iplt           0x08004b04        0x0
 .iplt          0x08004b04        0x0 d:/stm32environment/arm/bin/../lib/gcc/arm-none-eabi/10.3.1/thumb/v7-m/nofp/crtbegin.o

.rodata         0x08004b04      0x984
                0x08004b04                . = ALIGN (0x4)
 *(.rodata)
 .rodata        0x08004b04       0x38 CMakeFiles/car_project1.elf.dir/Core/Src/freertos.c.obj
 *(.rodata*)
 .rodata.str1.4
                0x08004b3c       0x15 CMakeFiles/car_project1.elf.dir/Core/Src/freertos.c.obj
 *fill*         0x08004b51        0x3 
 .rodata.val_table.0
                0x08004b54       0x20 CMakeFiles/car_project1.elf.dir/Core/Src/freertos.c.obj
 .rodata.AHBPrescTable
                0x08004b74       0x10 CMakeFiles/car_project1.elf.dir/Core/Src/system_stm32f1xx.c.obj
                0x08004b74                AHBPrescTable
 .rodata.APBPrescTable
                0x08004b84        0x8 CMakeFiles/car_project1.elf.dir/Core/Src/system_stm32f1xx.c.obj
                0x08004b84                APBPrescTable
 .rodata.aPLLMULFactorTable.1
                0x08004b8c       0x10 CMakeFiles/car_project1.elf.dir/Drivers/STM32F1xx_HAL_Driver/Src/stm32f1xx_hal_rcc.c.obj
 .rodata.aPredivFactorTable.0
                0x08004b9c        0x2 CMakeFiles/car_project1.elf.dir/Drivers/STM32F1xx_HAL_Driver/Src/stm32f1xx_hal_rcc.c.obj
 *fill*         0x08004b9e        0x2 
 .rodata.aPLLMULFactorTable.1
                0x08004ba0       0x10 CMakeFiles/car_project1.elf.dir/Drivers/STM32F1xx_HAL_Driver/Src/stm32f1xx_hal_rcc_ex.c.obj
 .rodata.aPredivFactorTable.0
                0x08004bb0        0x2 CMakeFiles/car_project1.elf.dir/Drivers/STM32F1xx_HAL_Driver/Src/stm32f1xx_hal_rcc_ex.c.obj
 *fill*         0x08004bb2        0x2 
 .rodata.vTaskStartScheduler.str1.4
                0x08004bb4        0x5 CMakeFiles/car_project1.elf.dir/Middlewares/Third_Party/FreeRTOS/Source/tasks.c.obj
 *fill*         0x08004bb9        0x1 
 .rodata.SPIRITED_AWAY_LEN
                0x08004bba        0x2 CMakeFiles/car_project1.elf.dir/modules/Src/music.c.obj
                0x08004bba                SPIRITED_AWAY_LEN
 .rodata.Spirited_Away
                0x08004bbc      0x7c8 CMakeFiles/car_project1.elf.dir/modules/Src/music.c.obj
                0x08004bbc                Spirited_Away
 .rodata.midiFreq_table
                0x08005384      0x100 CMakeFiles/car_project1.elf.dir/modules/Src/music.c.obj
 .rodata._global_impure_ptr
                0x08005484        0x4 d:/stm32environment/arm/bin/../lib/gcc/arm-none-eabi/10.3.1/../../../../arm-none-eabi/lib/thumb/v7-m/nofp\libg.a(lib_a-impure.o)
                0x08005484                _global_impure_ptr
                0x08005488                . = ALIGN (0x4)

.ARM.extab      0x08005488        0x0
                0x08005488                . = ALIGN (0x4)
 *(.ARM.extab* .gnu.linkonce.armextab.*)
                0x08005488                . = ALIGN (0x4)

.ARM            0x08005488        0x8
                0x08005488                . = ALIGN (0x4)
                0x08005488                __exidx_start = .
 *(.ARM.exidx*)
 .ARM.exidx     0x08005488        0x8 d:/stm32environment/arm/bin/../lib/gcc/arm-none-eabi/10.3.1/thumb/v7-m/nofp\libgcc.a(_udivmoddi4.o)
                0x08005490                __exidx_end = .
                0x08005490                . = ALIGN (0x4)

.rel.dyn        0x08005490        0x0
 .rel.iplt      0x08005490        0x0 d:/stm32environment/arm/bin/../lib/gcc/arm-none-eabi/10.3.1/thumb/v7-m/nofp/crtbegin.o

.preinit_array  0x08005490        0x0
                0x08005490                . = ALIGN (0x4)
                0x08005490                PROVIDE (__preinit_array_start = .)
 *(.preinit_array*)
                0x08005490                PROVIDE (__preinit_array_end = .)
                0x08005490                . = ALIGN (0x4)

.init_array     0x08005490        0x8
                0x08005490                . = ALIGN (0x4)
                0x08005490                PROVIDE (__init_array_start = .)
 *(SORT_BY_NAME(.init_array.*))
 .init_array.00000
                0x08005490        0x4 d:/stm32environment/arm/bin/../lib/gcc/arm-none-eabi/10.3.1/../../../../arm-none-eabi/lib/thumb/v7-m/nofp\libg.a(lib_a-__call_atexit.o)
 *(.init_array*)
 .init_array    0x08005494        0x4 d:/stm32environment/arm/bin/../lib/gcc/arm-none-eabi/10.3.1/thumb/v7-m/nofp/crtbegin.o
                0x08005498                PROVIDE (__init_array_end = .)
                0x08005498                . = ALIGN (0x4)

.fini_array     0x08005498        0x4
                0x08005498                . = ALIGN (0x4)
                0x08005498                PROVIDE (__fini_array_start = .)
 *(SORT_BY_NAME(.fini_array.*))
 *(.fini_array*)
 .fini_array    0x08005498        0x4 d:/stm32environment/arm/bin/../lib/gcc/arm-none-eabi/10.3.1/thumb/v7-m/nofp/crtbegin.o
                0x0800549c                PROVIDE (__fini_array_end = .)
                0x0800549c                . = ALIGN (0x4)
                0x0800549c                _sidata = LOADADDR (.data)

.data           0x20000000      0x454 load address 0x0800549c
                0x20000000                . = ALIGN (0x4)
                0x20000000                _sdata = .
 *(.data)
 *(.data*)
 .data.SystemCoreClock
                0x20000000        0x4 CMakeFiles/car_project1.elf.dir/Core/Src/system_stm32f1xx.c.obj
                0x20000000                SystemCoreClock
 .data.uwTickFreq
                0x20000004        0x1 CMakeFiles/car_project1.elf.dir/Drivers/STM32F1xx_HAL_Driver/Src/stm32f1xx_hal.c.obj
                0x20000004                uwTickFreq
 *fill*         0x20000005        0x3 
 .data.uwTickPrio
                0x20000008        0x4 CMakeFiles/car_project1.elf.dir/Drivers/STM32F1xx_HAL_Driver/Src/stm32f1xx_hal.c.obj
                0x20000008                uwTickPrio
 .data.uxCriticalNesting
                0x2000000c        0x4 CMakeFiles/car_project1.elf.dir/Middlewares/Third_Party/FreeRTOS/Source/portable/GCC/ARM_CM3/port.c.obj
 .data.cpu_freq_mhz
                0x20000010        0x4 CMakeFiles/car_project1.elf.dir/modules/Src/dwt.c.obj
 .data.Key1     0x20000014       0x10 CMakeFiles/car_project1.elf.dir/modules/Src/key.c.obj
                0x20000014                Key1
 *fill*         0x20000024        0x4 
 .data.impure_data
                0x20000028      0x428 d:/stm32environment/arm/bin/../lib/gcc/arm-none-eabi/10.3.1/../../../../arm-none-eabi/lib/thumb/v7-m/nofp\libg.a(lib_a-impure.o)
 .data.__atexit_recursive_mutex
                0x20000450        0x4 d:/stm32environment/arm/bin/../lib/gcc/arm-none-eabi/10.3.1/../../../../arm-none-eabi/lib/thumb/v7-m/nofp\libg.a(lib_a-__call_atexit.o)
                0x20000450                __atexit_recursive_mutex
 *(.RamFunc)
 *(.RamFunc*)
                0x20000454                . = ALIGN (0x4)
                0x20000454                _edata = .

.igot.plt       0x20000454        0x0 load address 0x080058f0
 .igot.plt      0x20000454        0x0 d:/stm32environment/arm/bin/../lib/gcc/arm-none-eabi/10.3.1/thumb/v7-m/nofp/crtbegin.o
                0x20000454                . = ALIGN (0x4)

.bss            0x20000454     0x127c load address 0x080058f0
                0x20000454                _sbss = .
                0x20000454                __bss_start__ = _sbss
 *(.bss)
 .bss           0x20000454       0x1c d:/stm32environment/arm/bin/../lib/gcc/arm-none-eabi/10.3.1/thumb/v7-m/nofp/crtbegin.o
 *(.bss*)
 .bss.hadc1     0x20000470       0x30 CMakeFiles/car_project1.elf.dir/Core/Src/adc.c.obj
                0x20000470                hadc1
 .bss.hdma_adc1
                0x200004a0       0x44 CMakeFiles/car_project1.elf.dir/Core/Src/adc.c.obj
                0x200004a0                hdma_adc1
 .bss.ADC_Value
                0x200004e4        0xa CMakeFiles/car_project1.elf.dir/Core/Src/freertos.c.obj
 *fill*         0x200004ee        0x2 
 .bss.Basic_vel
                0x200004f0        0x4 CMakeFiles/car_project1.elf.dir/Core/Src/freertos.c.obj
 .bss.car_stop_flag
                0x200004f4        0x1 CMakeFiles/car_project1.elf.dir/Core/Src/freertos.c.obj
                0x200004f4                car_stop_flag
 *fill*         0x200004f5        0x3 
 .bss.chassis_taskHandle
                0x200004f8        0x4 CMakeFiles/car_project1.elf.dir/Core/Src/freertos.c.obj
                0x200004f8                chassis_taskHandle
 .bss.detect_current
                0x200004fc        0x1 CMakeFiles/car_project1.elf.dir/Core/Src/freertos.c.obj
 .bss.detect_detect_lost
                0x200004fd        0x1 CMakeFiles/car_project1.elf.dir/Core/Src/freertos.c.obj
                0x200004fd                detect_detect_lost
 *fill*         0x200004fe        0x2 
 .bss.detect_value_current
                0x20000500        0x4 CMakeFiles/car_project1.elf.dir/Core/Src/freertos.c.obj
 .bss.distance  0x20000504        0x2 CMakeFiles/car_project1.elf.dir/Core/Src/freertos.c.obj
 *fill*         0x20000506        0x2 
 .bss.left_speed
                0x20000508        0x4 CMakeFiles/car_project1.elf.dir/Core/Src/freertos.c.obj
                0x20000508                left_speed
 .bss.move_start_flag
                0x2000050c        0x1 CMakeFiles/car_project1.elf.dir/Core/Src/freertos.c.obj
                0x2000050c                move_start_flag
 *fill*         0x2000050d        0x3 
 .bss.move_stop_flag
                0x20000510        0x4 CMakeFiles/car_project1.elf.dir/Core/Src/freertos.c.obj
 .bss.music_triggered.1
                0x20000514        0x1 CMakeFiles/car_project1.elf.dir/Core/Src/freertos.c.obj
 *fill*         0x20000515        0x3 
 .bss.right_speed
                0x20000518        0x4 CMakeFiles/car_project1.elf.dir/Core/Src/freertos.c.obj
                0x20000518                right_speed
 .bss.sensorHandle
                0x2000051c        0x4 CMakeFiles/car_project1.elf.dir/Core/Src/freertos.c.obj
                0x2000051c                sensorHandle
 .bss.target_value
                0x20000520        0x4 CMakeFiles/car_project1.elf.dir/Core/Src/freertos.c.obj
 .bss.track_pid
                0x20000524       0x14 CMakeFiles/car_project1.elf.dir/Core/Src/freertos.c.obj
                0x20000524                track_pid
 .bss.xIdleStack
                0x20000538      0x200 CMakeFiles/car_project1.elf.dir/Core/Src/freertos.c.obj
 .bss.xIdleTaskTCBBuffer
                0x20000738       0x54 CMakeFiles/car_project1.elf.dir/Core/Src/freertos.c.obj
 .bss.hspi1     0x2000078c       0x58 CMakeFiles/car_project1.elf.dir/Core/Src/spi.c.obj
                0x2000078c                hspi1
 .bss.htim1     0x200007e4       0x48 CMakeFiles/car_project1.elf.dir/Core/Src/stm32f1xx_hal_timebase_tim.c.obj
                0x200007e4                htim1
 .bss.htim2     0x2000082c       0x48 CMakeFiles/car_project1.elf.dir/Core/Src/tim.c.obj
                0x2000082c                htim2
 .bss.htim3     0x20000874       0x48 CMakeFiles/car_project1.elf.dir/Core/Src/tim.c.obj
                0x20000874                htim3
 .bss.htim4     0x200008bc       0x48 CMakeFiles/car_project1.elf.dir/Core/Src/tim.c.obj
                0x200008bc                htim4
 .bss.huart1    0x20000904       0x48 CMakeFiles/car_project1.elf.dir/Core/Src/usart.c.obj
                0x20000904                huart1
 .bss.uwTick    0x2000094c        0x4 CMakeFiles/car_project1.elf.dir/Drivers/STM32F1xx_HAL_Driver/Src/stm32f1xx_hal.c.obj
                0x2000094c                uwTick
 .bss.ucMaxSysCallPriority
                0x20000950        0x1 CMakeFiles/car_project1.elf.dir/Middlewares/Third_Party/FreeRTOS/Source/portable/GCC/ARM_CM3/port.c.obj
 *fill*         0x20000951        0x3 
 .bss.ulMaxPRIGROUPValue
                0x20000954        0x4 CMakeFiles/car_project1.elf.dir/Middlewares/Third_Party/FreeRTOS/Source/portable/GCC/ARM_CM3/port.c.obj
 .bss.pxEnd     0x20000958        0x4 CMakeFiles/car_project1.elf.dir/Middlewares/Third_Party/FreeRTOS/Source/portable/MemMang/heap_4.c.obj
 .bss.ucHeap    0x2000095c      0xc00 CMakeFiles/car_project1.elf.dir/Middlewares/Third_Party/FreeRTOS/Source/portable/MemMang/heap_4.c.obj
 .bss.xBlockAllocatedBit
                0x2000155c        0x4 CMakeFiles/car_project1.elf.dir/Middlewares/Third_Party/FreeRTOS/Source/portable/MemMang/heap_4.c.obj
 .bss.xFreeBytesRemaining
                0x20001560        0x4 CMakeFiles/car_project1.elf.dir/Middlewares/Third_Party/FreeRTOS/Source/portable/MemMang/heap_4.c.obj
 .bss.xMinimumEverFreeBytesRemaining
                0x20001564        0x4 CMakeFiles/car_project1.elf.dir/Middlewares/Third_Party/FreeRTOS/Source/portable/MemMang/heap_4.c.obj
 .bss.xNumberOfSuccessfulAllocations
                0x20001568        0x4 CMakeFiles/car_project1.elf.dir/Middlewares/Third_Party/FreeRTOS/Source/portable/MemMang/heap_4.c.obj
 .bss.xNumberOfSuccessfulFrees
                0x2000156c        0x4 CMakeFiles/car_project1.elf.dir/Middlewares/Third_Party/FreeRTOS/Source/portable/MemMang/heap_4.c.obj
 .bss.xStart    0x20001570        0x8 CMakeFiles/car_project1.elf.dir/Middlewares/Third_Party/FreeRTOS/Source/portable/MemMang/heap_4.c.obj
 .bss.pxCurrentTCB
                0x20001578        0x4 CMakeFiles/car_project1.elf.dir/Middlewares/Third_Party/FreeRTOS/Source/tasks.c.obj
                0x20001578                pxCurrentTCB
 .bss.pxDelayedTaskList
                0x2000157c        0x4 CMakeFiles/car_project1.elf.dir/Middlewares/Third_Party/FreeRTOS/Source/tasks.c.obj
 .bss.pxOverflowDelayedTaskList
                0x20001580        0x4 CMakeFiles/car_project1.elf.dir/Middlewares/Third_Party/FreeRTOS/Source/tasks.c.obj
 .bss.pxReadyTasksLists
                0x20001584       0x8c CMakeFiles/car_project1.elf.dir/Middlewares/Third_Party/FreeRTOS/Source/tasks.c.obj
 .bss.uxCurrentNumberOfTasks
                0x20001610        0x4 CMakeFiles/car_project1.elf.dir/Middlewares/Third_Party/FreeRTOS/Source/tasks.c.obj
 .bss.uxDeletedTasksWaitingCleanUp
                0x20001614        0x4 CMakeFiles/car_project1.elf.dir/Middlewares/Third_Party/FreeRTOS/Source/tasks.c.obj
 .bss.uxSchedulerSuspended
                0x20001618        0x4 CMakeFiles/car_project1.elf.dir/Middlewares/Third_Party/FreeRTOS/Source/tasks.c.obj
 .bss.uxTaskNumber
                0x2000161c        0x4 CMakeFiles/car_project1.elf.dir/Middlewares/Third_Party/FreeRTOS/Source/tasks.c.obj
 .bss.uxTopReadyPriority
                0x20001620        0x4 CMakeFiles/car_project1.elf.dir/Middlewares/Third_Party/FreeRTOS/Source/tasks.c.obj
 .bss.xDelayedTaskList1
                0x20001624       0x14 CMakeFiles/car_project1.elf.dir/Middlewares/Third_Party/FreeRTOS/Source/tasks.c.obj
 .bss.xDelayedTaskList2
                0x20001638       0x14 CMakeFiles/car_project1.elf.dir/Middlewares/Third_Party/FreeRTOS/Source/tasks.c.obj
 .bss.xIdleTaskHandle
                0x2000164c        0x4 CMakeFiles/car_project1.elf.dir/Middlewares/Third_Party/FreeRTOS/Source/tasks.c.obj
 .bss.xNextTaskUnblockTime
                0x20001650        0x4 CMakeFiles/car_project1.elf.dir/Middlewares/Third_Party/FreeRTOS/Source/tasks.c.obj
 .bss.xNumOfOverflows
                0x20001654        0x4 CMakeFiles/car_project1.elf.dir/Middlewares/Third_Party/FreeRTOS/Source/tasks.c.obj
 .bss.xPendedTicks
                0x20001658        0x4 CMakeFiles/car_project1.elf.dir/Middlewares/Third_Party/FreeRTOS/Source/tasks.c.obj
 .bss.xPendingReadyList
                0x2000165c       0x14 CMakeFiles/car_project1.elf.dir/Middlewares/Third_Party/FreeRTOS/Source/tasks.c.obj
 .bss.xSchedulerRunning
                0x20001670        0x4 CMakeFiles/car_project1.elf.dir/Middlewares/Third_Party/FreeRTOS/Source/tasks.c.obj
 .bss.xSuspendedTaskList
                0x20001674       0x14 CMakeFiles/car_project1.elf.dir/Middlewares/Third_Party/FreeRTOS/Source/tasks.c.obj
 .bss.xTasksWaitingTermination
                0x20001688       0x14 CMakeFiles/car_project1.elf.dir/Middlewares/Third_Party/FreeRTOS/Source/tasks.c.obj
 .bss.xTickCount
                0x2000169c        0x4 CMakeFiles/car_project1.elf.dir/Middlewares/Third_Party/FreeRTOS/Source/tasks.c.obj
 .bss.xYieldPending
                0x200016a0        0x4 CMakeFiles/car_project1.elf.dir/Middlewares/Third_Party/FreeRTOS/Source/tasks.c.obj
 .bss.cyccnt_last
                0x200016a4        0x4 CMakeFiles/car_project1.elf.dir/modules/Src/dwt.c.obj
 .bss.cyccnt_over_flow
                0x200016a8        0x4 CMakeFiles/car_project1.elf.dir/modules/Src/dwt.c.obj
 .bss.music_nb  0x200016ac       0x20 CMakeFiles/car_project1.elf.dir/modules/Src/music.c.obj
 .bss.__lock___atexit_recursive_mutex
                0x200016cc        0x1 d:/stm32environment/arm/bin/../lib/gcc/arm-none-eabi/10.3.1/../../../../arm-none-eabi/lib/thumb/v7-m/nofp\libg.a(lib_a-lock.o)
                0x200016cc                __lock___atexit_recursive_mutex
 *(COMMON)
                0x200016d0                . = ALIGN (0x4)
 *fill*         0x200016cd        0x3 
                0x200016d0                _ebss = .
                0x200016d0                __bss_end__ = _ebss

._user_heap_stack
                0x200016d0      0x600 load address 0x080058f0
                0x200016d0                . = ALIGN (0x8)
                [!provide]                PROVIDE (end = .)
                0x200016d0                PROVIDE (_end = .)
                0x200018d0                . = (. + _Min_Heap_Size)
 *fill*         0x200016d0      0x200 
                0x20001cd0                . = (. + _Min_Stack_Size)
 *fill*         0x200018d0      0x400 
                0x20001cd0                . = ALIGN (0x8)

/DISCARD/
 libc.a(*)
 libm.a(*)
 libgcc.a(*)

.ARM.attributes
                0x00000000       0x29
 *(.ARM.attributes)
 .ARM.attributes
                0x00000000       0x1d d:/stm32environment/arm/bin/../lib/gcc/arm-none-eabi/10.3.1/thumb/v7-m/nofp/crti.o
 .ARM.attributes
                0x0000001d       0x2d d:/stm32environment/arm/bin/../lib/gcc/arm-none-eabi/10.3.1/thumb/v7-m/nofp/crtbegin.o
 .ARM.attributes
                0x0000004a       0x2d CMakeFiles/car_project1.elf.dir/Core/Src/adc.c.obj
 .ARM.attributes
                0x00000077       0x2d CMakeFiles/car_project1.elf.dir/Core/Src/dma.c.obj
 .ARM.attributes
                0x000000a4       0x2d CMakeFiles/car_project1.elf.dir/Core/Src/freertos.c.obj
 .ARM.attributes
                0x000000d1       0x2d CMakeFiles/car_project1.elf.dir/Core/Src/gpio.c.obj
 .ARM.attributes
                0x000000fe       0x2d CMakeFiles/car_project1.elf.dir/Core/Src/main.c.obj
 .ARM.attributes
                0x0000012b       0x2d CMakeFiles/car_project1.elf.dir/Core/Src/spi.c.obj
 .ARM.attributes
                0x00000158       0x2d CMakeFiles/car_project1.elf.dir/Core/Src/stm32f1xx_hal_msp.c.obj
 .ARM.attributes
                0x00000185       0x2d CMakeFiles/car_project1.elf.dir/Core/Src/stm32f1xx_hal_timebase_tim.c.obj
 .ARM.attributes
                0x000001b2       0x2d CMakeFiles/car_project1.elf.dir/Core/Src/stm32f1xx_it.c.obj
 .ARM.attributes
                0x000001df       0x2d CMakeFiles/car_project1.elf.dir/Core/Src/system_stm32f1xx.c.obj
 .ARM.attributes
                0x0000020c       0x2d CMakeFiles/car_project1.elf.dir/Core/Src/tim.c.obj
 .ARM.attributes
                0x00000239       0x2d CMakeFiles/car_project1.elf.dir/Core/Src/usart.c.obj
 .ARM.attributes
                0x00000266       0x21 CMakeFiles/car_project1.elf.dir/Core/Startup/startup_stm32f103c8tx.s.obj
 .ARM.attributes
                0x00000287       0x2d CMakeFiles/car_project1.elf.dir/Drivers/STM32F1xx_HAL_Driver/Src/stm32f1xx_hal.c.obj
 .ARM.attributes
                0x000002b4       0x2d CMakeFiles/car_project1.elf.dir/Drivers/STM32F1xx_HAL_Driver/Src/stm32f1xx_hal_adc.c.obj
 .ARM.attributes
                0x000002e1       0x2d CMakeFiles/car_project1.elf.dir/Drivers/STM32F1xx_HAL_Driver/Src/stm32f1xx_hal_adc_ex.c.obj
 .ARM.attributes
                0x0000030e       0x2d CMakeFiles/car_project1.elf.dir/Drivers/STM32F1xx_HAL_Driver/Src/stm32f1xx_hal_cortex.c.obj
 .ARM.attributes
                0x0000033b       0x2d CMakeFiles/car_project1.elf.dir/Drivers/STM32F1xx_HAL_Driver/Src/stm32f1xx_hal_dma.c.obj
 .ARM.attributes
                0x00000368       0x2d CMakeFiles/car_project1.elf.dir/Drivers/STM32F1xx_HAL_Driver/Src/stm32f1xx_hal_gpio.c.obj
 .ARM.attributes
                0x00000395       0x2d CMakeFiles/car_project1.elf.dir/Drivers/STM32F1xx_HAL_Driver/Src/stm32f1xx_hal_rcc.c.obj
 .ARM.attributes
                0x000003c2       0x2d CMakeFiles/car_project1.elf.dir/Drivers/STM32F1xx_HAL_Driver/Src/stm32f1xx_hal_rcc_ex.c.obj
 .ARM.attributes
                0x000003ef       0x2d CMakeFiles/car_project1.elf.dir/Drivers/STM32F1xx_HAL_Driver/Src/stm32f1xx_hal_spi.c.obj
 .ARM.attributes
                0x0000041c       0x2d CMakeFiles/car_project1.elf.dir/Drivers/STM32F1xx_HAL_Driver/Src/stm32f1xx_hal_tim.c.obj
 .ARM.attributes
                0x00000449       0x2d CMakeFiles/car_project1.elf.dir/Drivers/STM32F1xx_HAL_Driver/Src/stm32f1xx_hal_tim_ex.c.obj
 .ARM.attributes
                0x00000476       0x2d CMakeFiles/car_project1.elf.dir/Drivers/STM32F1xx_HAL_Driver/Src/stm32f1xx_hal_uart.c.obj
 .ARM.attributes
                0x000004a3       0x2d CMakeFiles/car_project1.elf.dir/Middlewares/Third_Party/FreeRTOS/Source/CMSIS_RTOS/cmsis_os.c.obj
 .ARM.attributes
                0x000004d0       0x2d CMakeFiles/car_project1.elf.dir/Middlewares/Third_Party/FreeRTOS/Source/list.c.obj
 .ARM.attributes
                0x000004fd       0x2d CMakeFiles/car_project1.elf.dir/Middlewares/Third_Party/FreeRTOS/Source/portable/GCC/ARM_CM3/port.c.obj
 .ARM.attributes
                0x0000052a       0x2d CMakeFiles/car_project1.elf.dir/Middlewares/Third_Party/FreeRTOS/Source/portable/MemMang/heap_4.c.obj
 .ARM.attributes
                0x00000557       0x2d CMakeFiles/car_project1.elf.dir/Middlewares/Third_Party/FreeRTOS/Source/tasks.c.obj
 .ARM.attributes
                0x00000584       0x2d CMakeFiles/car_project1.elf.dir/modules/Src/SR04.c.obj
 .ARM.attributes
                0x000005b1       0x2d CMakeFiles/car_project1.elf.dir/modules/Src/dwt.c.obj
 .ARM.attributes
                0x000005de       0x2d CMakeFiles/car_project1.elf.dir/modules/Src/key.c.obj
 .ARM.attributes
                0x0000060b       0x2d CMakeFiles/car_project1.elf.dir/modules/Src/motor.c.obj
 .ARM.attributes
                0x00000638       0x2d CMakeFiles/car_project1.elf.dir/modules/Src/music.c.obj
 .ARM.attributes
                0x00000665       0x2d CMakeFiles/car_project1.elf.dir/modules/Src/oled.c.obj
 .ARM.attributes
                0x00000692       0x2d CMakeFiles/car_project1.elf.dir/modules/Src/pid.c.obj
 .ARM.attributes
                0x000006bf       0x1d d:/stm32environment/arm/bin/../lib/gcc/arm-none-eabi/10.3.1/thumb/v7-m/nofp\libgcc.a(_arm_addsubsf3.o)
 .ARM.attributes
                0x000006dc       0x1d d:/stm32environment/arm/bin/../lib/gcc/arm-none-eabi/10.3.1/thumb/v7-m/nofp\libgcc.a(_arm_muldivsf3.o)
 .ARM.attributes
                0x000006f9       0x1d d:/stm32environment/arm/bin/../lib/gcc/arm-none-eabi/10.3.1/thumb/v7-m/nofp\libgcc.a(_arm_cmpsf2.o)
 .ARM.attributes
                0x00000716       0x1d d:/stm32environment/arm/bin/../lib/gcc/arm-none-eabi/10.3.1/thumb/v7-m/nofp\libgcc.a(_arm_fixsfsi.o)
 .ARM.attributes
                0x00000733       0x1d d:/stm32environment/arm/bin/../lib/gcc/arm-none-eabi/10.3.1/thumb/v7-m/nofp\libgcc.a(_aeabi_uldivmod.o)
 .ARM.attributes
                0x00000750       0x2d d:/stm32environment/arm/bin/../lib/gcc/arm-none-eabi/10.3.1/thumb/v7-m/nofp\libgcc.a(_udivmoddi4.o)
 .ARM.attributes
                0x0000077d       0x1d d:/stm32environment/arm/bin/../lib/gcc/arm-none-eabi/10.3.1/thumb/v7-m/nofp\libgcc.a(_dvmd_tls.o)
 .ARM.attributes
                0x0000079a       0x2d d:/stm32environment/arm/bin/../lib/gcc/arm-none-eabi/10.3.1/../../../../arm-none-eabi/lib/thumb/v7-m/nofp\libg.a(lib_a-impure.o)
 .ARM.attributes
                0x000007c7       0x2d d:/stm32environment/arm/bin/../lib/gcc/arm-none-eabi/10.3.1/../../../../arm-none-eabi/lib/thumb/v7-m/nofp\libg.a(lib_a-init.o)
 .ARM.attributes
                0x000007f4       0x2d d:/stm32environment/arm/bin/../lib/gcc/arm-none-eabi/10.3.1/../../../../arm-none-eabi/lib/thumb/v7-m/nofp\libg.a(lib_a-memset.o)
 .ARM.attributes
                0x00000821       0x2d d:/stm32environment/arm/bin/../lib/gcc/arm-none-eabi/10.3.1/../../../../arm-none-eabi/lib/thumb/v7-m/nofp\libg.a(lib_a-__call_atexit.o)
 .ARM.attributes
                0x0000084e       0x2d d:/stm32environment/arm/bin/../lib/gcc/arm-none-eabi/10.3.1/../../../../arm-none-eabi/lib/thumb/v7-m/nofp\libg.a(lib_a-atexit.o)
 .ARM.attributes
                0x0000087b       0x2d d:/stm32environment/arm/bin/../lib/gcc/arm-none-eabi/10.3.1/../../../../arm-none-eabi/lib/thumb/v7-m/nofp\libg.a(lib_a-fini.o)
 .ARM.attributes
                0x000008a8       0x2d d:/stm32environment/arm/bin/../lib/gcc/arm-none-eabi/10.3.1/../../../../arm-none-eabi/lib/thumb/v7-m/nofp\libg.a(lib_a-lock.o)
 .ARM.attributes
                0x000008d5       0x2d d:/stm32environment/arm/bin/../lib/gcc/arm-none-eabi/10.3.1/../../../../arm-none-eabi/lib/thumb/v7-m/nofp\libg.a(lib_a-__atexit.o)
 .ARM.attributes
                0x00000902       0x1d d:/stm32environment/arm/bin/../lib/gcc/arm-none-eabi/10.3.1/thumb/v7-m/nofp/crtn.o
OUTPUT(car_project1.elf elf32-littlearm)
LOAD linker stubs
LOAD d:/stm32environment/arm/bin/../lib/gcc/arm-none-eabi/10.3.1/../../../../arm-none-eabi/lib/thumb/v7-m/nofp\libc.a
LOAD d:/stm32environment/arm/bin/../lib/gcc/arm-none-eabi/10.3.1/../../../../arm-none-eabi/lib/thumb/v7-m/nofp\libm.a
LOAD d:/stm32environment/arm/bin/../lib/gcc/arm-none-eabi/10.3.1/thumb/v7-m/nofp\libgcc.a

.debug_info     0x00000000    0x1f79b
 .debug_info    0x00000000      0x955 CMakeFiles/car_project1.elf.dir/Core/Src/adc.c.obj
 .debug_info    0x00000955      0x2f4 CMakeFiles/car_project1.elf.dir/Core/Src/dma.c.obj
 .debug_info    0x00000c49     0x11fc CMakeFiles/car_project1.elf.dir/Core/Src/freertos.c.obj
 .debug_info    0x00001e45      0x3d7 CMakeFiles/car_project1.elf.dir/Core/Src/gpio.c.obj
 .debug_info    0x0000221c      0xde9 CMakeFiles/car_project1.elf.dir/Core/Src/main.c.obj
 .debug_info    0x00003005      0x87e CMakeFiles/car_project1.elf.dir/Core/Src/spi.c.obj
 .debug_info    0x00003883      0x387 CMakeFiles/car_project1.elf.dir/Core/Src/stm32f1xx_hal_msp.c.obj
 .debug_info    0x00003c0a      0xa31 CMakeFiles/car_project1.elf.dir/Core/Src/stm32f1xx_hal_timebase_tim.c.obj
 .debug_info    0x0000463b      0x713 CMakeFiles/car_project1.elf.dir/Core/Src/stm32f1xx_it.c.obj
 .debug_info    0x00004d4e      0x248 CMakeFiles/car_project1.elf.dir/Core/Src/system_stm32f1xx.c.obj
 .debug_info    0x00004f96     0x1011 CMakeFiles/car_project1.elf.dir/Core/Src/tim.c.obj
 .debug_info    0x00005fa7      0x855 CMakeFiles/car_project1.elf.dir/Core/Src/usart.c.obj
 .debug_info    0x000067fc       0x22 CMakeFiles/car_project1.elf.dir/Core/Startup/startup_stm32f103c8tx.s.obj
 .debug_info    0x0000681e      0x7a8 CMakeFiles/car_project1.elf.dir/Drivers/STM32F1xx_HAL_Driver/Src/stm32f1xx_hal.c.obj
 .debug_info    0x00006fc6      0xf3f CMakeFiles/car_project1.elf.dir/Drivers/STM32F1xx_HAL_Driver/Src/stm32f1xx_hal_adc.c.obj
 .debug_info    0x00007f05      0xc40 CMakeFiles/car_project1.elf.dir/Drivers/STM32F1xx_HAL_Driver/Src/stm32f1xx_hal_adc_ex.c.obj
 .debug_info    0x00008b45      0xd8a CMakeFiles/car_project1.elf.dir/Drivers/STM32F1xx_HAL_Driver/Src/stm32f1xx_hal_cortex.c.obj
 .debug_info    0x000098cf      0x84b CMakeFiles/car_project1.elf.dir/Drivers/STM32F1xx_HAL_Driver/Src/stm32f1xx_hal_dma.c.obj
 .debug_info    0x0000a11a      0x66f CMakeFiles/car_project1.elf.dir/Drivers/STM32F1xx_HAL_Driver/Src/stm32f1xx_hal_gpio.c.obj
 .debug_info    0x0000a789      0xa3b CMakeFiles/car_project1.elf.dir/Drivers/STM32F1xx_HAL_Driver/Src/stm32f1xx_hal_rcc.c.obj
 .debug_info    0x0000b1c4      0x449 CMakeFiles/car_project1.elf.dir/Drivers/STM32F1xx_HAL_Driver/Src/stm32f1xx_hal_rcc_ex.c.obj
 .debug_info    0x0000b60d     0x1c88 CMakeFiles/car_project1.elf.dir/Drivers/STM32F1xx_HAL_Driver/Src/stm32f1xx_hal_spi.c.obj
 .debug_info    0x0000d295     0x3d7c CMakeFiles/car_project1.elf.dir/Drivers/STM32F1xx_HAL_Driver/Src/stm32f1xx_hal_tim.c.obj
 .debug_info    0x00011011     0x1abb CMakeFiles/car_project1.elf.dir/Drivers/STM32F1xx_HAL_Driver/Src/stm32f1xx_hal_tim_ex.c.obj
 .debug_info    0x00012acc     0x4115 CMakeFiles/car_project1.elf.dir/Drivers/STM32F1xx_HAL_Driver/Src/stm32f1xx_hal_uart.c.obj
 .debug_info    0x00016be1     0x222b CMakeFiles/car_project1.elf.dir/Middlewares/Third_Party/FreeRTOS/Source/CMSIS_RTOS/cmsis_os.c.obj
 .debug_info    0x00018e0c      0x2e0 CMakeFiles/car_project1.elf.dir/Middlewares/Third_Party/FreeRTOS/Source/list.c.obj
 .debug_info    0x000190ec      0x52b CMakeFiles/car_project1.elf.dir/Middlewares/Third_Party/FreeRTOS/Source/portable/GCC/ARM_CM3/port.c.obj
 .debug_info    0x00019617      0x5d9 CMakeFiles/car_project1.elf.dir/Middlewares/Third_Party/FreeRTOS/Source/portable/MemMang/heap_4.c.obj
 .debug_info    0x00019bf0     0x2971 CMakeFiles/car_project1.elf.dir/Middlewares/Third_Party/FreeRTOS/Source/tasks.c.obj
 .debug_info    0x0001c561      0x585 CMakeFiles/car_project1.elf.dir/modules/Src/SR04.c.obj
 .debug_info    0x0001cae6      0x636 CMakeFiles/car_project1.elf.dir/modules/Src/dwt.c.obj
 .debug_info    0x0001d11c      0x2b3 CMakeFiles/car_project1.elf.dir/modules/Src/key.c.obj
 .debug_info    0x0001d3cf      0xb78 CMakeFiles/car_project1.elf.dir/modules/Src/motor.c.obj
 .debug_info    0x0001df47      0x926 CMakeFiles/car_project1.elf.dir/modules/Src/music.c.obj
 .debug_info    0x0001e86d      0xdb0 CMakeFiles/car_project1.elf.dir/modules/Src/oled.c.obj
 .debug_info    0x0001f61d      0x17e CMakeFiles/car_project1.elf.dir/modules/Src/pid.c.obj

.debug_abbrev   0x00000000     0x486e
 .debug_abbrev  0x00000000      0x1c9 CMakeFiles/car_project1.elf.dir/Core/Src/adc.c.obj
 .debug_abbrev  0x000001c9      0x114 CMakeFiles/car_project1.elf.dir/Core/Src/dma.c.obj
 .debug_abbrev  0x000002dd      0x276 CMakeFiles/car_project1.elf.dir/Core/Src/freertos.c.obj
 .debug_abbrev  0x00000553      0x13c CMakeFiles/car_project1.elf.dir/Core/Src/gpio.c.obj
 .debug_abbrev  0x0000068f      0x217 CMakeFiles/car_project1.elf.dir/Core/Src/main.c.obj
 .debug_abbrev  0x000008a6      0x1c8 CMakeFiles/car_project1.elf.dir/Core/Src/spi.c.obj
 .debug_abbrev  0x00000a6e      0x12d CMakeFiles/car_project1.elf.dir/Core/Src/stm32f1xx_hal_msp.c.obj
 .debug_abbrev  0x00000b9b      0x1ff CMakeFiles/car_project1.elf.dir/Core/Src/stm32f1xx_hal_timebase_tim.c.obj
 .debug_abbrev  0x00000d9a      0x179 CMakeFiles/car_project1.elf.dir/Core/Src/stm32f1xx_it.c.obj
 .debug_abbrev  0x00000f13      0x13e CMakeFiles/car_project1.elf.dir/Core/Src/system_stm32f1xx.c.obj
 .debug_abbrev  0x00001051      0x258 CMakeFiles/car_project1.elf.dir/Core/Src/tim.c.obj
 .debug_abbrev  0x000012a9      0x1c8 CMakeFiles/car_project1.elf.dir/Core/Src/usart.c.obj
 .debug_abbrev  0x00001471       0x12 CMakeFiles/car_project1.elf.dir/Core/Startup/startup_stm32f103c8tx.s.obj
 .debug_abbrev  0x00001483      0x1f4 CMakeFiles/car_project1.elf.dir/Drivers/STM32F1xx_HAL_Driver/Src/stm32f1xx_hal.c.obj
 .debug_abbrev  0x00001677      0x1fc CMakeFiles/car_project1.elf.dir/Drivers/STM32F1xx_HAL_Driver/Src/stm32f1xx_hal_adc.c.obj
 .debug_abbrev  0x00001873      0x248 CMakeFiles/car_project1.elf.dir/Drivers/STM32F1xx_HAL_Driver/Src/stm32f1xx_hal_adc_ex.c.obj
 .debug_abbrev  0x00001abb      0x341 CMakeFiles/car_project1.elf.dir/Drivers/STM32F1xx_HAL_Driver/Src/stm32f1xx_hal_cortex.c.obj
 .debug_abbrev  0x00001dfc      0x223 CMakeFiles/car_project1.elf.dir/Drivers/STM32F1xx_HAL_Driver/Src/stm32f1xx_hal_dma.c.obj
 .debug_abbrev  0x0000201f      0x1e6 CMakeFiles/car_project1.elf.dir/Drivers/STM32F1xx_HAL_Driver/Src/stm32f1xx_hal_gpio.c.obj
 .debug_abbrev  0x00002205      0x27a CMakeFiles/car_project1.elf.dir/Drivers/STM32F1xx_HAL_Driver/Src/stm32f1xx_hal_rcc.c.obj
 .debug_abbrev  0x0000247f      0x1d2 CMakeFiles/car_project1.elf.dir/Drivers/STM32F1xx_HAL_Driver/Src/stm32f1xx_hal_rcc_ex.c.obj
 .debug_abbrev  0x00002651      0x233 CMakeFiles/car_project1.elf.dir/Drivers/STM32F1xx_HAL_Driver/Src/stm32f1xx_hal_spi.c.obj
 .debug_abbrev  0x00002884      0x245 CMakeFiles/car_project1.elf.dir/Drivers/STM32F1xx_HAL_Driver/Src/stm32f1xx_hal_tim.c.obj
 .debug_abbrev  0x00002ac9      0x248 CMakeFiles/car_project1.elf.dir/Drivers/STM32F1xx_HAL_Driver/Src/stm32f1xx_hal_tim_ex.c.obj
 .debug_abbrev  0x00002d11      0x2dd CMakeFiles/car_project1.elf.dir/Drivers/STM32F1xx_HAL_Driver/Src/stm32f1xx_hal_uart.c.obj
 .debug_abbrev  0x00002fee      0x35b CMakeFiles/car_project1.elf.dir/Middlewares/Third_Party/FreeRTOS/Source/CMSIS_RTOS/cmsis_os.c.obj
 .debug_abbrev  0x00003349      0x106 CMakeFiles/car_project1.elf.dir/Middlewares/Third_Party/FreeRTOS/Source/list.c.obj
 .debug_abbrev  0x0000344f      0x27e CMakeFiles/car_project1.elf.dir/Middlewares/Third_Party/FreeRTOS/Source/portable/GCC/ARM_CM3/port.c.obj
 .debug_abbrev  0x000036cd      0x24b CMakeFiles/car_project1.elf.dir/Middlewares/Third_Party/FreeRTOS/Source/portable/MemMang/heap_4.c.obj
 .debug_abbrev  0x00003918      0x313 CMakeFiles/car_project1.elf.dir/Middlewares/Third_Party/FreeRTOS/Source/tasks.c.obj
 .debug_abbrev  0x00003c2b      0x1ad CMakeFiles/car_project1.elf.dir/modules/Src/SR04.c.obj
 .debug_abbrev  0x00003dd8      0x175 CMakeFiles/car_project1.elf.dir/modules/Src/dwt.c.obj
 .debug_abbrev  0x00003f4d      0x180 CMakeFiles/car_project1.elf.dir/modules/Src/key.c.obj
 .debug_abbrev  0x000040cd      0x1d9 CMakeFiles/car_project1.elf.dir/modules/Src/motor.c.obj
 .debug_abbrev  0x000042a6      0x30f CMakeFiles/car_project1.elf.dir/modules/Src/music.c.obj
 .debug_abbrev  0x000045b5      0x1f5 CMakeFiles/car_project1.elf.dir/modules/Src/oled.c.obj
 .debug_abbrev  0x000047aa       0xc4 CMakeFiles/car_project1.elf.dir/modules/Src/pid.c.obj

.debug_loc      0x00000000    0x150ff
 .debug_loc     0x00000000       0x71 CMakeFiles/car_project1.elf.dir/Core/Src/adc.c.obj
 .debug_loc     0x00000071       0xae CMakeFiles/car_project1.elf.dir/Core/Src/freertos.c.obj
 .debug_loc     0x0000011f       0x42 CMakeFiles/car_project1.elf.dir/Core/Src/main.c.obj
 .debug_loc     0x00000161       0x84 CMakeFiles/car_project1.elf.dir/Core/Src/spi.c.obj
 .debug_loc     0x000001e5       0x15 CMakeFiles/car_project1.elf.dir/Core/Src/stm32f1xx_hal_msp.c.obj
 .debug_loc     0x000001fa       0xd0 CMakeFiles/car_project1.elf.dir/Core/Src/stm32f1xx_hal_timebase_tim.c.obj
 .debug_loc     0x000002ca       0xff CMakeFiles/car_project1.elf.dir/Core/Src/system_stm32f1xx.c.obj
 .debug_loc     0x000003c9      0x184 CMakeFiles/car_project1.elf.dir/Core/Src/tim.c.obj
 .debug_loc     0x0000054d       0x84 CMakeFiles/car_project1.elf.dir/Core/Src/usart.c.obj
 .debug_loc     0x000005d1      0x141 CMakeFiles/car_project1.elf.dir/Drivers/STM32F1xx_HAL_Driver/Src/stm32f1xx_hal.c.obj
 .debug_loc     0x00000712      0xb03 CMakeFiles/car_project1.elf.dir/Drivers/STM32F1xx_HAL_Driver/Src/stm32f1xx_hal_adc.c.obj
 .debug_loc     0x00001215      0x801 CMakeFiles/car_project1.elf.dir/Drivers/STM32F1xx_HAL_Driver/Src/stm32f1xx_hal_adc_ex.c.obj
 .debug_loc     0x00001a16      0x71f CMakeFiles/car_project1.elf.dir/Drivers/STM32F1xx_HAL_Driver/Src/stm32f1xx_hal_cortex.c.obj
 .debug_loc     0x00002135      0x7d1 CMakeFiles/car_project1.elf.dir/Drivers/STM32F1xx_HAL_Driver/Src/stm32f1xx_hal_dma.c.obj
 .debug_loc     0x00002906      0x47d CMakeFiles/car_project1.elf.dir/Drivers/STM32F1xx_HAL_Driver/Src/stm32f1xx_hal_gpio.c.obj
 .debug_loc     0x00002d83      0x618 CMakeFiles/car_project1.elf.dir/Drivers/STM32F1xx_HAL_Driver/Src/stm32f1xx_hal_rcc.c.obj
 .debug_loc     0x0000339b      0x43d CMakeFiles/car_project1.elf.dir/Drivers/STM32F1xx_HAL_Driver/Src/stm32f1xx_hal_rcc_ex.c.obj
 .debug_loc     0x000037d8     0x1b69 CMakeFiles/car_project1.elf.dir/Drivers/STM32F1xx_HAL_Driver/Src/stm32f1xx_hal_spi.c.obj
 .debug_loc     0x00005341     0x5124 CMakeFiles/car_project1.elf.dir/Drivers/STM32F1xx_HAL_Driver/Src/stm32f1xx_hal_tim.c.obj
 .debug_loc     0x0000a465     0x1c93 CMakeFiles/car_project1.elf.dir/Drivers/STM32F1xx_HAL_Driver/Src/stm32f1xx_hal_tim_ex.c.obj
 .debug_loc     0x0000c0f8     0x46bb CMakeFiles/car_project1.elf.dir/Drivers/STM32F1xx_HAL_Driver/Src/stm32f1xx_hal_uart.c.obj
 .debug_loc     0x000107b3     0x12e6 CMakeFiles/car_project1.elf.dir/Middlewares/Third_Party/FreeRTOS/Source/CMSIS_RTOS/cmsis_os.c.obj
 .debug_loc     0x00011a99       0xad CMakeFiles/car_project1.elf.dir/Middlewares/Third_Party/FreeRTOS/Source/list.c.obj
 .debug_loc     0x00011b46       0xe8 CMakeFiles/car_project1.elf.dir/Middlewares/Third_Party/FreeRTOS/Source/portable/GCC/ARM_CM3/port.c.obj
 .debug_loc     0x00011c2e      0x434 CMakeFiles/car_project1.elf.dir/Middlewares/Third_Party/FreeRTOS/Source/portable/MemMang/heap_4.c.obj
 .debug_loc     0x00012062     0x1e83 CMakeFiles/car_project1.elf.dir/Middlewares/Third_Party/FreeRTOS/Source/tasks.c.obj
 .debug_loc     0x00013ee5       0xc8 CMakeFiles/car_project1.elf.dir/modules/Src/SR04.c.obj
 .debug_loc     0x00013fad      0x28a CMakeFiles/car_project1.elf.dir/modules/Src/dwt.c.obj
 .debug_loc     0x00014237       0x50 CMakeFiles/car_project1.elf.dir/modules/Src/key.c.obj
 .debug_loc     0x00014287      0x435 CMakeFiles/car_project1.elf.dir/modules/Src/motor.c.obj
 .debug_loc     0x000146bc      0x304 CMakeFiles/car_project1.elf.dir/modules/Src/music.c.obj
 .debug_loc     0x000149c0      0x6fb CMakeFiles/car_project1.elf.dir/modules/Src/oled.c.obj
 .debug_loc     0x000150bb       0x44 CMakeFiles/car_project1.elf.dir/modules/Src/pid.c.obj

.debug_aranges  0x00000000     0x16c8
 .debug_aranges
                0x00000000       0x30 CMakeFiles/car_project1.elf.dir/Core/Src/adc.c.obj
 .debug_aranges
                0x00000030       0x20 CMakeFiles/car_project1.elf.dir/Core/Src/dma.c.obj
 .debug_aranges
                0x00000050       0x40 CMakeFiles/car_project1.elf.dir/Core/Src/freertos.c.obj
 .debug_aranges
                0x00000090       0x20 CMakeFiles/car_project1.elf.dir/Core/Src/gpio.c.obj
 .debug_aranges
                0x000000b0       0x38 CMakeFiles/car_project1.elf.dir/Core/Src/main.c.obj
 .debug_aranges
                0x000000e8       0x30 CMakeFiles/car_project1.elf.dir/Core/Src/spi.c.obj
 .debug_aranges
                0x00000118       0x20 CMakeFiles/car_project1.elf.dir/Core/Src/stm32f1xx_hal_msp.c.obj
 .debug_aranges
                0x00000138       0x30 CMakeFiles/car_project1.elf.dir/Core/Src/stm32f1xx_hal_timebase_tim.c.obj
 .debug_aranges
                0x00000168       0x60 CMakeFiles/car_project1.elf.dir/Core/Src/stm32f1xx_it.c.obj
 .debug_aranges
                0x000001c8       0x28 CMakeFiles/car_project1.elf.dir/Core/Src/system_stm32f1xx.c.obj
 .debug_aranges
                0x000001f0       0x48 CMakeFiles/car_project1.elf.dir/Core/Src/tim.c.obj
 .debug_aranges
                0x00000238       0x30 CMakeFiles/car_project1.elf.dir/Core/Src/usart.c.obj
 .debug_aranges
                0x00000268       0x28 CMakeFiles/car_project1.elf.dir/Core/Startup/startup_stm32f103c8tx.s.obj
 .debug_aranges
                0x00000290       0xe0 CMakeFiles/car_project1.elf.dir/Drivers/STM32F1xx_HAL_Driver/Src/stm32f1xx_hal.c.obj
 .debug_aranges
                0x00000370       0xf0 CMakeFiles/car_project1.elf.dir/Drivers/STM32F1xx_HAL_Driver/Src/stm32f1xx_hal_adc.c.obj
 .debug_aranges
                0x00000460       0x80 CMakeFiles/car_project1.elf.dir/Drivers/STM32F1xx_HAL_Driver/Src/stm32f1xx_hal_adc_ex.c.obj
 .debug_aranges
                0x000004e0       0x90 CMakeFiles/car_project1.elf.dir/Drivers/STM32F1xx_HAL_Driver/Src/stm32f1xx_hal_cortex.c.obj
 .debug_aranges
                0x00000570       0x80 CMakeFiles/car_project1.elf.dir/Drivers/STM32F1xx_HAL_Driver/Src/stm32f1xx_hal_dma.c.obj
 .debug_aranges
                0x000005f0       0x58 CMakeFiles/car_project1.elf.dir/Drivers/STM32F1xx_HAL_Driver/Src/stm32f1xx_hal_gpio.c.obj
 .debug_aranges
                0x00000648       0x90 CMakeFiles/car_project1.elf.dir/Drivers/STM32F1xx_HAL_Driver/Src/stm32f1xx_hal_rcc.c.obj
 .debug_aranges
                0x000006d8       0x30 CMakeFiles/car_project1.elf.dir/Drivers/STM32F1xx_HAL_Driver/Src/stm32f1xx_hal_rcc_ex.c.obj
 .debug_aranges
                0x00000708      0x1d0 CMakeFiles/car_project1.elf.dir/Drivers/STM32F1xx_HAL_Driver/Src/stm32f1xx_hal_spi.c.obj
 .debug_aranges
                0x000008d8      0x3d0 CMakeFiles/car_project1.elf.dir/Drivers/STM32F1xx_HAL_Driver/Src/stm32f1xx_hal_tim.c.obj
 .debug_aranges
                0x00000ca8      0x168 CMakeFiles/car_project1.elf.dir/Drivers/STM32F1xx_HAL_Driver/Src/stm32f1xx_hal_tim_ex.c.obj
 .debug_aranges
                0x00000e10      0x208 CMakeFiles/car_project1.elf.dir/Drivers/STM32F1xx_HAL_Driver/Src/stm32f1xx_hal_uart.c.obj
 .debug_aranges
                0x00001018      0x1d8 CMakeFiles/car_project1.elf.dir/Middlewares/Third_Party/FreeRTOS/Source/CMSIS_RTOS/cmsis_os.c.obj
 .debug_aranges
                0x000011f0       0x40 CMakeFiles/car_project1.elf.dir/Middlewares/Third_Party/FreeRTOS/Source/list.c.obj
 .debug_aranges
                0x00001230       0x78 CMakeFiles/car_project1.elf.dir/Middlewares/Third_Party/FreeRTOS/Source/portable/GCC/ARM_CM3/port.c.obj
 .debug_aranges
                0x000012a8       0x58 CMakeFiles/car_project1.elf.dir/Middlewares/Third_Party/FreeRTOS/Source/portable/MemMang/heap_4.c.obj
 .debug_aranges
                0x00001300      0x1b8 CMakeFiles/car_project1.elf.dir/Middlewares/Third_Party/FreeRTOS/Source/tasks.c.obj
 .debug_aranges
                0x000014b8       0x20 CMakeFiles/car_project1.elf.dir/modules/Src/SR04.c.obj
 .debug_aranges
                0x000014d8       0x68 CMakeFiles/car_project1.elf.dir/modules/Src/dwt.c.obj
 .debug_aranges
                0x00001540       0x30 CMakeFiles/car_project1.elf.dir/modules/Src/key.c.obj
 .debug_aranges
                0x00001570       0x58 CMakeFiles/car_project1.elf.dir/modules/Src/motor.c.obj
 .debug_aranges
                0x000015c8       0x40 CMakeFiles/car_project1.elf.dir/modules/Src/music.c.obj
 .debug_aranges
                0x00001608       0x98 CMakeFiles/car_project1.elf.dir/modules/Src/oled.c.obj
 .debug_aranges
                0x000016a0       0x28 CMakeFiles/car_project1.elf.dir/modules/Src/pid.c.obj

.debug_ranges   0x00000000     0x1668
 .debug_ranges  0x00000000       0x20 CMakeFiles/car_project1.elf.dir/Core/Src/adc.c.obj
 .debug_ranges  0x00000020       0x10 CMakeFiles/car_project1.elf.dir/Core/Src/dma.c.obj
 .debug_ranges  0x00000030       0x30 CMakeFiles/car_project1.elf.dir/Core/Src/freertos.c.obj
 .debug_ranges  0x00000060       0x10 CMakeFiles/car_project1.elf.dir/Core/Src/gpio.c.obj
 .debug_ranges  0x00000070       0x28 CMakeFiles/car_project1.elf.dir/Core/Src/main.c.obj
 .debug_ranges  0x00000098       0x20 CMakeFiles/car_project1.elf.dir/Core/Src/spi.c.obj
 .debug_ranges  0x000000b8       0x10 CMakeFiles/car_project1.elf.dir/Core/Src/stm32f1xx_hal_msp.c.obj
 .debug_ranges  0x000000c8       0x20 CMakeFiles/car_project1.elf.dir/Core/Src/stm32f1xx_hal_timebase_tim.c.obj
 .debug_ranges  0x000000e8       0x50 CMakeFiles/car_project1.elf.dir/Core/Src/stm32f1xx_it.c.obj
 .debug_ranges  0x00000138       0x18 CMakeFiles/car_project1.elf.dir/Core/Src/system_stm32f1xx.c.obj
 .debug_ranges  0x00000150       0x38 CMakeFiles/car_project1.elf.dir/Core/Src/tim.c.obj
 .debug_ranges  0x00000188       0x20 CMakeFiles/car_project1.elf.dir/Core/Src/usart.c.obj
 .debug_ranges  0x000001a8       0x20 CMakeFiles/car_project1.elf.dir/Core/Startup/startup_stm32f103c8tx.s.obj
 .debug_ranges  0x000001c8       0xd0 CMakeFiles/car_project1.elf.dir/Drivers/STM32F1xx_HAL_Driver/Src/stm32f1xx_hal.c.obj
 .debug_ranges  0x00000298       0xe0 CMakeFiles/car_project1.elf.dir/Drivers/STM32F1xx_HAL_Driver/Src/stm32f1xx_hal_adc.c.obj
 .debug_ranges  0x00000378       0x70 CMakeFiles/car_project1.elf.dir/Drivers/STM32F1xx_HAL_Driver/Src/stm32f1xx_hal_adc_ex.c.obj
 .debug_ranges  0x000003e8       0xe0 CMakeFiles/car_project1.elf.dir/Drivers/STM32F1xx_HAL_Driver/Src/stm32f1xx_hal_cortex.c.obj
 .debug_ranges  0x000004c8       0x70 CMakeFiles/car_project1.elf.dir/Drivers/STM32F1xx_HAL_Driver/Src/stm32f1xx_hal_dma.c.obj
 .debug_ranges  0x00000538       0x48 CMakeFiles/car_project1.elf.dir/Drivers/STM32F1xx_HAL_Driver/Src/stm32f1xx_hal_gpio.c.obj
 .debug_ranges  0x00000580       0xa0 CMakeFiles/car_project1.elf.dir/Drivers/STM32F1xx_HAL_Driver/Src/stm32f1xx_hal_rcc.c.obj
 .debug_ranges  0x00000620       0x38 CMakeFiles/car_project1.elf.dir/Drivers/STM32F1xx_HAL_Driver/Src/stm32f1xx_hal_rcc_ex.c.obj
 .debug_ranges  0x00000658      0x1c0 CMakeFiles/car_project1.elf.dir/Drivers/STM32F1xx_HAL_Driver/Src/stm32f1xx_hal_spi.c.obj
 .debug_ranges  0x00000818      0x3c0 CMakeFiles/car_project1.elf.dir/Drivers/STM32F1xx_HAL_Driver/Src/stm32f1xx_hal_tim.c.obj
 .debug_ranges  0x00000bd8      0x158 CMakeFiles/car_project1.elf.dir/Drivers/STM32F1xx_HAL_Driver/Src/stm32f1xx_hal_tim_ex.c.obj
 .debug_ranges  0x00000d30      0x210 CMakeFiles/car_project1.elf.dir/Drivers/STM32F1xx_HAL_Driver/Src/stm32f1xx_hal_uart.c.obj
 .debug_ranges  0x00000f40      0x1c8 CMakeFiles/car_project1.elf.dir/Middlewares/Third_Party/FreeRTOS/Source/CMSIS_RTOS/cmsis_os.c.obj
 .debug_ranges  0x00001108       0x30 CMakeFiles/car_project1.elf.dir/Middlewares/Third_Party/FreeRTOS/Source/list.c.obj
 .debug_ranges  0x00001138       0x68 CMakeFiles/car_project1.elf.dir/Middlewares/Third_Party/FreeRTOS/Source/portable/GCC/ARM_CM3/port.c.obj
 .debug_ranges  0x000011a0       0x48 CMakeFiles/car_project1.elf.dir/Middlewares/Third_Party/FreeRTOS/Source/portable/MemMang/heap_4.c.obj
 .debug_ranges  0x000011e8      0x280 CMakeFiles/car_project1.elf.dir/Middlewares/Third_Party/FreeRTOS/Source/tasks.c.obj
 .debug_ranges  0x00001468       0x10 CMakeFiles/car_project1.elf.dir/modules/Src/SR04.c.obj
 .debug_ranges  0x00001478       0x70 CMakeFiles/car_project1.elf.dir/modules/Src/dwt.c.obj
 .debug_ranges  0x000014e8       0x20 CMakeFiles/car_project1.elf.dir/modules/Src/key.c.obj
 .debug_ranges  0x00001508       0x48 CMakeFiles/car_project1.elf.dir/modules/Src/motor.c.obj
 .debug_ranges  0x00001550       0x78 CMakeFiles/car_project1.elf.dir/modules/Src/music.c.obj
 .debug_ranges  0x000015c8       0x88 CMakeFiles/car_project1.elf.dir/modules/Src/oled.c.obj
 .debug_ranges  0x00001650       0x18 CMakeFiles/car_project1.elf.dir/modules/Src/pid.c.obj

.debug_line     0x00000000    0x1a382
 .debug_line    0x00000000      0x3f8 CMakeFiles/car_project1.elf.dir/Core/Src/adc.c.obj
 .debug_line    0x000003f8      0x1aa CMakeFiles/car_project1.elf.dir/Core/Src/dma.c.obj
 .debug_line    0x000005a2      0x600 CMakeFiles/car_project1.elf.dir/Core/Src/freertos.c.obj
 .debug_line    0x00000ba2      0x272 CMakeFiles/car_project1.elf.dir/Core/Src/gpio.c.obj
 .debug_line    0x00000e14      0x4ff CMakeFiles/car_project1.elf.dir/Core/Src/main.c.obj
 .debug_line    0x00001313      0x338 CMakeFiles/car_project1.elf.dir/Core/Src/spi.c.obj
 .debug_line    0x0000164b      0x1c3 CMakeFiles/car_project1.elf.dir/Core/Src/stm32f1xx_hal_msp.c.obj
 .debug_line    0x0000180e      0x2f4 CMakeFiles/car_project1.elf.dir/Core/Src/stm32f1xx_hal_timebase_tim.c.obj
 .debug_line    0x00001b02      0x2d8 CMakeFiles/car_project1.elf.dir/Core/Src/stm32f1xx_it.c.obj
 .debug_line    0x00001dda      0x232 CMakeFiles/car_project1.elf.dir/Core/Src/system_stm32f1xx.c.obj
 .debug_line    0x0000200c      0x607 CMakeFiles/car_project1.elf.dir/Core/Src/tim.c.obj
 .debug_line    0x00002613      0x31d CMakeFiles/car_project1.elf.dir/Core/Src/usart.c.obj
 .debug_line    0x00002930       0xa2 CMakeFiles/car_project1.elf.dir/Core/Startup/startup_stm32f103c8tx.s.obj
 .debug_line    0x000029d2      0x558 CMakeFiles/car_project1.elf.dir/Drivers/STM32F1xx_HAL_Driver/Src/stm32f1xx_hal.c.obj
 .debug_line    0x00002f2a      0xef8 CMakeFiles/car_project1.elf.dir/Drivers/STM32F1xx_HAL_Driver/Src/stm32f1xx_hal_adc.c.obj
 .debug_line    0x00003e22      0xbe0 CMakeFiles/car_project1.elf.dir/Drivers/STM32F1xx_HAL_Driver/Src/stm32f1xx_hal_adc_ex.c.obj
 .debug_line    0x00004a02      0x644 CMakeFiles/car_project1.elf.dir/Drivers/STM32F1xx_HAL_Driver/Src/stm32f1xx_hal_cortex.c.obj
 .debug_line    0x00005046      0xa65 CMakeFiles/car_project1.elf.dir/Drivers/STM32F1xx_HAL_Driver/Src/stm32f1xx_hal_dma.c.obj
 .debug_line    0x00005aab      0x5ec CMakeFiles/car_project1.elf.dir/Drivers/STM32F1xx_HAL_Driver/Src/stm32f1xx_hal_gpio.c.obj
 .debug_line    0x00006097      0xc29 CMakeFiles/car_project1.elf.dir/Drivers/STM32F1xx_HAL_Driver/Src/stm32f1xx_hal_rcc.c.obj
 .debug_line    0x00006cc0      0x49e CMakeFiles/car_project1.elf.dir/Drivers/STM32F1xx_HAL_Driver/Src/stm32f1xx_hal_rcc_ex.c.obj
 .debug_line    0x0000715e     0x2623 CMakeFiles/car_project1.elf.dir/Drivers/STM32F1xx_HAL_Driver/Src/stm32f1xx_hal_spi.c.obj
 .debug_line    0x00009781     0x4977 CMakeFiles/car_project1.elf.dir/Drivers/STM32F1xx_HAL_Driver/Src/stm32f1xx_hal_tim.c.obj